  Determinando los proyectos que se van a restaurar...
C:\Users\Paloma\Desktop\VecindApp_Todo\BACKEND\REST_VECINDAPP\REST_VECINDAPP.csproj : warning NU1903: El paquete "MimeKit" 4.3.0 tiene una vulnerabilidad de gravedad alta conocida, https://github.com/advisories/GHSA-gmc6-fwg3-75m5 [C:\Users\Paloma\Desktop\VecindApp_Todo\BACKEND\REST_VECINDAPP\REST_VECINDAPP.sln]
  Todos los proyectos est├ín actualizados para la restauraci├│n.
C:\Users\Paloma\Desktop\VecindApp_Todo\BACKEND\REST_VECINDAPP\REST_VECINDAPP.csproj : warning NU1903: El paquete "MimeKit" 4.3.0 tiene una vulnerabilidad de gravedad alta conocida, https://github.com/advisories/GHSA-gmc6-fwg3-75m5
C:\Users\Paloma\Desktop\VecindApp_Todo\BACKEND\REST_VECINDAPP\CapaNegocios\cn_Administrador.cs(206,125): warning CS8625: No se puede convertir un literal NULL en un tipo de referencia que no acepta valores NULL. [C:\Users\Paloma\Desktop\VecindApp_Todo\BACKEND\REST_VECINDAPP\REST_VECINDAPP.csproj]
C:\Users\Paloma\Desktop\VecindApp_Todo\BACKEND\REST_VECINDAPP\CapaNegocios\cn_Directiva.cs(69,86): warning CS8625: No se puede convertir un literal NULL en un tipo de referencia que no acepta valores NULL. [C:\Users\Paloma\Desktop\VecindApp_Todo\BACKEND\REST_VECINDAPP\REST_VECINDAPP.csproj]
C:\Users\Paloma\Desktop\VecindApp_Todo\BACKEND\REST_VECINDAPP\Controllers\DirectivaController.cs(38,112): warning CS8625: No se puede convertir un literal NULL en un tipo de referencia que no acepta valores NULL. [C:\Users\Paloma\Desktop\VecindApp_Todo\BACKEND\REST_VECINDAPP\REST_VECINDAPP.csproj]
C:\Users\Paloma\Desktop\VecindApp_Todo\BACKEND\REST_VECINDAPP\Modelos\DTOs\EstadisticasResponse.cs(4,31): warning CS8618: El elemento propiedad "Estadisticas" que no acepta valores NULL debe contener un valor distinto de NULL al salir del constructor. Considere la posibilidad de agregar el modificador "required'"o declarar el propiedad como un valor que acepta valores NULL. [C:\Users\Paloma\Desktop\VecindApp_Todo\BACKEND\REST_VECINDAPP\REST_VECINDAPP.csproj]
C:\Users\Paloma\Desktop\VecindApp_Todo\BACKEND\REST_VECINDAPP\Modelos\DTOs\EstadisticasResponse.cs(5,28): warning CS8618: El elemento propiedad "UltimasActividades" que no acepta valores NULL debe contener un valor distinto de NULL al salir del constructor. Considere la posibilidad de agregar el modificador "required'"o declarar el propiedad como un valor que acepta valores NULL. [C:\Users\Paloma\Desktop\VecindApp_Todo\BACKEND\REST_VECINDAPP\REST_VECINDAPP.csproj]
C:\Users\Paloma\Desktop\VecindApp_Todo\BACKEND\REST_VECINDAPP\Modelos\EstadisticasSocios.cs(14,19): warning CS8618: El elemento propiedad "Titulo" que no acepta valores NULL debe contener un valor distinto de NULL al salir del constructor. Considere la posibilidad de agregar el modificador "required'"o declarar el propiedad como un valor que acepta valores NULL. [C:\Users\Paloma\Desktop\VecindApp_Todo\BACKEND\REST_VECINDAPP\REST_VECINDAPP.csproj]
C:\Users\Paloma\Desktop\VecindApp_Todo\BACKEND\REST_VECINDAPP\Modelos\EstadisticasSocios.cs(15,19): warning CS8618: El elemento propiedad "Descripcion" que no acepta valores NULL debe contener un valor distinto de NULL al salir del constructor. Considere la posibilidad de agregar el modificador "required'"o declarar el propiedad como un valor que acepta valores NULL. [C:\Users\Paloma\Desktop\VecindApp_Todo\BACKEND\REST_VECINDAPP\REST_VECINDAPP.csproj]
C:\Users\Paloma\Desktop\VecindApp_Todo\BACKEND\REST_VECINDAPP\Modelos\EstadisticasSocios.cs(17,19): warning CS8618: El elemento propiedad "Icono" que no acepta valores NULL debe contener un valor distinto de NULL al salir del constructor. Considere la posibilidad de agregar el modificador "required'"o declarar el propiedad como un valor que acepta valores NULL. [C:\Users\Paloma\Desktop\VecindApp_Todo\BACKEND\REST_VECINDAPP\REST_VECINDAPP.csproj]
C:\Users\Paloma\Desktop\VecindApp_Todo\BACKEND\REST_VECINDAPP\Modelos\EstadisticasSocios.cs(18,19): warning CS8618: El elemento propiedad "Color" que no acepta valores NULL debe contener un valor distinto de NULL al salir del constructor. Considere la posibilidad de agregar el modificador "required'"o declarar el propiedad como un valor que acepta valores NULL. [C:\Users\Paloma\Desktop\VecindApp_Todo\BACKEND\REST_VECINDAPP\REST_VECINDAPP.csproj]
C:\Users\Paloma\Desktop\VecindApp_Todo\BACKEND\REST_VECINDAPP\Modelos\DTOs\SocioHistorialDTO.cs(7,19): warning CS8618: El elemento propiedad "DvRut" que no acepta valores NULL debe contener un valor distinto de NULL al salir del constructor. Considere la posibilidad de agregar el modificador "required'"o declarar el propiedad como un valor que acepta valores NULL. [C:\Users\Paloma\Desktop\VecindApp_Todo\BACKEND\REST_VECINDAPP\REST_VECINDAPP.csproj]
C:\Users\Paloma\Desktop\VecindApp_Todo\BACKEND\REST_VECINDAPP\Modelos\DTOs\SocioHistorialDTO.cs(8,19): warning CS8618: El elemento propiedad "NombreCompleto" que no acepta valores NULL debe contener un valor distinto de NULL al salir del constructor. Considere la posibilidad de agregar el modificador "required'"o declarar el propiedad como un valor que acepta valores NULL. [C:\Users\Paloma\Desktop\VecindApp_Todo\BACKEND\REST_VECINDAPP\REST_VECINDAPP.csproj]
C:\Users\Paloma\Desktop\VecindApp_Todo\BACKEND\REST_VECINDAPP\Modelos\DTOs\SocioHistorialDTO.cs(9,19): warning CS8618: El elemento propiedad "Correo" que no acepta valores NULL debe contener un valor distinto de NULL al salir del constructor. Considere la posibilidad de agregar el modificador "required'"o declarar el propiedad como un valor que acepta valores NULL. [C:\Users\Paloma\Desktop\VecindApp_Todo\BACKEND\REST_VECINDAPP\REST_VECINDAPP.csproj]
C:\Users\Paloma\Desktop\VecindApp_Todo\BACKEND\REST_VECINDAPP\Modelos\DTOs\SocioHistorialDTO.cs(10,19): warning CS8618: El elemento propiedad "Telefono" que no acepta valores NULL debe contener un valor distinto de NULL al salir del constructor. Considere la posibilidad de agregar el modificador "required'"o declarar el propiedad como un valor que acepta valores NULL. [C:\Users\Paloma\Desktop\VecindApp_Todo\BACKEND\REST_VECINDAPP\REST_VECINDAPP.csproj]
C:\Users\Paloma\Desktop\VecindApp_Todo\BACKEND\REST_VECINDAPP\Modelos\DTOs\SocioHistorialDTO.cs(11,19): warning CS8618: El elemento propiedad "Direccion" que no acepta valores NULL debe contener un valor distinto de NULL al salir del constructor. Considere la posibilidad de agregar el modificador "required'"o declarar el propiedad como un valor que acepta valores NULL. [C:\Users\Paloma\Desktop\VecindApp_Todo\BACKEND\REST_VECINDAPP\REST_VECINDAPP.csproj]
C:\Users\Paloma\Desktop\VecindApp_Todo\BACKEND\REST_VECINDAPP\Servicios\EmailService.cs(47,56): warning CS8604: Posible argumento de referencia nulo para el par├ímetro "s" en "int int.Parse(string s)". [C:\Users\Paloma\Desktop\VecindApp_Todo\BACKEND\REST_VECINDAPP\REST_VECINDAPP.csproj]
C:\Users\Paloma\Desktop\VecindApp_Todo\BACKEND\REST_VECINDAPP\CapaNegocios\cn_Administrador.cs(154,45): warning CS8601: Posible asignaci├│n de referencia nula. [C:\Users\Paloma\Desktop\VecindApp_Todo\BACKEND\REST_VECINDAPP\REST_VECINDAPP.csproj]
C:\Users\Paloma\Desktop\VecindApp_Todo\BACKEND\REST_VECINDAPP\CapaNegocios\cn_Administrador.cs(155,45): warning CS8601: Posible asignaci├│n de referencia nula. [C:\Users\Paloma\Desktop\VecindApp_Todo\BACKEND\REST_VECINDAPP\REST_VECINDAPP.csproj]
C:\Users\Paloma\Desktop\VecindApp_Todo\BACKEND\REST_VECINDAPP\CapaNegocios\cn_Administrador.cs(156,51): warning CS8601: Posible asignaci├│n de referencia nula. [C:\Users\Paloma\Desktop\VecindApp_Todo\BACKEND\REST_VECINDAPP\REST_VECINDAPP.csproj]
C:\Users\Paloma\Desktop\VecindApp_Todo\BACKEND\REST_VECINDAPP\CapaNegocios\cn_Directiva.cs(89,42): warning CS8601: Posible asignaci├│n de referencia nula. [C:\Users\Paloma\Desktop\VecindApp_Todo\BACKEND\REST_VECINDAPP\REST_VECINDAPP.csproj]
C:\Users\Paloma\Desktop\VecindApp_Todo\BACKEND\REST_VECINDAPP\CapaNegocios\cn_Directiva.cs(90,51): warning CS8601: Posible asignaci├│n de referencia nula. [C:\Users\Paloma\Desktop\VecindApp_Todo\BACKEND\REST_VECINDAPP\REST_VECINDAPP.csproj]
C:\Users\Paloma\Desktop\VecindApp_Todo\BACKEND\REST_VECINDAPP\CapaNegocios\cn_Directiva.cs(91,51): warning CS8601: Posible asignaci├│n de referencia nula. [C:\Users\Paloma\Desktop\VecindApp_Todo\BACKEND\REST_VECINDAPP\REST_VECINDAPP.csproj]
C:\Users\Paloma\Desktop\VecindApp_Todo\BACKEND\REST_VECINDAPP\CapaNegocios\cn_Directiva.cs(93,51): warning CS8601: Posible asignaci├│n de referencia nula. [C:\Users\Paloma\Desktop\VecindApp_Todo\BACKEND\REST_VECINDAPP\REST_VECINDAPP.csproj]
C:\Users\Paloma\Desktop\VecindApp_Todo\BACKEND\REST_VECINDAPP\CapaNegocios\cn_Directiva.cs(94,49): warning CS8601: Posible asignaci├│n de referencia nula. [C:\Users\Paloma\Desktop\VecindApp_Todo\BACKEND\REST_VECINDAPP\REST_VECINDAPP.csproj]
C:\Users\Paloma\Desktop\VecindApp_Todo\BACKEND\REST_VECINDAPP\CapaNegocios\cn_Directiva.cs(127,39): warning CS8600: Se va a convertir un literal nulo o un posible valor nulo en un tipo que no acepta valores NULL [C:\Users\Paloma\Desktop\VecindApp_Todo\BACKEND\REST_VECINDAPP\REST_VECINDAPP.csproj]
C:\Users\Paloma\Desktop\VecindApp_Todo\BACKEND\REST_VECINDAPP\CapaNegocios\cn_Directiva.cs(135,20): warning CS8603: Posible tipo de valor devuelto de referencia nulo. [C:\Users\Paloma\Desktop\VecindApp_Todo\BACKEND\REST_VECINDAPP\REST_VECINDAPP.csproj]
C:\Users\Paloma\Desktop\VecindApp_Todo\BACKEND\REST_VECINDAPP\Seguridad\VerificarRolAttribute.cs(28,18): warning CS8602: Desreferencia de una referencia posiblemente NULL. [C:\Users\Paloma\Desktop\VecindApp_Todo\BACKEND\REST_VECINDAPP\REST_VECINDAPP.csproj]
C:\Users\Paloma\Desktop\VecindApp_Todo\BACKEND\REST_VECINDAPP\CapaNegocios\cn_Directiva.cs(156,39): warning CS8600: Se va a convertir un literal nulo o un posible valor nulo en un tipo que no acepta valores NULL [C:\Users\Paloma\Desktop\VecindApp_Todo\BACKEND\REST_VECINDAPP\REST_VECINDAPP.csproj]
C:\Users\Paloma\Desktop\VecindApp_Todo\BACKEND\REST_VECINDAPP\CapaNegocios\cn_Directiva.cs(164,20): warning CS8603: Posible tipo de valor devuelto de referencia nulo. [C:\Users\Paloma\Desktop\VecindApp_Todo\BACKEND\REST_VECINDAPP\REST_VECINDAPP.csproj]
C:\Users\Paloma\Desktop\VecindApp_Todo\BACKEND\REST_VECINDAPP\CapaNegocios\cn_Eventos.cs(43,51): warning CS8601: Posible asignaci├│n de referencia nula. [C:\Users\Paloma\Desktop\VecindApp_Todo\BACKEND\REST_VECINDAPP\REST_VECINDAPP.csproj]
C:\Users\Paloma\Desktop\VecindApp_Todo\BACKEND\REST_VECINDAPP\CapaNegocios\cn_Administrador.cs(235,53): warning CS8601: Posible asignaci├│n de referencia nula. [C:\Users\Paloma\Desktop\VecindApp_Todo\BACKEND\REST_VECINDAPP\REST_VECINDAPP.csproj]
C:\Users\Paloma\Desktop\VecindApp_Todo\BACKEND\REST_VECINDAPP\CapaNegocios\cn_Administrador.cs(236,46): warning CS8601: Posible asignaci├│n de referencia nula. [C:\Users\Paloma\Desktop\VecindApp_Todo\BACKEND\REST_VECINDAPP\REST_VECINDAPP.csproj]
C:\Users\Paloma\Desktop\VecindApp_Todo\BACKEND\REST_VECINDAPP\CapaNegocios\cn_Administrador.cs(237,47): warning CS8601: Posible asignaci├│n de referencia nula. [C:\Users\Paloma\Desktop\VecindApp_Todo\BACKEND\REST_VECINDAPP\REST_VECINDAPP.csproj]
C:\Users\Paloma\Desktop\VecindApp_Todo\BACKEND\REST_VECINDAPP\CapaNegocios\cn_Administrador.cs(240,48): warning CS8601: Posible asignaci├│n de referencia nula. [C:\Users\Paloma\Desktop\VecindApp_Todo\BACKEND\REST_VECINDAPP\REST_VECINDAPP.csproj]
C:\Users\Paloma\Desktop\VecindApp_Todo\BACKEND\REST_VECINDAPP\CapaNegocios\cn_Administrador.cs(241,42): warning CS8601: Posible asignaci├│n de referencia nula. [C:\Users\Paloma\Desktop\VecindApp_Todo\BACKEND\REST_VECINDAPP\REST_VECINDAPP.csproj]
C:\Users\Paloma\Desktop\VecindApp_Todo\BACKEND\REST_VECINDAPP\CapaNegocios\cn_Certificados.cs(134,30): warning CS8601: Posible asignaci├│n de referencia nula. [C:\Users\Paloma\Desktop\VecindApp_Todo\BACKEND\REST_VECINDAPP\REST_VECINDAPP.csproj]
C:\Users\Paloma\Desktop\VecindApp_Todo\BACKEND\REST_VECINDAPP\CapaNegocios\cn_Certificados.cs(135,42): warning CS8601: Posible asignaci├│n de referencia nula. [C:\Users\Paloma\Desktop\VecindApp_Todo\BACKEND\REST_VECINDAPP\REST_VECINDAPP.csproj]
C:\Users\Paloma\Desktop\VecindApp_Todo\BACKEND\REST_VECINDAPP\CapaNegocios\cn_Certificados.cs(139,37): warning CS8601: Posible asignaci├│n de referencia nula. [C:\Users\Paloma\Desktop\VecindApp_Todo\BACKEND\REST_VECINDAPP\REST_VECINDAPP.csproj]
C:\Users\Paloma\Desktop\VecindApp_Todo\BACKEND\REST_VECINDAPP\CapaNegocios\cn_Eventos.cs(99,40): warning CS8619: La nulabilidad de los tipos de referencia en el valor de tipo "(bool, string? mensaje)" no coincide con el tipo de destino "(bool Exito, string Mensaje)". [C:\Users\Paloma\Desktop\VecindApp_Todo\BACKEND\REST_VECINDAPP\REST_VECINDAPP.csproj]
C:\Users\Paloma\Desktop\VecindApp_Todo\BACKEND\REST_VECINDAPP\Modelos\TipoCertificado.cs(6,23): warning CS8618: El elemento propiedad "nombre" que no acepta valores NULL debe contener un valor distinto de NULL al salir del constructor. Considere la posibilidad de agregar el modificador "required'"o declarar el propiedad como un valor que acepta valores NULL. [C:\Users\Paloma\Desktop\VecindApp_Todo\BACKEND\REST_VECINDAPP\REST_VECINDAPP.csproj]
C:\Users\Paloma\Desktop\VecindApp_Todo\BACKEND\REST_VECINDAPP\Modelos\TipoCertificado.cs(7,23): warning CS8618: El elemento propiedad "descripcion" que no acepta valores NULL debe contener un valor distinto de NULL al salir del constructor. Considere la posibilidad de agregar el modificador "required'"o declarar el propiedad como un valor que acepta valores NULL. [C:\Users\Paloma\Desktop\VecindApp_Todo\BACKEND\REST_VECINDAPP\REST_VECINDAPP.csproj]
C:\Users\Paloma\Desktop\VecindApp_Todo\BACKEND\REST_VECINDAPP\Modelos\TipoCertificado.cs(10,23): warning CS8618: El elemento propiedad "documentos_requeridos" que no acepta valores NULL debe contener un valor distinto de NULL al salir del constructor. Considere la posibilidad de agregar el modificador "required'"o declarar el propiedad como un valor que acepta valores NULL. [C:\Users\Paloma\Desktop\VecindApp_Todo\BACKEND\REST_VECINDAPP\REST_VECINDAPP.csproj]
C:\Users\Paloma\Desktop\VecindApp_Todo\BACKEND\REST_VECINDAPP\Modelos\TipoCertificado.cs(12,23): warning CS8618: El elemento propiedad "medios_pago_habilitados" que no acepta valores NULL debe contener un valor distinto de NULL al salir del constructor. Considere la posibilidad de agregar el modificador "required'"o declarar el propiedad como un valor que acepta valores NULL. [C:\Users\Paloma\Desktop\VecindApp_Todo\BACKEND\REST_VECINDAPP\REST_VECINDAPP.csproj]
C:\Users\Paloma\Desktop\VecindApp_Todo\BACKEND\REST_VECINDAPP\CapaNegocios\cn_Usuarios.cs(261,44): warning CS8600: Se va a convertir un literal nulo o un posible valor nulo en un tipo que no acepta valores NULL [C:\Users\Paloma\Desktop\VecindApp_Todo\BACKEND\REST_VECINDAPP\REST_VECINDAPP.csproj]
C:\Users\Paloma\Desktop\VecindApp_Todo\BACKEND\REST_VECINDAPP\CapaNegocios\cn_Usuarios.cs(282,48): warning CS8600: Se va a convertir un literal nulo o un posible valor nulo en un tipo que no acepta valores NULL [C:\Users\Paloma\Desktop\VecindApp_Todo\BACKEND\REST_VECINDAPP\REST_VECINDAPP.csproj]
C:\Users\Paloma\Desktop\VecindApp_Todo\BACKEND\REST_VECINDAPP\Modelos\SolicitudCertificado.cs(9,23): warning CS8618: El elemento propiedad "estado" que no acepta valores NULL debe contener un valor distinto de NULL al salir del constructor. Considere la posibilidad de agregar el modificador "required'"o declarar el propiedad como un valor que acepta valores NULL. [C:\Users\Paloma\Desktop\VecindApp_Todo\BACKEND\REST_VECINDAPP\REST_VECINDAPP.csproj]
C:\Users\Paloma\Desktop\VecindApp_Todo\BACKEND\REST_VECINDAPP\Modelos\SolicitudCertificado.cs(10,23): warning CS8618: El elemento propiedad "motivo" que no acepta valores NULL debe contener un valor distinto de NULL al salir del constructor. Considere la posibilidad de agregar el modificador "required'"o declarar el propiedad como un valor que acepta valores NULL. [C:\Users\Paloma\Desktop\VecindApp_Todo\BACKEND\REST_VECINDAPP\REST_VECINDAPP.csproj]
C:\Users\Paloma\Desktop\VecindApp_Todo\BACKEND\REST_VECINDAPP\Modelos\SolicitudCertificado.cs(11,23): warning CS8618: El elemento propiedad "documentos_adjuntos" que no acepta valores NULL debe contener un valor distinto de NULL al salir del constructor. Considere la posibilidad de agregar el modificador "required'"o declarar el propiedad como un valor que acepta valores NULL. [C:\Users\Paloma\Desktop\VecindApp_Todo\BACKEND\REST_VECINDAPP\REST_VECINDAPP.csproj]
C:\Users\Paloma\Desktop\VecindApp_Todo\BACKEND\REST_VECINDAPP\Modelos\SolicitudCertificado.cs(15,23): warning CS8618: El elemento propiedad "observaciones" que no acepta valores NULL debe contener un valor distinto de NULL al salir del constructor. Considere la posibilidad de agregar el modificador "required'"o declarar el propiedad como un valor que acepta valores NULL. [C:\Users\Paloma\Desktop\VecindApp_Todo\BACKEND\REST_VECINDAPP\REST_VECINDAPP.csproj]
C:\Users\Paloma\Desktop\VecindApp_Todo\BACKEND\REST_VECINDAPP\Modelos\SolicitudCertificado.cs(19,32): warning CS8618: El elemento propiedad "usuario" que no acepta valores NULL debe contener un valor distinto de NULL al salir del constructor. Considere la posibilidad de agregar el modificador "required'"o declarar el propiedad como un valor que acepta valores NULL. [C:\Users\Paloma\Desktop\VecindApp_Todo\BACKEND\REST_VECINDAPP\REST_VECINDAPP.csproj]
C:\Users\Paloma\Desktop\VecindApp_Todo\BACKEND\REST_VECINDAPP\Modelos\SolicitudCertificado.cs(20,40): warning CS8618: El elemento propiedad "tipo_certificado" que no acepta valores NULL debe contener un valor distinto de NULL al salir del constructor. Considere la posibilidad de agregar el modificador "required'"o declarar el propiedad como un valor que acepta valores NULL. [C:\Users\Paloma\Desktop\VecindApp_Todo\BACKEND\REST_VECINDAPP\REST_VECINDAPP.csproj]
C:\Users\Paloma\Desktop\VecindApp_Todo\BACKEND\REST_VECINDAPP\Modelos\SolicitudCertificado.cs(21,32): warning CS8618: El elemento propiedad "directiva" que no acepta valores NULL debe contener un valor distinto de NULL al salir del constructor. Considere la posibilidad de agregar el modificador "required'"o declarar el propiedad como un valor que acepta valores NULL. [C:\Users\Paloma\Desktop\VecindApp_Todo\BACKEND\REST_VECINDAPP\REST_VECINDAPP.csproj]
C:\Users\Paloma\Desktop\VecindApp_Todo\BACKEND\REST_VECINDAPP\CapaNegocios\cn_Certificados.cs(170,20): warning CS8603: Posible tipo de valor devuelto de referencia nulo. [C:\Users\Paloma\Desktop\VecindApp_Todo\BACKEND\REST_VECINDAPP\REST_VECINDAPP.csproj]
C:\Users\Paloma\Desktop\VecindApp_Todo\BACKEND\REST_VECINDAPP\CapaNegocios\cn_Directiva.cs(211,54): warning CS8601: Posible asignaci├│n de referencia nula. [C:\Users\Paloma\Desktop\VecindApp_Todo\BACKEND\REST_VECINDAPP\REST_VECINDAPP.csproj]
C:\Users\Paloma\Desktop\VecindApp_Todo\BACKEND\REST_VECINDAPP\CapaNegocios\cn_Directiva.cs(212,59): warning CS8601: Posible asignaci├│n de referencia nula. [C:\Users\Paloma\Desktop\VecindApp_Todo\BACKEND\REST_VECINDAPP\REST_VECINDAPP.csproj]
C:\Users\Paloma\Desktop\VecindApp_Todo\BACKEND\REST_VECINDAPP\CapaNegocios\cn_Directiva.cs(214,53): warning CS8601: Posible asignaci├│n de referencia nula. [C:\Users\Paloma\Desktop\VecindApp_Todo\BACKEND\REST_VECINDAPP\REST_VECINDAPP.csproj]
C:\Users\Paloma\Desktop\VecindApp_Todo\BACKEND\REST_VECINDAPP\CapaNegocios\cn_Directiva.cs(215,53): warning CS8601: Posible asignaci├│n de referencia nula. [C:\Users\Paloma\Desktop\VecindApp_Todo\BACKEND\REST_VECINDAPP\REST_VECINDAPP.csproj]
C:\Users\Paloma\Desktop\VecindApp_Todo\BACKEND\REST_VECINDAPP\Modelos\Evento.cs(27,23): warning CS8618: El elemento propiedad "Titulo" que no acepta valores NULL debe contener un valor distinto de NULL al salir del constructor. Considere la posibilidad de agregar el modificador "required'"o declarar el propiedad como un valor que acepta valores NULL. [C:\Users\Paloma\Desktop\VecindApp_Todo\BACKEND\REST_VECINDAPP\REST_VECINDAPP.csproj]
C:\Users\Paloma\Desktop\VecindApp_Todo\BACKEND\REST_VECINDAPP\Modelos\Evento.cs(28,23): warning CS8618: El elemento propiedad "Descripcion" que no acepta valores NULL debe contener un valor distinto de NULL al salir del constructor. Considere la posibilidad de agregar el modificador "required'"o declarar el propiedad como un valor que acepta valores NULL. [C:\Users\Paloma\Desktop\VecindApp_Todo\BACKEND\REST_VECINDAPP\REST_VECINDAPP.csproj]
C:\Users\Paloma\Desktop\VecindApp_Todo\BACKEND\REST_VECINDAPP\Modelos\Evento.cs(30,23): warning CS8618: El elemento propiedad "HoraEvento" que no acepta valores NULL debe contener un valor distinto de NULL al salir del constructor. Considere la posibilidad de agregar el modificador "required'"o declarar el propiedad como un valor que acepta valores NULL. [C:\Users\Paloma\Desktop\VecindApp_Todo\BACKEND\REST_VECINDAPP\REST_VECINDAPP.csproj]
C:\Users\Paloma\Desktop\VecindApp_Todo\BACKEND\REST_VECINDAPP\Modelos\Evento.cs(31,23): warning CS8618: El elemento propiedad "Lugar" que no acepta valores NULL debe contener un valor distinto de NULL al salir del constructor. Considere la posibilidad de agregar el modificador "required'"o declarar el propiedad como un valor que acepta valores NULL. [C:\Users\Paloma\Desktop\VecindApp_Todo\BACKEND\REST_VECINDAPP\REST_VECINDAPP.csproj]
C:\Users\Paloma\Desktop\VecindApp_Todo\BACKEND\REST_VECINDAPP\Modelos\Evento.cs(7,23): warning CS8618: El elemento propiedad "Titulo" que no acepta valores NULL debe contener un valor distinto de NULL al salir del constructor. Considere la posibilidad de agregar el modificador "required'"o declarar el propiedad como un valor que acepta valores NULL. [C:\Users\Paloma\Desktop\VecindApp_Todo\BACKEND\REST_VECINDAPP\REST_VECINDAPP.csproj]
C:\Users\Paloma\Desktop\VecindApp_Todo\BACKEND\REST_VECINDAPP\Modelos\Evento.cs(8,23): warning CS8618: El elemento propiedad "Descripcion" que no acepta valores NULL debe contener un valor distinto de NULL al salir del constructor. Considere la posibilidad de agregar el modificador "required'"o declarar el propiedad como un valor que acepta valores NULL. [C:\Users\Paloma\Desktop\VecindApp_Todo\BACKEND\REST_VECINDAPP\REST_VECINDAPP.csproj]
C:\Users\Paloma\Desktop\VecindApp_Todo\BACKEND\REST_VECINDAPP\Modelos\Evento.cs(16,23): warning CS8618: El elemento propiedad "Lugar" que no acepta valores NULL debe contener un valor distinto de NULL al salir del constructor. Considere la posibilidad de agregar el modificador "required'"o declarar el propiedad como un valor que acepta valores NULL. [C:\Users\Paloma\Desktop\VecindApp_Todo\BACKEND\REST_VECINDAPP\REST_VECINDAPP.csproj]
C:\Users\Paloma\Desktop\VecindApp_Todo\BACKEND\REST_VECINDAPP\Modelos\Evento.cs(19,23): warning CS8618: El elemento propiedad "CodigoQr" que no acepta valores NULL debe contener un valor distinto de NULL al salir del constructor. Considere la posibilidad de agregar el modificador "required'"o declarar el propiedad como un valor que acepta valores NULL. [C:\Users\Paloma\Desktop\VecindApp_Todo\BACKEND\REST_VECINDAPP\REST_VECINDAPP.csproj]
C:\Users\Paloma\Desktop\VecindApp_Todo\BACKEND\REST_VECINDAPP\Modelos\Evento.cs(22,23): warning CS8618: El elemento propiedad "Notas" que no acepta valores NULL debe contener un valor distinto de NULL al salir del constructor. Considere la posibilidad de agregar el modificador "required'"o declarar el propiedad como un valor que acepta valores NULL. [C:\Users\Paloma\Desktop\VecindApp_Todo\BACKEND\REST_VECINDAPP\REST_VECINDAPP.csproj]
C:\Users\Paloma\Desktop\VecindApp_Todo\BACKEND\REST_VECINDAPP\CapaNegocios\cn_Certificados.cs(181,20): warning CS8603: Posible tipo de valor devuelto de referencia nulo. [C:\Users\Paloma\Desktop\VecindApp_Todo\BACKEND\REST_VECINDAPP\REST_VECINDAPP.csproj]
C:\Users\Paloma\Desktop\VecindApp_Todo\BACKEND\REST_VECINDAPP\Modelos\DTOs\WebhookDTO.cs(12,23): warning CS8618: El elemento propiedad "Id" que no acepta valores NULL debe contener un valor distinto de NULL al salir del constructor. Considere la posibilidad de agregar el modificador "required'"o declarar el propiedad como un valor que acepta valores NULL. [C:\Users\Paloma\Desktop\VecindApp_Todo\BACKEND\REST_VECINDAPP\REST_VECINDAPP.csproj]
C:\Users\Paloma\Desktop\VecindApp_Todo\BACKEND\REST_VECINDAPP\Modelos\DTOs\WebhookDTO.cs(13,23): warning CS8618: El elemento propiedad "Status" que no acepta valores NULL debe contener un valor distinto de NULL al salir del constructor. Considere la posibilidad de agregar el modificador "required'"o declarar el propiedad como un valor que acepta valores NULL. [C:\Users\Paloma\Desktop\VecindApp_Todo\BACKEND\REST_VECINDAPP\REST_VECINDAPP.csproj]
C:\Users\Paloma\Desktop\VecindApp_Todo\BACKEND\REST_VECINDAPP\Modelos\DTOs\WebhookDTO.cs(5,23): warning CS8618: El elemento propiedad "Type" que no acepta valores NULL debe contener un valor distinto de NULL al salir del constructor. Considere la posibilidad de agregar el modificador "required'"o declarar el propiedad como un valor que acepta valores NULL. [C:\Users\Paloma\Desktop\VecindApp_Todo\BACKEND\REST_VECINDAPP\REST_VECINDAPP.csproj]
C:\Users\Paloma\Desktop\VecindApp_Todo\BACKEND\REST_VECINDAPP\Modelos\DTOs\WebhookDTO.cs(6,23): warning CS8618: El elemento propiedad "Action" que no acepta valores NULL debe contener un valor distinto de NULL al salir del constructor. Considere la posibilidad de agregar el modificador "required'"o declarar el propiedad como un valor que acepta valores NULL. [C:\Users\Paloma\Desktop\VecindApp_Todo\BACKEND\REST_VECINDAPP\REST_VECINDAPP.csproj]
C:\Users\Paloma\Desktop\VecindApp_Todo\BACKEND\REST_VECINDAPP\Modelos\DTOs\WebhookDTO.cs(7,28): warning CS8618: El elemento propiedad "Data" que no acepta valores NULL debe contener un valor distinto de NULL al salir del constructor. Considere la posibilidad de agregar el modificador "required'"o declarar el propiedad como un valor que acepta valores NULL. [C:\Users\Paloma\Desktop\VecindApp_Todo\BACKEND\REST_VECINDAPP\REST_VECINDAPP.csproj]
C:\Users\Paloma\Desktop\VecindApp_Todo\BACKEND\REST_VECINDAPP\Modelos\DTOs\SolicitudSocioDTO.cs(6,23): warning CS8618: El elemento propiedad "Nombre" que no acepta valores NULL debe contener un valor distinto de NULL al salir del constructor. Considere la posibilidad de agregar el modificador "required'"o declarar el propiedad como un valor que acepta valores NULL. [C:\Users\Paloma\Desktop\VecindApp_Todo\BACKEND\REST_VECINDAPP\REST_VECINDAPP.csproj]
C:\Users\Paloma\Desktop\VecindApp_Todo\BACKEND\REST_VECINDAPP\Modelos\DTOs\SolicitudSocioDTO.cs(7,23): warning CS8618: El elemento propiedad "ApellidoPaterno" que no acepta valores NULL debe contener un valor distinto de NULL al salir del constructor. Considere la posibilidad de agregar el modificador "required'"o declarar el propiedad como un valor que acepta valores NULL. [C:\Users\Paloma\Desktop\VecindApp_Todo\BACKEND\REST_VECINDAPP\REST_VECINDAPP.csproj]
C:\Users\Paloma\Desktop\VecindApp_Todo\BACKEND\REST_VECINDAPP\Modelos\DTOs\SolicitudSocioDTO.cs(8,23): warning CS8618: El elemento propiedad "ApellidoMaterno" que no acepta valores NULL debe contener un valor distinto de NULL al salir del constructor. Considere la posibilidad de agregar el modificador "required'"o declarar el propiedad como un valor que acepta valores NULL. [C:\Users\Paloma\Desktop\VecindApp_Todo\BACKEND\REST_VECINDAPP\REST_VECINDAPP.csproj]
C:\Users\Paloma\Desktop\VecindApp_Todo\BACKEND\REST_VECINDAPP\Modelos\DTOs\SolicitudSocioDTO.cs(10,23): warning CS8618: El elemento propiedad "EstadoSolicitud" que no acepta valores NULL debe contener un valor distinto de NULL al salir del constructor. Considere la posibilidad de agregar el modificador "required'"o declarar el propiedad como un valor que acepta valores NULL. [C:\Users\Paloma\Desktop\VecindApp_Todo\BACKEND\REST_VECINDAPP\REST_VECINDAPP.csproj]
C:\Users\Paloma\Desktop\VecindApp_Todo\BACKEND\REST_VECINDAPP\Modelos\DTOs\SolicitudSocioDTO.cs(11,23): warning CS8618: El elemento propiedad "MotivoRechazo" que no acepta valores NULL debe contener un valor distinto de NULL al salir del constructor. Considere la posibilidad de agregar el modificador "required'"o declarar el propiedad como un valor que acepta valores NULL. [C:\Users\Paloma\Desktop\VecindApp_Todo\BACKEND\REST_VECINDAPP\REST_VECINDAPP.csproj]
C:\Users\Paloma\Desktop\VecindApp_Todo\BACKEND\REST_VECINDAPP\Modelos\DTOs\SolicitudMembresia.cs(6,26): warning CS8618: El elemento propiedad "DocumentoIdentidad" que no acepta valores NULL debe contener un valor distinto de NULL al salir del constructor. Considere la posibilidad de agregar el modificador "required'"o declarar el propiedad como un valor que acepta valores NULL. [C:\Users\Paloma\Desktop\VecindApp_Todo\BACKEND\REST_VECINDAPP\REST_VECINDAPP.csproj]
C:\Users\Paloma\Desktop\VecindApp_Todo\BACKEND\REST_VECINDAPP\Modelos\DTOs\SolicitudMembresia.cs(7,26): warning CS8618: El elemento propiedad "DocumentoDomicilio" que no acepta valores NULL debe contener un valor distinto de NULL al salir del constructor. Considere la posibilidad de agregar el modificador "required'"o declarar el propiedad como un valor que acepta valores NULL. [C:\Users\Paloma\Desktop\VecindApp_Todo\BACKEND\REST_VECINDAPP\REST_VECINDAPP.csproj]
C:\Users\Paloma\Desktop\VecindApp_Todo\BACKEND\REST_VECINDAPP\Modelos\DTOs\SolicitudDirectivaDTO.cs(22,23): warning CS8618: El elemento propiedad "DirectivaRut" que no acepta valores NULL debe contener un valor distinto de NULL al salir del constructor. Considere la posibilidad de agregar el modificador "required'"o declarar el propiedad como un valor que acepta valores NULL. [C:\Users\Paloma\Desktop\VecindApp_Todo\BACKEND\REST_VECINDAPP\REST_VECINDAPP.csproj]
C:\Users\Paloma\Desktop\VecindApp_Todo\BACKEND\REST_VECINDAPP\Modelos\DTOs\SolicitudDirectivaDTO.cs(25,23): warning CS8618: El elemento propiedad "MotivoRechazo" que no acepta valores NULL debe contener un valor distinto de NULL al salir del constructor. Considere la posibilidad de agregar el modificador "required'"o declarar el propiedad como un valor que acepta valores NULL. [C:\Users\Paloma\Desktop\VecindApp_Todo\BACKEND\REST_VECINDAPP\REST_VECINDAPP.csproj]
C:\Users\Paloma\Desktop\VecindApp_Todo\BACKEND\REST_VECINDAPP\Modelos\DTOs\SolicitudDirectivaDTO.cs(11,23): warning CS8618: El elemento propiedad "DirectivaRut" que no acepta valores NULL debe contener un valor distinto de NULL al salir del constructor. Considere la posibilidad de agregar el modificador "required'"o declarar el propiedad como un valor que acepta valores NULL. [C:\Users\Paloma\Desktop\VecindApp_Todo\BACKEND\REST_VECINDAPP\REST_VECINDAPP.csproj]
C:\Users\Paloma\Desktop\VecindApp_Todo\BACKEND\REST_VECINDAPP\Modelos\DTOs\SolicitudDirectivaDTO.cs(13,23): warning CS8618: El elemento propiedad "Observaciones" que no acepta valores NULL debe contener un valor distinto de NULL al salir del constructor. Considere la posibilidad de agregar el modificador "required'"o declarar el propiedad como un valor que acepta valores NULL. [C:\Users\Paloma\Desktop\VecindApp_Todo\BACKEND\REST_VECINDAPP\REST_VECINDAPP.csproj]
C:\Users\Paloma\Desktop\VecindApp_Todo\BACKEND\REST_VECINDAPP\Modelos\DTOs\SocioActivoDTO.cs(8,23): warning CS8618: El elemento propiedad "DvRut" que no acepta valores NULL debe contener un valor distinto de NULL al salir del constructor. Considere la posibilidad de agregar el modificador "required'"o declarar el propiedad como un valor que acepta valores NULL. [C:\Users\Paloma\Desktop\VecindApp_Todo\BACKEND\REST_VECINDAPP\REST_VECINDAPP.csproj]
C:\Users\Paloma\Desktop\VecindApp_Todo\BACKEND\REST_VECINDAPP\Modelos\DTOs\SocioActivoDTO.cs(9,23): warning CS8618: El elemento propiedad "NombreCompleto" que no acepta valores NULL debe contener un valor distinto de NULL al salir del constructor. Considere la posibilidad de agregar el modificador "required'"o declarar el propiedad como un valor que acepta valores NULL. [C:\Users\Paloma\Desktop\VecindApp_Todo\BACKEND\REST_VECINDAPP\REST_VECINDAPP.csproj]
C:\Users\Paloma\Desktop\VecindApp_Todo\BACKEND\REST_VECINDAPP\Modelos\DTOs\SocioActivoDTO.cs(10,23): warning CS8618: El elemento propiedad "Correo" que no acepta valores NULL debe contener un valor distinto de NULL al salir del constructor. Considere la posibilidad de agregar el modificador "required'"o declarar el propiedad como un valor que acepta valores NULL. [C:\Users\Paloma\Desktop\VecindApp_Todo\BACKEND\REST_VECINDAPP\REST_VECINDAPP.csproj]
C:\Users\Paloma\Desktop\VecindApp_Todo\BACKEND\REST_VECINDAPP\Modelos\DTOs\SocioActivoDTO.cs(11,23): warning CS8618: El elemento propiedad "Telefono" que no acepta valores NULL debe contener un valor distinto de NULL al salir del constructor. Considere la posibilidad de agregar el modificador "required'"o declarar el propiedad como un valor que acepta valores NULL. [C:\Users\Paloma\Desktop\VecindApp_Todo\BACKEND\REST_VECINDAPP\REST_VECINDAPP.csproj]
C:\Users\Paloma\Desktop\VecindApp_Todo\BACKEND\REST_VECINDAPP\Modelos\DTOs\SocioActivoDTO.cs(12,23): warning CS8618: El elemento propiedad "Direccion" que no acepta valores NULL debe contener un valor distinto de NULL al salir del constructor. Considere la posibilidad de agregar el modificador "required'"o declarar el propiedad como un valor que acepta valores NULL. [C:\Users\Paloma\Desktop\VecindApp_Todo\BACKEND\REST_VECINDAPP\REST_VECINDAPP.csproj]
C:\Users\Paloma\Desktop\VecindApp_Todo\BACKEND\REST_VECINDAPP\Modelos\DTOs\RespuestaSolicitudDTO.cs(6,23): warning CS8618: El elemento propiedad "Mensaje" que no acepta valores NULL debe contener un valor distinto de NULL al salir del constructor. Considere la posibilidad de agregar el modificador "required'"o declarar el propiedad como un valor que acepta valores NULL. [C:\Users\Paloma\Desktop\VecindApp_Todo\BACKEND\REST_VECINDAPP\REST_VECINDAPP.csproj]
C:\Users\Paloma\Desktop\VecindApp_Todo\BACKEND\REST_VECINDAPP\Modelos\DTOs\RespuestaSolicitudDTO.cs(7,23): warning CS8618: El elemento propiedad "NuevoEstado" que no acepta valores NULL debe contener un valor distinto de NULL al salir del constructor. Considere la posibilidad de agregar el modificador "required'"o declarar el propiedad como un valor que acepta valores NULL. [C:\Users\Paloma\Desktop\VecindApp_Todo\BACKEND\REST_VECINDAPP\REST_VECINDAPP.csproj]
C:\Users\Paloma\Desktop\VecindApp_Todo\BACKEND\REST_VECINDAPP\Modelos\DTOs\RespuestaRegistroDTO.cs(6,43): warning CS8618: El elemento propiedad "Registros" que no acepta valores NULL debe contener un valor distinto de NULL al salir del constructor. Considere la posibilidad de agregar el modificador "required'"o declarar el propiedad como un valor que acepta valores NULL. [C:\Users\Paloma\Desktop\VecindApp_Todo\BACKEND\REST_VECINDAPP\REST_VECINDAPP.csproj]
C:\Users\Paloma\Desktop\VecindApp_Todo\BACKEND\REST_VECINDAPP\Modelos\DTOs\RespuestaCertificadoDTO.cs(11,23): warning CS8618: El elemento propiedad "Estado" que no acepta valores NULL debe contener un valor distinto de NULL al salir del constructor. Considere la posibilidad de agregar el modificador "required'"o declarar el propiedad como un valor que acepta valores NULL. [C:\Users\Paloma\Desktop\VecindApp_Todo\BACKEND\REST_VECINDAPP\REST_VECINDAPP.csproj]
C:\Users\Paloma\Desktop\VecindApp_Todo\BACKEND\REST_VECINDAPP\Modelos\DTOs\RespuestaCertificadoDTO.cs(12,23): warning CS8618: El elemento propiedad "Motivo" que no acepta valores NULL debe contener un valor distinto de NULL al salir del constructor. Considere la posibilidad de agregar el modificador "required'"o declarar el propiedad como un valor que acepta valores NULL. [C:\Users\Paloma\Desktop\VecindApp_Todo\BACKEND\REST_VECINDAPP\REST_VECINDAPP.csproj]
C:\Users\Paloma\Desktop\VecindApp_Todo\BACKEND\REST_VECINDAPP\Modelos\DTOs\RespuestaCertificadoDTO.cs(13,23): warning CS8618: El elemento propiedad "DocumentosAdjuntos" que no acepta valores NULL debe contener un valor distinto de NULL al salir del constructor. Considere la posibilidad de agregar el modificador "required'"o declarar el propiedad como un valor que acepta valores NULL. [C:\Users\Paloma\Desktop\VecindApp_Todo\BACKEND\REST_VECINDAPP\REST_VECINDAPP.csproj]
C:\Users\Paloma\Desktop\VecindApp_Todo\BACKEND\REST_VECINDAPP\Modelos\DTOs\RespuestaCertificadoDTO.cs(17,23): warning CS8618: El elemento propiedad "Observaciones" que no acepta valores NULL debe contener un valor distinto de NULL al salir del constructor. Considere la posibilidad de agregar el modificador "required'"o declarar el propiedad como un valor que acepta valores NULL. [C:\Users\Paloma\Desktop\VecindApp_Todo\BACKEND\REST_VECINDAPP\REST_VECINDAPP.csproj]
C:\Users\Paloma\Desktop\VecindApp_Todo\BACKEND\REST_VECINDAPP\Modelos\DTOs\RegistroActividadDTO.cs(7,23): warning CS8618: El elemento propiedad "NombreUsuario" que no acepta valores NULL debe contener un valor distinto de NULL al salir del constructor. Considere la posibilidad de agregar el modificador "required'"o declarar el propiedad como un valor que acepta valores NULL. [C:\Users\Paloma\Desktop\VecindApp_Todo\BACKEND\REST_VECINDAPP\REST_VECINDAPP.csproj]
C:\Users\Paloma\Desktop\VecindApp_Todo\BACKEND\REST_VECINDAPP\Modelos\DTOs\RegistroActividadDTO.cs(8,23): warning CS8618: El elemento propiedad "Accion" que no acepta valores NULL debe contener un valor distinto de NULL al salir del constructor. Considere la posibilidad de agregar el modificador "required'"o declarar el propiedad como un valor que acepta valores NULL. [C:\Users\Paloma\Desktop\VecindApp_Todo\BACKEND\REST_VECINDAPP\REST_VECINDAPP.csproj]
C:\Users\Paloma\Desktop\VecindApp_Todo\BACKEND\REST_VECINDAPP\Modelos\DTOs\RegistroActividadDTO.cs(9,23): warning CS8618: El elemento propiedad "Entidad" que no acepta valores NULL debe contener un valor distinto de NULL al salir del constructor. Considere la posibilidad de agregar el modificador "required'"o declarar el propiedad como un valor que acepta valores NULL. [C:\Users\Paloma\Desktop\VecindApp_Todo\BACKEND\REST_VECINDAPP\REST_VECINDAPP.csproj]
C:\Users\Paloma\Desktop\VecindApp_Todo\BACKEND\REST_VECINDAPP\Modelos\DTOs\RegistroActividadDTO.cs(11,23): warning CS8618: El elemento propiedad "Detalles" que no acepta valores NULL debe contener un valor distinto de NULL al salir del constructor. Considere la posibilidad de agregar el modificador "required'"o declarar el propiedad como un valor que acepta valores NULL. [C:\Users\Paloma\Desktop\VecindApp_Todo\BACKEND\REST_VECINDAPP\REST_VECINDAPP.csproj]
C:\Users\Paloma\Desktop\VecindApp_Todo\BACKEND\REST_VECINDAPP\Modelos\DTOs\RegistroActividadDTO.cs(12,23): warning CS8618: El elemento propiedad "IP" que no acepta valores NULL debe contener un valor distinto de NULL al salir del constructor. Considere la posibilidad de agregar el modificador "required'"o declarar el propiedad como un valor que acepta valores NULL. [C:\Users\Paloma\Desktop\VecindApp_Todo\BACKEND\REST_VECINDAPP\REST_VECINDAPP.csproj]
C:\Users\Paloma\Desktop\VecindApp_Todo\BACKEND\REST_VECINDAPP\Modelos\DTOs\RechazoDTO.cs(5,23): warning CS8618: El elemento propiedad "MotivoRechazo" que no acepta valores NULL debe contener un valor distinto de NULL al salir del constructor. Considere la posibilidad de agregar el modificador "required'"o declarar el propiedad como un valor que acepta valores NULL. [C:\Users\Paloma\Desktop\VecindApp_Todo\BACKEND\REST_VECINDAPP\REST_VECINDAPP.csproj]
C:\Users\Paloma\Desktop\VecindApp_Todo\BACKEND\REST_VECINDAPP\Modelos\DTOs\PagoTransbankRequest.cs(12,23): warning CS8618: El elemento propiedad "RutUsuario" que no acepta valores NULL debe contener un valor distinto de NULL al salir del constructor. Considere la posibilidad de agregar el modificador "required'"o declarar el propiedad como un valor que acepta valores NULL. [C:\Users\Paloma\Desktop\VecindApp_Todo\BACKEND\REST_VECINDAPP\REST_VECINDAPP.csproj]
C:\Users\Paloma\Desktop\VecindApp_Todo\BACKEND\REST_VECINDAPP\CapaNegocios\cn_Directiva.cs(263,49): warning CS8600: Se va a convertir un literal nulo o un posible valor nulo en un tipo que no acepta valores NULL [C:\Users\Paloma\Desktop\VecindApp_Todo\BACKEND\REST_VECINDAPP\REST_VECINDAPP.csproj]
C:\Users\Paloma\Desktop\VecindApp_Todo\BACKEND\REST_VECINDAPP\CapaNegocios\cn_Directiva.cs(264,58): warning CS8600: Se va a convertir un literal nulo o un posible valor nulo en un tipo que no acepta valores NULL [C:\Users\Paloma\Desktop\VecindApp_Todo\BACKEND\REST_VECINDAPP\REST_VECINDAPP.csproj]
C:\Users\Paloma\Desktop\VecindApp_Todo\BACKEND\REST_VECINDAPP\CapaNegocios\cn_Directiva.cs(265,58): warning CS8600: Se va a convertir un literal nulo o un posible valor nulo en un tipo que no acepta valores NULL [C:\Users\Paloma\Desktop\VecindApp_Todo\BACKEND\REST_VECINDAPP\REST_VECINDAPP.csproj]
C:\Users\Paloma\Desktop\VecindApp_Todo\BACKEND\REST_VECINDAPP\CapaNegocios\cn_Directiva.cs(271,45): warning CS8601: Posible asignaci├│n de referencia nula. [C:\Users\Paloma\Desktop\VecindApp_Todo\BACKEND\REST_VECINDAPP\REST_VECINDAPP.csproj]
C:\Users\Paloma\Desktop\VecindApp_Todo\BACKEND\REST_VECINDAPP\CapaNegocios\cn_Directiva.cs(273,46): warning CS8601: Posible asignaci├│n de referencia nula. [C:\Users\Paloma\Desktop\VecindApp_Todo\BACKEND\REST_VECINDAPP\REST_VECINDAPP.csproj]
C:\Users\Paloma\Desktop\VecindApp_Todo\BACKEND\REST_VECINDAPP\CapaNegocios\cn_Directiva.cs(274,48): warning CS8601: Posible asignaci├│n de referencia nula. [C:\Users\Paloma\Desktop\VecindApp_Todo\BACKEND\REST_VECINDAPP\REST_VECINDAPP.csproj]
C:\Users\Paloma\Desktop\VecindApp_Todo\BACKEND\REST_VECINDAPP\CapaNegocios\cn_Directiva.cs(275,49): warning CS8601: Posible asignaci├│n de referencia nula. [C:\Users\Paloma\Desktop\VecindApp_Todo\BACKEND\REST_VECINDAPP\REST_VECINDAPP.csproj]
C:\Users\Paloma\Desktop\VecindApp_Todo\BACKEND\REST_VECINDAPP\Modelos\DTOs\PagoDTO.cs(11,23): warning CS8618: El elemento propiedad "TipoCertificado" que no acepta valores NULL debe contener un valor distinto de NULL al salir del constructor. Considere la posibilidad de agregar el modificador "required'"o declarar el propiedad como un valor que acepta valores NULL. [C:\Users\Paloma\Desktop\VecindApp_Todo\BACKEND\REST_VECINDAPP\REST_VECINDAPP.csproj]
C:\Users\Paloma\Desktop\VecindApp_Todo\BACKEND\REST_VECINDAPP\Modelos\DTOs\PagoDTO.cs(17,23): warning CS8618: El elemento propiedad "UrlBase" que no acepta valores NULL debe contener un valor distinto de NULL al salir del constructor. Considere la posibilidad de agregar el modificador "required'"o declarar el propiedad como un valor que acepta valores NULL. [C:\Users\Paloma\Desktop\VecindApp_Todo\BACKEND\REST_VECINDAPP\REST_VECINDAPP.csproj]
C:\Users\Paloma\Desktop\VecindApp_Todo\BACKEND\REST_VECINDAPP\Modelos\DTOs\ConfigurarTarifaRequest.cs(16,23): warning CS8618: El elemento propiedad "MediosPago" que no acepta valores NULL debe contener un valor distinto de NULL al salir del constructor. Considere la posibilidad de agregar el modificador "required'"o declarar el propiedad como un valor que acepta valores NULL. [C:\Users\Paloma\Desktop\VecindApp_Todo\BACKEND\REST_VECINDAPP\REST_VECINDAPP.csproj]
C:\Users\Paloma\Desktop\VecindApp_Todo\BACKEND\REST_VECINDAPP\Modelos\DTOs\ConfiguracionDTO.cs(6,23): warning CS8618: El elemento propiedad "Clave" que no acepta valores NULL debe contener un valor distinto de NULL al salir del constructor. Considere la posibilidad de agregar el modificador "required'"o declarar el propiedad como un valor que acepta valores NULL. [C:\Users\Paloma\Desktop\VecindApp_Todo\BACKEND\REST_VECINDAPP\REST_VECINDAPP.csproj]
C:\Users\Paloma\Desktop\VecindApp_Todo\BACKEND\REST_VECINDAPP\Modelos\DTOs\ConfiguracionDTO.cs(7,23): warning CS8618: El elemento propiedad "Valor" que no acepta valores NULL debe contener un valor distinto de NULL al salir del constructor. Considere la posibilidad de agregar el modificador "required'"o declarar el propiedad como un valor que acepta valores NULL. [C:\Users\Paloma\Desktop\VecindApp_Todo\BACKEND\REST_VECINDAPP\REST_VECINDAPP.csproj]
C:\Users\Paloma\Desktop\VecindApp_Todo\BACKEND\REST_VECINDAPP\Modelos\DTOs\ConfiguracionDTO.cs(8,23): warning CS8618: El elemento propiedad "Descripcion" que no acepta valores NULL debe contener un valor distinto de NULL al salir del constructor. Considere la posibilidad de agregar el modificador "required'"o declarar el propiedad como un valor que acepta valores NULL. [C:\Users\Paloma\Desktop\VecindApp_Todo\BACKEND\REST_VECINDAPP\REST_VECINDAPP.csproj]
C:\Users\Paloma\Desktop\VecindApp_Todo\BACKEND\REST_VECINDAPP\Modelos\DTOs\CambioContrasenaDTO.cs(5,23): warning CS8618: El elemento propiedad "ContrasenaActual" que no acepta valores NULL debe contener un valor distinto de NULL al salir del constructor. Considere la posibilidad de agregar el modificador "required'"o declarar el propiedad como un valor que acepta valores NULL. [C:\Users\Paloma\Desktop\VecindApp_Todo\BACKEND\REST_VECINDAPP\REST_VECINDAPP.csproj]
C:\Users\Paloma\Desktop\VecindApp_Todo\BACKEND\REST_VECINDAPP\Modelos\DTOs\CambioContrasenaDTO.cs(6,23): warning CS8618: El elemento propiedad "NuevaContrasena" que no acepta valores NULL debe contener un valor distinto de NULL al salir del constructor. Considere la posibilidad de agregar el modificador "required'"o declarar el propiedad como un valor que acepta valores NULL. [C:\Users\Paloma\Desktop\VecindApp_Todo\BACKEND\REST_VECINDAPP\REST_VECINDAPP.csproj]
C:\Users\Paloma\Desktop\VecindApp_Todo\BACKEND\REST_VECINDAPP\CapaNegocios\cn_Eventos.cs(183,46): warning CS8601: Posible asignaci├│n de referencia nula. [C:\Users\Paloma\Desktop\VecindApp_Todo\BACKEND\REST_VECINDAPP\REST_VECINDAPP.csproj]
C:\Users\Paloma\Desktop\VecindApp_Todo\BACKEND\REST_VECINDAPP\CapaNegocios\cn_Eventos.cs(184,51): warning CS8601: Posible asignaci├│n de referencia nula. [C:\Users\Paloma\Desktop\VecindApp_Todo\BACKEND\REST_VECINDAPP\REST_VECINDAPP.csproj]
C:\Users\Paloma\Desktop\VecindApp_Todo\BACKEND\REST_VECINDAPP\CapaNegocios\cn_Eventos.cs(187,45): warning CS8601: Posible asignaci├│n de referencia nula. [C:\Users\Paloma\Desktop\VecindApp_Todo\BACKEND\REST_VECINDAPP\REST_VECINDAPP.csproj]
C:\Users\Paloma\Desktop\VecindApp_Todo\BACKEND\REST_VECINDAPP\CapaNegocios\cn_Eventos.cs(190,48): warning CS8601: Posible asignaci├│n de referencia nula. [C:\Users\Paloma\Desktop\VecindApp_Todo\BACKEND\REST_VECINDAPP\REST_VECINDAPP.csproj]
C:\Users\Paloma\Desktop\VecindApp_Todo\BACKEND\REST_VECINDAPP\CapaNegocios\cn_Eventos.cs(192,45): warning CS8601: Posible asignaci├│n de referencia nula. [C:\Users\Paloma\Desktop\VecindApp_Todo\BACKEND\REST_VECINDAPP\REST_VECINDAPP.csproj]
C:\Users\Paloma\Desktop\VecindApp_Todo\BACKEND\REST_VECINDAPP\Modelos\DTOs\ActualizacionUsuarioDTO.cs(5,23): warning CS8618: El elemento propiedad "Nombres" que no acepta valores NULL debe contener un valor distinto de NULL al salir del constructor. Considere la posibilidad de agregar el modificador "required'"o declarar el propiedad como un valor que acepta valores NULL. [C:\Users\Paloma\Desktop\VecindApp_Todo\BACKEND\REST_VECINDAPP\REST_VECINDAPP.csproj]
C:\Users\Paloma\Desktop\VecindApp_Todo\BACKEND\REST_VECINDAPP\Modelos\DTOs\ActualizacionUsuarioDTO.cs(6,23): warning CS8618: El elemento propiedad "Apellidos" que no acepta valores NULL debe contener un valor distinto de NULL al salir del constructor. Considere la posibilidad de agregar el modificador "required'"o declarar el propiedad como un valor que acepta valores NULL. [C:\Users\Paloma\Desktop\VecindApp_Todo\BACKEND\REST_VECINDAPP\REST_VECINDAPP.csproj]
C:\Users\Paloma\Desktop\VecindApp_Todo\BACKEND\REST_VECINDAPP\Modelos\DTOs\ActualizacionUsuarioDTO.cs(7,23): warning CS8618: El elemento propiedad "CorreoElectronico" que no acepta valores NULL debe contener un valor distinto de NULL al salir del constructor. Considere la posibilidad de agregar el modificador "required'"o declarar el propiedad como un valor que acepta valores NULL. [C:\Users\Paloma\Desktop\VecindApp_Todo\BACKEND\REST_VECINDAPP\REST_VECINDAPP.csproj]
C:\Users\Paloma\Desktop\VecindApp_Todo\BACKEND\REST_VECINDAPP\Modelos\DTOs\ActualizacionUsuarioDTO.cs(8,23): warning CS8618: El elemento propiedad "Telefono" que no acepta valores NULL debe contener un valor distinto de NULL al salir del constructor. Considere la posibilidad de agregar el modificador "required'"o declarar el propiedad como un valor que acepta valores NULL. [C:\Users\Paloma\Desktop\VecindApp_Todo\BACKEND\REST_VECINDAPP\REST_VECINDAPP.csproj]
C:\Users\Paloma\Desktop\VecindApp_Todo\BACKEND\REST_VECINDAPP\Modelos\DTOs\ActualizacionUsuarioDTO.cs(9,23): warning CS8618: El elemento propiedad "Direccion" que no acepta valores NULL debe contener un valor distinto de NULL al salir del constructor. Considere la posibilidad de agregar el modificador "required'"o declarar el propiedad como un valor que acepta valores NULL. [C:\Users\Paloma\Desktop\VecindApp_Todo\BACKEND\REST_VECINDAPP\REST_VECINDAPP.csproj]
C:\Users\Paloma\Desktop\VecindApp_Todo\BACKEND\REST_VECINDAPP\Modelos\DTOs\ActualizacionUsuarioDTO.cs(10,23): warning CS8618: El elemento propiedad "ApellidoMaterno" que no acepta valores NULL debe contener un valor distinto de NULL al salir del constructor. Considere la posibilidad de agregar el modificador "required'"o declarar el propiedad como un valor que acepta valores NULL. [C:\Users\Paloma\Desktop\VecindApp_Todo\BACKEND\REST_VECINDAPP\REST_VECINDAPP.csproj]
C:\Users\Paloma\Desktop\VecindApp_Todo\BACKEND\REST_VECINDAPP\Modelos\Certificados.cs(7,23): warning CS8618: El elemento propiedad "codigo_verificacion" que no acepta valores NULL debe contener un valor distinto de NULL al salir del constructor. Considere la posibilidad de agregar el modificador "required'"o declarar el propiedad como un valor que acepta valores NULL. [C:\Users\Paloma\Desktop\VecindApp_Todo\BACKEND\REST_VECINDAPP\REST_VECINDAPP.csproj]
C:\Users\Paloma\Desktop\VecindApp_Todo\BACKEND\REST_VECINDAPP\Modelos\Certificados.cs(10,23): warning CS8618: El elemento propiedad "archivo_pdf" que no acepta valores NULL debe contener un valor distinto de NULL al salir del constructor. Considere la posibilidad de agregar el modificador "required'"o declarar el propiedad como un valor que acepta valores NULL. [C:\Users\Paloma\Desktop\VecindApp_Todo\BACKEND\REST_VECINDAPP\REST_VECINDAPP.csproj]
C:\Users\Paloma\Desktop\VecindApp_Todo\BACKEND\REST_VECINDAPP\Modelos\Certificados.cs(11,23): warning CS8618: El elemento propiedad "estado" que no acepta valores NULL debe contener un valor distinto de NULL al salir del constructor. Considere la posibilidad de agregar el modificador "required'"o declarar el propiedad como un valor que acepta valores NULL. [C:\Users\Paloma\Desktop\VecindApp_Todo\BACKEND\REST_VECINDAPP\REST_VECINDAPP.csproj]
C:\Users\Paloma\Desktop\VecindApp_Todo\BACKEND\REST_VECINDAPP\Modelos\Certificados.cs(14,45): warning CS8618: El elemento propiedad "solicitud" que no acepta valores NULL debe contener un valor distinto de NULL al salir del constructor. Considere la posibilidad de agregar el modificador "required'"o declarar el propiedad como un valor que acepta valores NULL. [C:\Users\Paloma\Desktop\VecindApp_Todo\BACKEND\REST_VECINDAPP\REST_VECINDAPP.csproj]
C:\Users\Paloma\Desktop\VecindApp_Todo\BACKEND\REST_VECINDAPP\Modelos\AsistenciaEvento.cs(9,23): warning CS8618: El elemento propiedad "Nombre" que no acepta valores NULL debe contener un valor distinto de NULL al salir del constructor. Considere la posibilidad de agregar el modificador "required'"o declarar el propiedad como un valor que acepta valores NULL. [C:\Users\Paloma\Desktop\VecindApp_Todo\BACKEND\REST_VECINDAPP\REST_VECINDAPP.csproj]
C:\Users\Paloma\Desktop\VecindApp_Todo\BACKEND\REST_VECINDAPP\Modelos\AsistenciaEvento.cs(10,23): warning CS8618: El elemento propiedad "Apellido" que no acepta valores NULL debe contener un valor distinto de NULL al salir del constructor. Considere la posibilidad de agregar el modificador "required'"o declarar el propiedad como un valor que acepta valores NULL. [C:\Users\Paloma\Desktop\VecindApp_Todo\BACKEND\REST_VECINDAPP\REST_VECINDAPP.csproj]
C:\Users\Paloma\Desktop\VecindApp_Todo\BACKEND\REST_VECINDAPP\CapaNegocios\cn_Directiva.cs(315,43): warning CS8600: Se va a convertir un literal nulo o un posible valor nulo en un tipo que no acepta valores NULL [C:\Users\Paloma\Desktop\VecindApp_Todo\BACKEND\REST_VECINDAPP\REST_VECINDAPP.csproj]
C:\Users\Paloma\Desktop\VecindApp_Todo\BACKEND\REST_VECINDAPP\CapaNegocios\cn_Directiva.cs(332,20): warning CS8603: Posible tipo de valor devuelto de referencia nulo. [C:\Users\Paloma\Desktop\VecindApp_Todo\BACKEND\REST_VECINDAPP\REST_VECINDAPP.csproj]
C:\Users\Paloma\Desktop\VecindApp_Todo\BACKEND\REST_VECINDAPP\CapaNegocios\cn_Certificados.cs(232,20): warning CS8603: Posible tipo de valor devuelto de referencia nulo. [C:\Users\Paloma\Desktop\VecindApp_Todo\BACKEND\REST_VECINDAPP\REST_VECINDAPP.csproj]
C:\Users\Paloma\Desktop\VecindApp_Todo\BACKEND\REST_VECINDAPP\CapaNegocios\cn_Directiva.cs(352,49): warning CS8600: Se va a convertir un literal nulo o un posible valor nulo en un tipo que no acepta valores NULL [C:\Users\Paloma\Desktop\VecindApp_Todo\BACKEND\REST_VECINDAPP\REST_VECINDAPP.csproj]
C:\Users\Paloma\Desktop\VecindApp_Todo\BACKEND\REST_VECINDAPP\CapaNegocios\cn_Directiva.cs(353,58): warning CS8600: Se va a convertir un literal nulo o un posible valor nulo en un tipo que no acepta valores NULL [C:\Users\Paloma\Desktop\VecindApp_Todo\BACKEND\REST_VECINDAPP\REST_VECINDAPP.csproj]
C:\Users\Paloma\Desktop\VecindApp_Todo\BACKEND\REST_VECINDAPP\CapaNegocios\cn_Directiva.cs(354,58): warning CS8600: Se va a convertir un literal nulo o un posible valor nulo en un tipo que no acepta valores NULL [C:\Users\Paloma\Desktop\VecindApp_Todo\BACKEND\REST_VECINDAPP\REST_VECINDAPP.csproj]
C:\Users\Paloma\Desktop\VecindApp_Todo\BACKEND\REST_VECINDAPP\CapaNegocios\cn_Directiva.cs(361,45): warning CS8601: Posible asignaci├│n de referencia nula. [C:\Users\Paloma\Desktop\VecindApp_Todo\BACKEND\REST_VECINDAPP\REST_VECINDAPP.csproj]
C:\Users\Paloma\Desktop\VecindApp_Todo\BACKEND\REST_VECINDAPP\CapaNegocios\cn_Directiva.cs(363,46): warning CS8601: Posible asignaci├│n de referencia nula. [C:\Users\Paloma\Desktop\VecindApp_Todo\BACKEND\REST_VECINDAPP\REST_VECINDAPP.csproj]
C:\Users\Paloma\Desktop\VecindApp_Todo\BACKEND\REST_VECINDAPP\CapaNegocios\cn_Directiva.cs(364,48): warning CS8601: Posible asignaci├│n de referencia nula. [C:\Users\Paloma\Desktop\VecindApp_Todo\BACKEND\REST_VECINDAPP\REST_VECINDAPP.csproj]
C:\Users\Paloma\Desktop\VecindApp_Todo\BACKEND\REST_VECINDAPP\CapaNegocios\cn_Directiva.cs(365,49): warning CS8601: Posible asignaci├│n de referencia nula. [C:\Users\Paloma\Desktop\VecindApp_Todo\BACKEND\REST_VECINDAPP\REST_VECINDAPP.csproj]
C:\Users\Paloma\Desktop\VecindApp_Todo\BACKEND\REST_VECINDAPP\CapaNegocios\cn_Eventos.cs(313,46): warning CS8601: Posible asignaci├│n de referencia nula. [C:\Users\Paloma\Desktop\VecindApp_Todo\BACKEND\REST_VECINDAPP\REST_VECINDAPP.csproj]
C:\Users\Paloma\Desktop\VecindApp_Todo\BACKEND\REST_VECINDAPP\CapaNegocios\cn_Eventos.cs(316,45): warning CS8601: Posible asignaci├│n de referencia nula. [C:\Users\Paloma\Desktop\VecindApp_Todo\BACKEND\REST_VECINDAPP\REST_VECINDAPP.csproj]
C:\Users\Paloma\Desktop\VecindApp_Todo\BACKEND\REST_VECINDAPP\CapaNegocios\cn_Usuarios.cs(585,50): warning CS8600: Se va a convertir un literal nulo o un posible valor nulo en un tipo que no acepta valores NULL [C:\Users\Paloma\Desktop\VecindApp_Todo\BACKEND\REST_VECINDAPP\REST_VECINDAPP.csproj]
C:\Users\Paloma\Desktop\VecindApp_Todo\BACKEND\REST_VECINDAPP\CapaNegocios\cn_Usuarios.cs(586,40): warning CS8619: La nulabilidad de los tipos de referencia en el valor de tipo "(bool, string? mensaje)" no coincide con el tipo de destino "(bool Exito, string Mensaje)". [C:\Users\Paloma\Desktop\VecindApp_Todo\BACKEND\REST_VECINDAPP\REST_VECINDAPP.csproj]
C:\Users\Paloma\Desktop\VecindApp_Todo\BACKEND\REST_VECINDAPP\CapaNegocios\cn_MercadoPago.cs(69,24): warning CS8603: Posible tipo de valor devuelto de referencia nulo. [C:\Users\Paloma\Desktop\VecindApp_Todo\BACKEND\REST_VECINDAPP\REST_VECINDAPP.csproj]
C:\Users\Paloma\Desktop\VecindApp_Todo\BACKEND\REST_VECINDAPP\CapaNegocios\cn_Directiva.cs(405,49): warning CS8600: Se va a convertir un literal nulo o un posible valor nulo en un tipo que no acepta valores NULL [C:\Users\Paloma\Desktop\VecindApp_Todo\BACKEND\REST_VECINDAPP\REST_VECINDAPP.csproj]
C:\Users\Paloma\Desktop\VecindApp_Todo\BACKEND\REST_VECINDAPP\CapaNegocios\cn_Directiva.cs(406,58): warning CS8600: Se va a convertir un literal nulo o un posible valor nulo en un tipo que no acepta valores NULL [C:\Users\Paloma\Desktop\VecindApp_Todo\BACKEND\REST_VECINDAPP\REST_VECINDAPP.csproj]
C:\Users\Paloma\Desktop\VecindApp_Todo\BACKEND\REST_VECINDAPP\CapaNegocios\cn_Directiva.cs(407,58): warning CS8600: Se va a convertir un literal nulo o un posible valor nulo en un tipo que no acepta valores NULL [C:\Users\Paloma\Desktop\VecindApp_Todo\BACKEND\REST_VECINDAPP\REST_VECINDAPP.csproj]
C:\Users\Paloma\Desktop\VecindApp_Todo\BACKEND\REST_VECINDAPP\CapaNegocios\cn_Directiva.cs(415,45): warning CS8601: Posible asignaci├│n de referencia nula. [C:\Users\Paloma\Desktop\VecindApp_Todo\BACKEND\REST_VECINDAPP\REST_VECINDAPP.csproj]
C:\Users\Paloma\Desktop\VecindApp_Todo\BACKEND\REST_VECINDAPP\CapaNegocios\cn_Directiva.cs(417,46): warning CS8601: Posible asignaci├│n de referencia nula. [C:\Users\Paloma\Desktop\VecindApp_Todo\BACKEND\REST_VECINDAPP\REST_VECINDAPP.csproj]
C:\Users\Paloma\Desktop\VecindApp_Todo\BACKEND\REST_VECINDAPP\CapaNegocios\cn_Directiva.cs(418,48): warning CS8601: Posible asignaci├│n de referencia nula. [C:\Users\Paloma\Desktop\VecindApp_Todo\BACKEND\REST_VECINDAPP\REST_VECINDAPP.csproj]
C:\Users\Paloma\Desktop\VecindApp_Todo\BACKEND\REST_VECINDAPP\CapaNegocios\cn_Directiva.cs(419,49): warning CS8601: Posible asignaci├│n de referencia nula. [C:\Users\Paloma\Desktop\VecindApp_Todo\BACKEND\REST_VECINDAPP\REST_VECINDAPP.csproj]
C:\Users\Paloma\Desktop\VecindApp_Todo\BACKEND\REST_VECINDAPP\CapaNegocios\cn_MercadoPago.cs(122,23): warning CS8618: El elemento propiedad "Id" que no acepta valores NULL debe contener un valor distinto de NULL al salir del constructor. Considere la posibilidad de agregar el modificador "required'"o declarar el propiedad como un valor que acepta valores NULL. [C:\Users\Paloma\Desktop\VecindApp_Todo\BACKEND\REST_VECINDAPP\REST_VECINDAPP.csproj]
C:\Users\Paloma\Desktop\VecindApp_Todo\BACKEND\REST_VECINDAPP\CapaNegocios\cn_MercadoPago.cs(123,23): warning CS8618: El elemento propiedad "InitPoint" que no acepta valores NULL debe contener un valor distinto de NULL al salir del constructor. Considere la posibilidad de agregar el modificador "required'"o declarar el propiedad como un valor que acepta valores NULL. [C:\Users\Paloma\Desktop\VecindApp_Todo\BACKEND\REST_VECINDAPP\REST_VECINDAPP.csproj]
C:\Users\Paloma\Desktop\VecindApp_Todo\BACKEND\REST_VECINDAPP\CapaNegocios\cn_MercadoPago.cs(124,23): warning CS8618: El elemento propiedad "SandboxInitPoint" que no acepta valores NULL debe contener un valor distinto de NULL al salir del constructor. Considere la posibilidad de agregar el modificador "required'"o declarar el propiedad como un valor que acepta valores NULL. [C:\Users\Paloma\Desktop\VecindApp_Todo\BACKEND\REST_VECINDAPP\REST_VECINDAPP.csproj]
C:\Users\Paloma\Desktop\VecindApp_Todo\BACKEND\REST_VECINDAPP\CapaNegocios\cn_Directiva.cs(459,39): warning CS8600: Se va a convertir un literal nulo o un posible valor nulo en un tipo que no acepta valores NULL [C:\Users\Paloma\Desktop\VecindApp_Todo\BACKEND\REST_VECINDAPP\REST_VECINDAPP.csproj]
C:\Users\Paloma\Desktop\VecindApp_Todo\BACKEND\REST_VECINDAPP\CapaNegocios\cn_Directiva.cs(467,20): warning CS8603: Posible tipo de valor devuelto de referencia nulo. [C:\Users\Paloma\Desktop\VecindApp_Todo\BACKEND\REST_VECINDAPP\REST_VECINDAPP.csproj]
C:\Users\Paloma\Desktop\VecindApp_Todo\BACKEND\REST_VECINDAPP\CapaNegocios\cn_Eventos.cs(354,46): warning CS8601: Posible asignaci├│n de referencia nula. [C:\Users\Paloma\Desktop\VecindApp_Todo\BACKEND\REST_VECINDAPP\REST_VECINDAPP.csproj]
C:\Users\Paloma\Desktop\VecindApp_Todo\BACKEND\REST_VECINDAPP\CapaNegocios\cn_Eventos.cs(355,51): warning CS8601: Posible asignaci├│n de referencia nula. [C:\Users\Paloma\Desktop\VecindApp_Todo\BACKEND\REST_VECINDAPP\REST_VECINDAPP.csproj]
C:\Users\Paloma\Desktop\VecindApp_Todo\BACKEND\REST_VECINDAPP\CapaNegocios\cn_Eventos.cs(358,45): warning CS8601: Posible asignaci├│n de referencia nula. [C:\Users\Paloma\Desktop\VecindApp_Todo\BACKEND\REST_VECINDAPP\REST_VECINDAPP.csproj]
C:\Users\Paloma\Desktop\VecindApp_Todo\BACKEND\REST_VECINDAPP\CapaNegocios\cn_Eventos.cs(361,48): warning CS8601: Posible asignaci├│n de referencia nula. [C:\Users\Paloma\Desktop\VecindApp_Todo\BACKEND\REST_VECINDAPP\REST_VECINDAPP.csproj]
C:\Users\Paloma\Desktop\VecindApp_Todo\BACKEND\REST_VECINDAPP\CapaNegocios\cn_Eventos.cs(365,45): warning CS8601: Posible asignaci├│n de referencia nula. [C:\Users\Paloma\Desktop\VecindApp_Todo\BACKEND\REST_VECINDAPP\REST_VECINDAPP.csproj]
C:\Users\Paloma\Desktop\VecindApp_Todo\BACKEND\REST_VECINDAPP\CapaNegocios\cn_SolicitudesCertificado.cs(39,39): warning CS8600: Se va a convertir un literal nulo o un posible valor nulo en un tipo que no acepta valores NULL [C:\Users\Paloma\Desktop\VecindApp_Todo\BACKEND\REST_VECINDAPP\REST_VECINDAPP.csproj]
C:\Users\Paloma\Desktop\VecindApp_Todo\BACKEND\REST_VECINDAPP\CapaNegocios\cn_SolicitudesCertificado.cs(47,20): warning CS8603: Posible tipo de valor devuelto de referencia nulo. [C:\Users\Paloma\Desktop\VecindApp_Todo\BACKEND\REST_VECINDAPP\REST_VECINDAPP.csproj]
C:\Users\Paloma\Desktop\VecindApp_Todo\BACKEND\REST_VECINDAPP\CapaNegocios\cn_Directiva.cs(529,50): warning CS8600: Se va a convertir un literal nulo o un posible valor nulo en un tipo que no acepta valores NULL [C:\Users\Paloma\Desktop\VecindApp_Todo\BACKEND\REST_VECINDAPP\REST_VECINDAPP.csproj]
C:\Users\Paloma\Desktop\VecindApp_Todo\BACKEND\REST_VECINDAPP\CapaNegocios\cn_Directiva.cs(530,39): warning CS8600: Se va a convertir un literal nulo o un posible valor nulo en un tipo que no acepta valores NULL [C:\Users\Paloma\Desktop\VecindApp_Todo\BACKEND\REST_VECINDAPP\REST_VECINDAPP.csproj]
C:\Users\Paloma\Desktop\VecindApp_Todo\BACKEND\REST_VECINDAPP\CapaNegocios\cn_Eventos.cs(400,40): warning CS8619: La nulabilidad de los tipos de referencia en el valor de tipo "(bool, string?)" no coincide con el tipo de destino "(bool Exito, string Mensaje)". [C:\Users\Paloma\Desktop\VecindApp_Todo\BACKEND\REST_VECINDAPP\REST_VECINDAPP.csproj]
C:\Users\Paloma\Desktop\VecindApp_Todo\BACKEND\REST_VECINDAPP\CapaNegocios\cn_Directiva.cs(561,39): warning CS8600: Se va a convertir un literal nulo o un posible valor nulo en un tipo que no acepta valores NULL [C:\Users\Paloma\Desktop\VecindApp_Todo\BACKEND\REST_VECINDAPP\REST_VECINDAPP.csproj]
C:\Users\Paloma\Desktop\VecindApp_Todo\BACKEND\REST_VECINDAPP\CapaNegocios\cn_Directiva.cs(569,20): warning CS8603: Posible tipo de valor devuelto de referencia nulo. [C:\Users\Paloma\Desktop\VecindApp_Todo\BACKEND\REST_VECINDAPP\REST_VECINDAPP.csproj]
C:\Users\Paloma\Desktop\VecindApp_Todo\BACKEND\REST_VECINDAPP\CapaNegocios\cn_SolicitudesCertificado.cs(52,49): warning CS8600: Se va a convertir un literal nulo o un posible valor nulo en un tipo que no acepta valores NULL [C:\Users\Paloma\Desktop\VecindApp_Todo\BACKEND\REST_VECINDAPP\REST_VECINDAPP.csproj]
C:\Users\Paloma\Desktop\VecindApp_Todo\BACKEND\REST_VECINDAPP\CapaNegocios\cn_SolicitudesCertificado.cs(73,42): warning CS8601: Posible asignaci├│n de referencia nula. [C:\Users\Paloma\Desktop\VecindApp_Todo\BACKEND\REST_VECINDAPP\REST_VECINDAPP.csproj]
C:\Users\Paloma\Desktop\VecindApp_Todo\BACKEND\REST_VECINDAPP\CapaNegocios\cn_SolicitudesCertificado.cs(74,42): warning CS8601: Posible asignaci├│n de referencia nula. [C:\Users\Paloma\Desktop\VecindApp_Todo\BACKEND\REST_VECINDAPP\REST_VECINDAPP.csproj]
C:\Users\Paloma\Desktop\VecindApp_Todo\BACKEND\REST_VECINDAPP\CapaNegocios\cn_SolicitudesCertificado.cs(76,49): warning CS8601: Posible asignaci├│n de referencia nula. [C:\Users\Paloma\Desktop\VecindApp_Todo\BACKEND\REST_VECINDAPP\REST_VECINDAPP.csproj]
C:\Users\Paloma\Desktop\VecindApp_Todo\BACKEND\REST_VECINDAPP\CapaNegocios\cn_SolicitudesCertificado.cs(85,20): warning CS8603: Posible tipo de valor devuelto de referencia nulo. [C:\Users\Paloma\Desktop\VecindApp_Todo\BACKEND\REST_VECINDAPP\REST_VECINDAPP.csproj]
C:\Users\Paloma\Desktop\VecindApp_Todo\BACKEND\REST_VECINDAPP\CapaNegocios\cn_Eventos.cs(433,40): warning CS8619: La nulabilidad de los tipos de referencia en el valor de tipo "(bool, string?)" no coincide con el tipo de destino "(bool Exito, string Mensaje)". [C:\Users\Paloma\Desktop\VecindApp_Todo\BACKEND\REST_VECINDAPP\REST_VECINDAPP.csproj]
C:\Users\Paloma\Desktop\VecindApp_Todo\BACKEND\REST_VECINDAPP\CapaNegocios\cn_SolicitudesCertificado.cs(110,42): warning CS8601: Posible asignaci├│n de referencia nula. [C:\Users\Paloma\Desktop\VecindApp_Todo\BACKEND\REST_VECINDAPP\REST_VECINDAPP.csproj]
C:\Users\Paloma\Desktop\VecindApp_Todo\BACKEND\REST_VECINDAPP\CapaNegocios\cn_SolicitudesCertificado.cs(111,42): warning CS8601: Posible asignaci├│n de referencia nula. [C:\Users\Paloma\Desktop\VecindApp_Todo\BACKEND\REST_VECINDAPP\REST_VECINDAPP.csproj]
C:\Users\Paloma\Desktop\VecindApp_Todo\BACKEND\REST_VECINDAPP\CapaNegocios\cn_SolicitudesCertificado.cs(144,39): warning CS8600: Se va a convertir un literal nulo o un posible valor nulo en un tipo que no acepta valores NULL [C:\Users\Paloma\Desktop\VecindApp_Todo\BACKEND\REST_VECINDAPP\REST_VECINDAPP.csproj]
C:\Users\Paloma\Desktop\VecindApp_Todo\BACKEND\REST_VECINDAPP\CapaNegocios\cn_SolicitudesCertificado.cs(152,20): warning CS8603: Posible tipo de valor devuelto de referencia nulo. [C:\Users\Paloma\Desktop\VecindApp_Todo\BACKEND\REST_VECINDAPP\REST_VECINDAPP.csproj]
C:\Users\Paloma\Desktop\VecindApp_Todo\BACKEND\REST_VECINDAPP\CapaNegocios\cn_Socios.cs(38,39): warning CS8600: Se va a convertir un literal nulo o un posible valor nulo en un tipo que no acepta valores NULL [C:\Users\Paloma\Desktop\VecindApp_Todo\BACKEND\REST_VECINDAPP\REST_VECINDAPP.csproj]
C:\Users\Paloma\Desktop\VecindApp_Todo\BACKEND\REST_VECINDAPP\CapaNegocios\cn_Socios.cs(46,20): warning CS8603: Posible tipo de valor devuelto de referencia nulo. [C:\Users\Paloma\Desktop\VecindApp_Todo\BACKEND\REST_VECINDAPP\REST_VECINDAPP.csproj]
C:\Users\Paloma\Desktop\VecindApp_Todo\BACKEND\REST_VECINDAPP\CapaNegocios\cn_SolicitudesCertificado.cs(175,39): warning CS8600: Se va a convertir un literal nulo o un posible valor nulo en un tipo que no acepta valores NULL [C:\Users\Paloma\Desktop\VecindApp_Todo\BACKEND\REST_VECINDAPP\REST_VECINDAPP.csproj]
C:\Users\Paloma\Desktop\VecindApp_Todo\BACKEND\REST_VECINDAPP\CapaNegocios\cn_SolicitudesCertificado.cs(183,20): warning CS8603: Posible tipo de valor devuelto de referencia nulo. [C:\Users\Paloma\Desktop\VecindApp_Todo\BACKEND\REST_VECINDAPP\REST_VECINDAPP.csproj]
C:\Users\Paloma\Desktop\VecindApp_Todo\BACKEND\REST_VECINDAPP\CapaNegocios\cn_Socios.cs(51,43): warning CS8600: Se va a convertir un literal nulo o un posible valor nulo en un tipo que no acepta valores NULL [C:\Users\Paloma\Desktop\VecindApp_Todo\BACKEND\REST_VECINDAPP\REST_VECINDAPP.csproj]
C:\Users\Paloma\Desktop\VecindApp_Todo\BACKEND\REST_VECINDAPP\CapaNegocios\cn_Socios.cs(69,42): warning CS8601: Posible asignaci├│n de referencia nula. [C:\Users\Paloma\Desktop\VecindApp_Todo\BACKEND\REST_VECINDAPP\REST_VECINDAPP.csproj]
C:\Users\Paloma\Desktop\VecindApp_Todo\BACKEND\REST_VECINDAPP\CapaNegocios\cn_Socios.cs(70,51): warning CS8601: Posible asignaci├│n de referencia nula. [C:\Users\Paloma\Desktop\VecindApp_Todo\BACKEND\REST_VECINDAPP\REST_VECINDAPP.csproj]
C:\Users\Paloma\Desktop\VecindApp_Todo\BACKEND\REST_VECINDAPP\CapaNegocios\cn_Socios.cs(71,51): warning CS8601: Posible asignaci├│n de referencia nula. [C:\Users\Paloma\Desktop\VecindApp_Todo\BACKEND\REST_VECINDAPP\REST_VECINDAPP.csproj]
C:\Users\Paloma\Desktop\VecindApp_Todo\BACKEND\REST_VECINDAPP\CapaNegocios\cn_Socios.cs(73,51): warning CS8601: Posible asignaci├│n de referencia nula. [C:\Users\Paloma\Desktop\VecindApp_Todo\BACKEND\REST_VECINDAPP\REST_VECINDAPP.csproj]
C:\Users\Paloma\Desktop\VecindApp_Todo\BACKEND\REST_VECINDAPP\CapaNegocios\cn_Socios.cs(74,49): warning CS8601: Posible asignaci├│n de referencia nula. [C:\Users\Paloma\Desktop\VecindApp_Todo\BACKEND\REST_VECINDAPP\REST_VECINDAPP.csproj]
C:\Users\Paloma\Desktop\VecindApp_Todo\BACKEND\REST_VECINDAPP\CapaNegocios\cn_Socios.cs(83,20): warning CS8603: Posible tipo de valor devuelto de referencia nulo. [C:\Users\Paloma\Desktop\VecindApp_Todo\BACKEND\REST_VECINDAPP\REST_VECINDAPP.csproj]
C:\Users\Paloma\Desktop\VecindApp_Todo\BACKEND\REST_VECINDAPP\Controllers\UsuariosController.cs(192,31): warning CS8602: Desreferencia de una referencia posiblemente NULL. [C:\Users\Paloma\Desktop\VecindApp_Todo\BACKEND\REST_VECINDAPP\REST_VECINDAPP.csproj]
C:\Users\Paloma\Desktop\VecindApp_Todo\BACKEND\REST_VECINDAPP\Controllers\AutenticacionController.cs(97,66): warning CS8604: Posible argumento de referencia nulo para el par├ímetro "contrasena" en "(bool Exito, string Mensaje) cn_Usuarios.IniciarSesion(int rut, string contrasena)". [C:\Users\Paloma\Desktop\VecindApp_Todo\BACKEND\REST_VECINDAPP\REST_VECINDAPP.csproj]
C:\Users\Paloma\Desktop\VecindApp_Todo\BACKEND\REST_VECINDAPP\CapaNegocios\cn_SolicitudesCertificado.cs(209,42): warning CS8601: Posible asignaci├│n de referencia nula. [C:\Users\Paloma\Desktop\VecindApp_Todo\BACKEND\REST_VECINDAPP\REST_VECINDAPP.csproj]
C:\Users\Paloma\Desktop\VecindApp_Todo\BACKEND\REST_VECINDAPP\CapaNegocios\cn_SolicitudesCertificado.cs(210,42): warning CS8601: Posible asignaci├│n de referencia nula. [C:\Users\Paloma\Desktop\VecindApp_Todo\BACKEND\REST_VECINDAPP\REST_VECINDAPP.csproj]
C:\Users\Paloma\Desktop\VecindApp_Todo\BACKEND\REST_VECINDAPP\CapaNegocios\cn_SolicitudesCertificado.cs(212,49): warning CS8601: Posible asignaci├│n de referencia nula. [C:\Users\Paloma\Desktop\VecindApp_Todo\BACKEND\REST_VECINDAPP\REST_VECINDAPP.csproj]
C:\Users\Paloma\Desktop\VecindApp_Todo\BACKEND\REST_VECINDAPP\CapaNegocios\cn_Socios.cs(88,27): warning CS8600: Se va a convertir un literal nulo o un posible valor nulo en un tipo que no acepta valores NULL [C:\Users\Paloma\Desktop\VecindApp_Todo\BACKEND\REST_VECINDAPP\REST_VECINDAPP.csproj]
C:\Users\Paloma\Desktop\VecindApp_Todo\BACKEND\REST_VECINDAPP\CapaNegocios\cn_Socios.cs(122,20): warning CS8603: Posible tipo de valor devuelto de referencia nulo. [C:\Users\Paloma\Desktop\VecindApp_Todo\BACKEND\REST_VECINDAPP\REST_VECINDAPP.csproj]
C:\Users\Paloma\Desktop\VecindApp_Todo\BACKEND\REST_VECINDAPP\Controllers\AutenticacionController.cs(175,85): warning CS8604: Posible argumento de referencia nulo para el par├ímetro "correoElectronico" en "Task<(bool Exito, string Mensaje, int Rut)> cn_Usuarios.SolicitarRecuperacionClave(string correoElectronico)". [C:\Users\Paloma\Desktop\VecindApp_Todo\BACKEND\REST_VECINDAPP\REST_VECINDAPP.csproj]
C:\Users\Paloma\Desktop\VecindApp_Todo\BACKEND\REST_VECINDAPP\Controllers\CertificadosController.cs(94,40): warning CS8604: Posible argumento de referencia nulo para el par├ímetro "s" en "int int.Parse(string s)". [C:\Users\Paloma\Desktop\VecindApp_Todo\BACKEND\REST_VECINDAPP\REST_VECINDAPP.csproj]
C:\Users\Paloma\Desktop\VecindApp_Todo\BACKEND\REST_VECINDAPP\Controllers\CertificadosController.cs(131,38): error CS0120: Se requiere una referencia de objeto para el campo, m├®todo o propiedad 'Transaction.Create(string, string, decimal, string)' no est├íticos [C:\Users\Paloma\Desktop\VecindApp_Todo\BACKEND\REST_VECINDAPP\REST_VECINDAPP.csproj]
C:\Users\Paloma\Desktop\VecindApp_Todo\BACKEND\REST_VECINDAPP\Controllers\AutenticacionController.cs(224,17): warning CS8604: Posible argumento de referencia nulo para el par├ímetro "token" en "(bool Exito, string Mensaje) cn_Usuarios.ConfirmarRecuperacionClave(int rut, string token, string nuevaContrasena)". [C:\Users\Paloma\Desktop\VecindApp_Todo\BACKEND\REST_VECINDAPP\REST_VECINDAPP.csproj]
C:\Users\Paloma\Desktop\VecindApp_Todo\BACKEND\REST_VECINDAPP\Controllers\AutenticacionController.cs(225,17): warning CS8604: Posible argumento de referencia nulo para el par├ímetro "nuevaContrasena" en "(bool Exito, string Mensaje) cn_Usuarios.ConfirmarRecuperacionClave(int rut, string token, string nuevaContrasena)". [C:\Users\Paloma\Desktop\VecindApp_Todo\BACKEND\REST_VECINDAPP\REST_VECINDAPP.csproj]
C:\Users\Paloma\Desktop\VecindApp_Todo\BACKEND\REST_VECINDAPP\Controllers\SociosController.cs(32,40): warning CS8600: Se va a convertir un literal nulo o un posible valor nulo en un tipo que no acepta valores NULL [C:\Users\Paloma\Desktop\VecindApp_Todo\BACKEND\REST_VECINDAPP\REST_VECINDAPP.csproj]
C:\Users\Paloma\Desktop\VecindApp_Todo\BACKEND\REST_VECINDAPP\Controllers\SociosController.cs(33,40): warning CS8600: Se va a convertir un literal nulo o un posible valor nulo en un tipo que no acepta valores NULL [C:\Users\Paloma\Desktop\VecindApp_Todo\BACKEND\REST_VECINDAPP\REST_VECINDAPP.csproj]
C:\Users\Paloma\Desktop\VecindApp_Todo\BACKEND\REST_VECINDAPP\Controllers\SociosController.cs(58,69): warning CS8604: Posible argumento de referencia nulo para el par├ímetro "rutaDocumentoIdentidad" en "string cn_Socios.SolicitarMembresia(int rut, string rutaDocumentoIdentidad, string rutaDocumentoDomicilio)". [C:\Users\Paloma\Desktop\VecindApp_Todo\BACKEND\REST_VECINDAPP\REST_VECINDAPP.csproj]
C:\Users\Paloma\Desktop\VecindApp_Todo\BACKEND\REST_VECINDAPP\Controllers\SociosController.cs(58,84): warning CS8604: Posible argumento de referencia nulo para el par├ímetro "rutaDocumentoDomicilio" en "string cn_Socios.SolicitarMembresia(int rut, string rutaDocumentoIdentidad, string rutaDocumentoDomicilio)". [C:\Users\Paloma\Desktop\VecindApp_Todo\BACKEND\REST_VECINDAPP\REST_VECINDAPP.csproj]
C:\Users\Paloma\Desktop\VecindApp_Todo\BACKEND\REST_VECINDAPP\Controllers\CertificadosController.cs(147,42): warning CS1998: El m├®todo asincr├│nico carece de operadores "await" y se ejecutar├í de forma sincr├│nica. Puede usar el operador 'await' para esperar llamadas API que no sean de bloqueo o 'await Task.Run(...)' para hacer tareas enlazadas a la CPU en un subproceso en segundo plano. [C:\Users\Paloma\Desktop\VecindApp_Todo\BACKEND\REST_VECINDAPP\REST_VECINDAPP.csproj]
C:\Users\Paloma\Desktop\VecindApp_Todo\BACKEND\REST_VECINDAPP\CapaNegocios\cn_Directiva.cs(699,39): warning CS8600: Se va a convertir un literal nulo o un posible valor nulo en un tipo que no acepta valores NULL [C:\Users\Paloma\Desktop\VecindApp_Todo\BACKEND\REST_VECINDAPP\REST_VECINDAPP.csproj]
C:\Users\Paloma\Desktop\VecindApp_Todo\BACKEND\REST_VECINDAPP\CapaNegocios\cn_Directiva.cs(707,20): warning CS8603: Posible tipo de valor devuelto de referencia nulo. [C:\Users\Paloma\Desktop\VecindApp_Todo\BACKEND\REST_VECINDAPP\REST_VECINDAPP.csproj]
C:\Users\Paloma\Desktop\VecindApp_Todo\BACKEND\REST_VECINDAPP\Controllers\CertificadosController.cs(187,97): warning CS8604: Posible argumento de referencia nulo para el par├ímetro "preferenciaId" en "Task<(bool Exito, string Mensaje)> cn_Certificados.ProcesarPagoCertificado(int solicitudId, string preferenciaId)". [C:\Users\Paloma\Desktop\VecindApp_Todo\BACKEND\REST_VECINDAPP\REST_VECINDAPP.csproj]
C:\Users\Paloma\Desktop\VecindApp_Todo\BACKEND\REST_VECINDAPP\Controllers\CertificadosController.cs(201,40): warning CS8604: Posible argumento de referencia nulo para el par├ímetro "s" en "int int.Parse(string s)". [C:\Users\Paloma\Desktop\VecindApp_Todo\BACKEND\REST_VECINDAPP\REST_VECINDAPP.csproj]
C:\Users\Paloma\Desktop\VecindApp_Todo\BACKEND\REST_VECINDAPP\Controllers\EventosController.cs(46,29): warning CS8601: Posible asignaci├│n de referencia nula. [C:\Users\Paloma\Desktop\VecindApp_Todo\BACKEND\REST_VECINDAPP\REST_VECINDAPP.csproj]
C:\Users\Paloma\Desktop\VecindApp_Todo\BACKEND\REST_VECINDAPP\Controllers\CertificadosController.cs(253,23): warning CS8618: El elemento propiedad "Type" que no acepta valores NULL debe contener un valor distinto de NULL al salir del constructor. Considere la posibilidad de agregar el modificador "required'"o declarar el propiedad como un valor que acepta valores NULL. [C:\Users\Paloma\Desktop\VecindApp_Todo\BACKEND\REST_VECINDAPP\REST_VECINDAPP.csproj]
C:\Users\Paloma\Desktop\VecindApp_Todo\BACKEND\REST_VECINDAPP\Controllers\CertificadosController.cs(254,23): warning CS8618: El elemento propiedad "Action" que no acepta valores NULL debe contener un valor distinto de NULL al salir del constructor. Considere la posibilidad de agregar el modificador "required'"o declarar el propiedad como un valor que acepta valores NULL. [C:\Users\Paloma\Desktop\VecindApp_Todo\BACKEND\REST_VECINDAPP\REST_VECINDAPP.csproj]
C:\Users\Paloma\Desktop\VecindApp_Todo\BACKEND\REST_VECINDAPP\Controllers\CertificadosController.cs(255,28): warning CS8618: El elemento propiedad "Data" que no acepta valores NULL debe contener un valor distinto de NULL al salir del constructor. Considere la posibilidad de agregar el modificador "required'"o declarar el propiedad como un valor que acepta valores NULL. [C:\Users\Paloma\Desktop\VecindApp_Todo\BACKEND\REST_VECINDAPP\REST_VECINDAPP.csproj]
C:\Users\Paloma\Desktop\VecindApp_Todo\BACKEND\REST_VECINDAPP\Controllers\AutenticacionController.cs(293,17): warning CS8604: Posible argumento de referencia nulo para el par├ímetro "nombreCompleto" en "(bool Exito, string Mensaje) cn_Usuarios.RecuperarClaveSimple(int rut, string nombreCompleto, string nuevaContrasena)". [C:\Users\Paloma\Desktop\VecindApp_Todo\BACKEND\REST_VECINDAPP\REST_VECINDAPP.csproj]
C:\Users\Paloma\Desktop\VecindApp_Todo\BACKEND\REST_VECINDAPP\Controllers\AutenticacionController.cs(294,17): warning CS8604: Posible argumento de referencia nulo para el par├ímetro "nuevaContrasena" en "(bool Exito, string Mensaje) cn_Usuarios.RecuperarClaveSimple(int rut, string nombreCompleto, string nuevaContrasena)". [C:\Users\Paloma\Desktop\VecindApp_Todo\BACKEND\REST_VECINDAPP\REST_VECINDAPP.csproj]
C:\Users\Paloma\Desktop\VecindApp_Todo\BACKEND\REST_VECINDAPP\Controllers\CertificadosController.cs(260,23): warning CS8618: El elemento propiedad "Id" que no acepta valores NULL debe contener un valor distinto de NULL al salir del constructor. Considere la posibilidad de agregar el modificador "required'"o declarar el propiedad como un valor que acepta valores NULL. [C:\Users\Paloma\Desktop\VecindApp_Todo\BACKEND\REST_VECINDAPP\REST_VECINDAPP.csproj]
C:\Users\Paloma\Desktop\VecindApp_Todo\BACKEND\REST_VECINDAPP\Controllers\CertificadosController.cs(261,23): warning CS8618: El elemento propiedad "Status" que no acepta valores NULL debe contener un valor distinto de NULL al salir del constructor. Considere la posibilidad de agregar el modificador "required'"o declarar el propiedad como un valor que acepta valores NULL. [C:\Users\Paloma\Desktop\VecindApp_Todo\BACKEND\REST_VECINDAPP\REST_VECINDAPP.csproj]

ERROR al compilar.

C:\Users\Paloma\Desktop\VecindApp_Todo\BACKEND\REST_VECINDAPP\REST_VECINDAPP.csproj : warning NU1903: El paquete "MimeKit" 4.3.0 tiene una vulnerabilidad de gravedad alta conocida, https://github.com/advisories/GHSA-gmc6-fwg3-75m5 [C:\Users\Paloma\Desktop\VecindApp_Todo\BACKEND\REST_VECINDAPP\REST_VECINDAPP.sln]
C:\Users\Paloma\Desktop\VecindApp_Todo\BACKEND\REST_VECINDAPP\REST_VECINDAPP.csproj : warning NU1903: El paquete "MimeKit" 4.3.0 tiene una vulnerabilidad de gravedad alta conocida, https://github.com/advisories/GHSA-gmc6-fwg3-75m5
C:\Users\Paloma\Desktop\VecindApp_Todo\BACKEND\REST_VECINDAPP\CapaNegocios\cn_Administrador.cs(206,125): warning CS8625: No se puede convertir un literal NULL en un tipo de referencia que no acepta valores NULL. [C:\Users\Paloma\Desktop\VecindApp_Todo\BACKEND\REST_VECINDAPP\REST_VECINDAPP.csproj]
C:\Users\Paloma\Desktop\VecindApp_Todo\BACKEND\REST_VECINDAPP\CapaNegocios\cn_Directiva.cs(69,86): warning CS8625: No se puede convertir un literal NULL en un tipo de referencia que no acepta valores NULL. [C:\Users\Paloma\Desktop\VecindApp_Todo\BACKEND\REST_VECINDAPP\REST_VECINDAPP.csproj]
C:\Users\Paloma\Desktop\VecindApp_Todo\BACKEND\REST_VECINDAPP\Controllers\DirectivaController.cs(38,112): warning CS8625: No se puede convertir un literal NULL en un tipo de referencia que no acepta valores NULL. [C:\Users\Paloma\Desktop\VecindApp_Todo\BACKEND\REST_VECINDAPP\REST_VECINDAPP.csproj]
C:\Users\Paloma\Desktop\VecindApp_Todo\BACKEND\REST_VECINDAPP\Modelos\DTOs\EstadisticasResponse.cs(4,31): warning CS8618: El elemento propiedad "Estadisticas" que no acepta valores NULL debe contener un valor distinto de NULL al salir del constructor. Considere la posibilidad de agregar el modificador "required'"o declarar el propiedad como un valor que acepta valores NULL. [C:\Users\Paloma\Desktop\VecindApp_Todo\BACKEND\REST_VECINDAPP\REST_VECINDAPP.csproj]
C:\Users\Paloma\Desktop\VecindApp_Todo\BACKEND\REST_VECINDAPP\Modelos\DTOs\EstadisticasResponse.cs(5,28): warning CS8618: El elemento propiedad "UltimasActividades" que no acepta valores NULL debe contener un valor distinto de NULL al salir del constructor. Considere la posibilidad de agregar el modificador "required'"o declarar el propiedad como un valor que acepta valores NULL. [C:\Users\Paloma\Desktop\VecindApp_Todo\BACKEND\REST_VECINDAPP\REST_VECINDAPP.csproj]
C:\Users\Paloma\Desktop\VecindApp_Todo\BACKEND\REST_VECINDAPP\Modelos\EstadisticasSocios.cs(14,19): warning CS8618: El elemento propiedad "Titulo" que no acepta valores NULL debe contener un valor distinto de NULL al salir del constructor. Considere la posibilidad de agregar el modificador "required'"o declarar el propiedad como un valor que acepta valores NULL. [C:\Users\Paloma\Desktop\VecindApp_Todo\BACKEND\REST_VECINDAPP\REST_VECINDAPP.csproj]
C:\Users\Paloma\Desktop\VecindApp_Todo\BACKEND\REST_VECINDAPP\Modelos\EstadisticasSocios.cs(15,19): warning CS8618: El elemento propiedad "Descripcion" que no acepta valores NULL debe contener un valor distinto de NULL al salir del constructor. Considere la posibilidad de agregar el modificador "required'"o declarar el propiedad como un valor que acepta valores NULL. [C:\Users\Paloma\Desktop\VecindApp_Todo\BACKEND\REST_VECINDAPP\REST_VECINDAPP.csproj]
C:\Users\Paloma\Desktop\VecindApp_Todo\BACKEND\REST_VECINDAPP\Modelos\EstadisticasSocios.cs(17,19): warning CS8618: El elemento propiedad "Icono" que no acepta valores NULL debe contener un valor distinto de NULL al salir del constructor. Considere la posibilidad de agregar el modificador "required'"o declarar el propiedad como un valor que acepta valores NULL. [C:\Users\Paloma\Desktop\VecindApp_Todo\BACKEND\REST_VECINDAPP\REST_VECINDAPP.csproj]
C:\Users\Paloma\Desktop\VecindApp_Todo\BACKEND\REST_VECINDAPP\Modelos\EstadisticasSocios.cs(18,19): warning CS8618: El elemento propiedad "Color" que no acepta valores NULL debe contener un valor distinto de NULL al salir del constructor. Considere la posibilidad de agregar el modificador "required'"o declarar el propiedad como un valor que acepta valores NULL. [C:\Users\Paloma\Desktop\VecindApp_Todo\BACKEND\REST_VECINDAPP\REST_VECINDAPP.csproj]
C:\Users\Paloma\Desktop\VecindApp_Todo\BACKEND\REST_VECINDAPP\Modelos\DTOs\SocioHistorialDTO.cs(7,19): warning CS8618: El elemento propiedad "DvRut" que no acepta valores NULL debe contener un valor distinto de NULL al salir del constructor. Considere la posibilidad de agregar el modificador "required'"o declarar el propiedad como un valor que acepta valores NULL. [C:\Users\Paloma\Desktop\VecindApp_Todo\BACKEND\REST_VECINDAPP\REST_VECINDAPP.csproj]
C:\Users\Paloma\Desktop\VecindApp_Todo\BACKEND\REST_VECINDAPP\Modelos\DTOs\SocioHistorialDTO.cs(8,19): warning CS8618: El elemento propiedad "NombreCompleto" que no acepta valores NULL debe contener un valor distinto de NULL al salir del constructor. Considere la posibilidad de agregar el modificador "required'"o declarar el propiedad como un valor que acepta valores NULL. [C:\Users\Paloma\Desktop\VecindApp_Todo\BACKEND\REST_VECINDAPP\REST_VECINDAPP.csproj]
C:\Users\Paloma\Desktop\VecindApp_Todo\BACKEND\REST_VECINDAPP\Modelos\DTOs\SocioHistorialDTO.cs(9,19): warning CS8618: El elemento propiedad "Correo" que no acepta valores NULL debe contener un valor distinto de NULL al salir del constructor. Considere la posibilidad de agregar el modificador "required'"o declarar el propiedad como un valor que acepta valores NULL. [C:\Users\Paloma\Desktop\VecindApp_Todo\BACKEND\REST_VECINDAPP\REST_VECINDAPP.csproj]
C:\Users\Paloma\Desktop\VecindApp_Todo\BACKEND\REST_VECINDAPP\Modelos\DTOs\SocioHistorialDTO.cs(10,19): warning CS8618: El elemento propiedad "Telefono" que no acepta valores NULL debe contener un valor distinto de NULL al salir del constructor. Considere la posibilidad de agregar el modificador "required'"o declarar el propiedad como un valor que acepta valores NULL. [C:\Users\Paloma\Desktop\VecindApp_Todo\BACKEND\REST_VECINDAPP\REST_VECINDAPP.csproj]
C:\Users\Paloma\Desktop\VecindApp_Todo\BACKEND\REST_VECINDAPP\Modelos\DTOs\SocioHistorialDTO.cs(11,19): warning CS8618: El elemento propiedad "Direccion" que no acepta valores NULL debe contener un valor distinto de NULL al salir del constructor. Considere la posibilidad de agregar el modificador "required'"o declarar el propiedad como un valor que acepta valores NULL. [C:\Users\Paloma\Desktop\VecindApp_Todo\BACKEND\REST_VECINDAPP\REST_VECINDAPP.csproj]
C:\Users\Paloma\Desktop\VecindApp_Todo\BACKEND\REST_VECINDAPP\Servicios\EmailService.cs(47,56): warning CS8604: Posible argumento de referencia nulo para el par├ímetro "s" en "int int.Parse(string s)". [C:\Users\Paloma\Desktop\VecindApp_Todo\BACKEND\REST_VECINDAPP\REST_VECINDAPP.csproj]
C:\Users\Paloma\Desktop\VecindApp_Todo\BACKEND\REST_VECINDAPP\CapaNegocios\cn_Administrador.cs(154,45): warning CS8601: Posible asignaci├│n de referencia nula. [C:\Users\Paloma\Desktop\VecindApp_Todo\BACKEND\REST_VECINDAPP\REST_VECINDAPP.csproj]
C:\Users\Paloma\Desktop\VecindApp_Todo\BACKEND\REST_VECINDAPP\CapaNegocios\cn_Administrador.cs(155,45): warning CS8601: Posible asignaci├│n de referencia nula. [C:\Users\Paloma\Desktop\VecindApp_Todo\BACKEND\REST_VECINDAPP\REST_VECINDAPP.csproj]
C:\Users\Paloma\Desktop\VecindApp_Todo\BACKEND\REST_VECINDAPP\CapaNegocios\cn_Administrador.cs(156,51): warning CS8601: Posible asignaci├│n de referencia nula. [C:\Users\Paloma\Desktop\VecindApp_Todo\BACKEND\REST_VECINDAPP\REST_VECINDAPP.csproj]
C:\Users\Paloma\Desktop\VecindApp_Todo\BACKEND\REST_VECINDAPP\CapaNegocios\cn_Directiva.cs(89,42): warning CS8601: Posible asignaci├│n de referencia nula. [C:\Users\Paloma\Desktop\VecindApp_Todo\BACKEND\REST_VECINDAPP\REST_VECINDAPP.csproj]
C:\Users\Paloma\Desktop\VecindApp_Todo\BACKEND\REST_VECINDAPP\CapaNegocios\cn_Directiva.cs(90,51): warning CS8601: Posible asignaci├│n de referencia nula. [C:\Users\Paloma\Desktop\VecindApp_Todo\BACKEND\REST_VECINDAPP\REST_VECINDAPP.csproj]
C:\Users\Paloma\Desktop\VecindApp_Todo\BACKEND\REST_VECINDAPP\CapaNegocios\cn_Directiva.cs(91,51): warning CS8601: Posible asignaci├│n de referencia nula. [C:\Users\Paloma\Desktop\VecindApp_Todo\BACKEND\REST_VECINDAPP\REST_VECINDAPP.csproj]
C:\Users\Paloma\Desktop\VecindApp_Todo\BACKEND\REST_VECINDAPP\CapaNegocios\cn_Directiva.cs(93,51): warning CS8601: Posible asignaci├│n de referencia nula. [C:\Users\Paloma\Desktop\VecindApp_Todo\BACKEND\REST_VECINDAPP\REST_VECINDAPP.csproj]
C:\Users\Paloma\Desktop\VecindApp_Todo\BACKEND\REST_VECINDAPP\CapaNegocios\cn_Directiva.cs(94,49): warning CS8601: Posible asignaci├│n de referencia nula. [C:\Users\Paloma\Desktop\VecindApp_Todo\BACKEND\REST_VECINDAPP\REST_VECINDAPP.csproj]
C:\Users\Paloma\Desktop\VecindApp_Todo\BACKEND\REST_VECINDAPP\CapaNegocios\cn_Directiva.cs(127,39): warning CS8600: Se va a convertir un literal nulo o un posible valor nulo en un tipo que no acepta valores NULL [C:\Users\Paloma\Desktop\VecindApp_Todo\BACKEND\REST_VECINDAPP\REST_VECINDAPP.csproj]
C:\Users\Paloma\Desktop\VecindApp_Todo\BACKEND\REST_VECINDAPP\CapaNegocios\cn_Directiva.cs(135,20): warning CS8603: Posible tipo de valor devuelto de referencia nulo. [C:\Users\Paloma\Desktop\VecindApp_Todo\BACKEND\REST_VECINDAPP\REST_VECINDAPP.csproj]
C:\Users\Paloma\Desktop\VecindApp_Todo\BACKEND\REST_VECINDAPP\Seguridad\VerificarRolAttribute.cs(28,18): warning CS8602: Desreferencia de una referencia posiblemente NULL. [C:\Users\Paloma\Desktop\VecindApp_Todo\BACKEND\REST_VECINDAPP\REST_VECINDAPP.csproj]
C:\Users\Paloma\Desktop\VecindApp_Todo\BACKEND\REST_VECINDAPP\CapaNegocios\cn_Directiva.cs(156,39): warning CS8600: Se va a convertir un literal nulo o un posible valor nulo en un tipo que no acepta valores NULL [C:\Users\Paloma\Desktop\VecindApp_Todo\BACKEND\REST_VECINDAPP\REST_VECINDAPP.csproj]
C:\Users\Paloma\Desktop\VecindApp_Todo\BACKEND\REST_VECINDAPP\CapaNegocios\cn_Directiva.cs(164,20): warning CS8603: Posible tipo de valor devuelto de referencia nulo. [C:\Users\Paloma\Desktop\VecindApp_Todo\BACKEND\REST_VECINDAPP\REST_VECINDAPP.csproj]
C:\Users\Paloma\Desktop\VecindApp_Todo\BACKEND\REST_VECINDAPP\CapaNegocios\cn_Eventos.cs(43,51): warning CS8601: Posible asignaci├│n de referencia nula. [C:\Users\Paloma\Desktop\VecindApp_Todo\BACKEND\REST_VECINDAPP\REST_VECINDAPP.csproj]
C:\Users\Paloma\Desktop\VecindApp_Todo\BACKEND\REST_VECINDAPP\CapaNegocios\cn_Administrador.cs(235,53): warning CS8601: Posible asignaci├│n de referencia nula. [C:\Users\Paloma\Desktop\VecindApp_Todo\BACKEND\REST_VECINDAPP\REST_VECINDAPP.csproj]
C:\Users\Paloma\Desktop\VecindApp_Todo\BACKEND\REST_VECINDAPP\CapaNegocios\cn_Administrador.cs(236,46): warning CS8601: Posible asignaci├│n de referencia nula. [C:\Users\Paloma\Desktop\VecindApp_Todo\BACKEND\REST_VECINDAPP\REST_VECINDAPP.csproj]
C:\Users\Paloma\Desktop\VecindApp_Todo\BACKEND\REST_VECINDAPP\CapaNegocios\cn_Administrador.cs(237,47): warning CS8601: Posible asignaci├│n de referencia nula. [C:\Users\Paloma\Desktop\VecindApp_Todo\BACKEND\REST_VECINDAPP\REST_VECINDAPP.csproj]
C:\Users\Paloma\Desktop\VecindApp_Todo\BACKEND\REST_VECINDAPP\CapaNegocios\cn_Administrador.cs(240,48): warning CS8601: Posible asignaci├│n de referencia nula. [C:\Users\Paloma\Desktop\VecindApp_Todo\BACKEND\REST_VECINDAPP\REST_VECINDAPP.csproj]
C:\Users\Paloma\Desktop\VecindApp_Todo\BACKEND\REST_VECINDAPP\CapaNegocios\cn_Administrador.cs(241,42): warning CS8601: Posible asignaci├│n de referencia nula. [C:\Users\Paloma\Desktop\VecindApp_Todo\BACKEND\REST_VECINDAPP\REST_VECINDAPP.csproj]
C:\Users\Paloma\Desktop\VecindApp_Todo\BACKEND\REST_VECINDAPP\CapaNegocios\cn_Certificados.cs(134,30): warning CS8601: Posible asignaci├│n de referencia nula. [C:\Users\Paloma\Desktop\VecindApp_Todo\BACKEND\REST_VECINDAPP\REST_VECINDAPP.csproj]
C:\Users\Paloma\Desktop\VecindApp_Todo\BACKEND\REST_VECINDAPP\CapaNegocios\cn_Certificados.cs(135,42): warning CS8601: Posible asignaci├│n de referencia nula. [C:\Users\Paloma\Desktop\VecindApp_Todo\BACKEND\REST_VECINDAPP\REST_VECINDAPP.csproj]
C:\Users\Paloma\Desktop\VecindApp_Todo\BACKEND\REST_VECINDAPP\CapaNegocios\cn_Certificados.cs(139,37): warning CS8601: Posible asignaci├│n de referencia nula. [C:\Users\Paloma\Desktop\VecindApp_Todo\BACKEND\REST_VECINDAPP\REST_VECINDAPP.csproj]
C:\Users\Paloma\Desktop\VecindApp_Todo\BACKEND\REST_VECINDAPP\CapaNegocios\cn_Eventos.cs(99,40): warning CS8619: La nulabilidad de los tipos de referencia en el valor de tipo "(bool, string? mensaje)" no coincide con el tipo de destino "(bool Exito, string Mensaje)". [C:\Users\Paloma\Desktop\VecindApp_Todo\BACKEND\REST_VECINDAPP\REST_VECINDAPP.csproj]
C:\Users\Paloma\Desktop\VecindApp_Todo\BACKEND\REST_VECINDAPP\Modelos\TipoCertificado.cs(6,23): warning CS8618: El elemento propiedad "nombre" que no acepta valores NULL debe contener un valor distinto de NULL al salir del constructor. Considere la posibilidad de agregar el modificador "required'"o declarar el propiedad como un valor que acepta valores NULL. [C:\Users\Paloma\Desktop\VecindApp_Todo\BACKEND\REST_VECINDAPP\REST_VECINDAPP.csproj]
C:\Users\Paloma\Desktop\VecindApp_Todo\BACKEND\REST_VECINDAPP\Modelos\TipoCertificado.cs(7,23): warning CS8618: El elemento propiedad "descripcion" que no acepta valores NULL debe contener un valor distinto de NULL al salir del constructor. Considere la posibilidad de agregar el modificador "required'"o declarar el propiedad como un valor que acepta valores NULL. [C:\Users\Paloma\Desktop\VecindApp_Todo\BACKEND\REST_VECINDAPP\REST_VECINDAPP.csproj]
C:\Users\Paloma\Desktop\VecindApp_Todo\BACKEND\REST_VECINDAPP\Modelos\TipoCertificado.cs(10,23): warning CS8618: El elemento propiedad "documentos_requeridos" que no acepta valores NULL debe contener un valor distinto de NULL al salir del constructor. Considere la posibilidad de agregar el modificador "required'"o declarar el propiedad como un valor que acepta valores NULL. [C:\Users\Paloma\Desktop\VecindApp_Todo\BACKEND\REST_VECINDAPP\REST_VECINDAPP.csproj]
C:\Users\Paloma\Desktop\VecindApp_Todo\BACKEND\REST_VECINDAPP\Modelos\TipoCertificado.cs(12,23): warning CS8618: El elemento propiedad "medios_pago_habilitados" que no acepta valores NULL debe contener un valor distinto de NULL al salir del constructor. Considere la posibilidad de agregar el modificador "required'"o declarar el propiedad como un valor que acepta valores NULL. [C:\Users\Paloma\Desktop\VecindApp_Todo\BACKEND\REST_VECINDAPP\REST_VECINDAPP.csproj]
C:\Users\Paloma\Desktop\VecindApp_Todo\BACKEND\REST_VECINDAPP\CapaNegocios\cn_Usuarios.cs(261,44): warning CS8600: Se va a convertir un literal nulo o un posible valor nulo en un tipo que no acepta valores NULL [C:\Users\Paloma\Desktop\VecindApp_Todo\BACKEND\REST_VECINDAPP\REST_VECINDAPP.csproj]
C:\Users\Paloma\Desktop\VecindApp_Todo\BACKEND\REST_VECINDAPP\CapaNegocios\cn_Usuarios.cs(282,48): warning CS8600: Se va a convertir un literal nulo o un posible valor nulo en un tipo que no acepta valores NULL [C:\Users\Paloma\Desktop\VecindApp_Todo\BACKEND\REST_VECINDAPP\REST_VECINDAPP.csproj]
C:\Users\Paloma\Desktop\VecindApp_Todo\BACKEND\REST_VECINDAPP\Modelos\SolicitudCertificado.cs(9,23): warning CS8618: El elemento propiedad "estado" que no acepta valores NULL debe contener un valor distinto de NULL al salir del constructor. Considere la posibilidad de agregar el modificador "required'"o declarar el propiedad como un valor que acepta valores NULL. [C:\Users\Paloma\Desktop\VecindApp_Todo\BACKEND\REST_VECINDAPP\REST_VECINDAPP.csproj]
C:\Users\Paloma\Desktop\VecindApp_Todo\BACKEND\REST_VECINDAPP\Modelos\SolicitudCertificado.cs(10,23): warning CS8618: El elemento propiedad "motivo" que no acepta valores NULL debe contener un valor distinto de NULL al salir del constructor. Considere la posibilidad de agregar el modificador "required'"o declarar el propiedad como un valor que acepta valores NULL. [C:\Users\Paloma\Desktop\VecindApp_Todo\BACKEND\REST_VECINDAPP\REST_VECINDAPP.csproj]
C:\Users\Paloma\Desktop\VecindApp_Todo\BACKEND\REST_VECINDAPP\Modelos\SolicitudCertificado.cs(11,23): warning CS8618: El elemento propiedad "documentos_adjuntos" que no acepta valores NULL debe contener un valor distinto de NULL al salir del constructor. Considere la posibilidad de agregar el modificador "required'"o declarar el propiedad como un valor que acepta valores NULL. [C:\Users\Paloma\Desktop\VecindApp_Todo\BACKEND\REST_VECINDAPP\REST_VECINDAPP.csproj]
C:\Users\Paloma\Desktop\VecindApp_Todo\BACKEND\REST_VECINDAPP\Modelos\SolicitudCertificado.cs(15,23): warning CS8618: El elemento propiedad "observaciones" que no acepta valores NULL debe contener un valor distinto de NULL al salir del constructor. Considere la posibilidad de agregar el modificador "required'"o declarar el propiedad como un valor que acepta valores NULL. [C:\Users\Paloma\Desktop\VecindApp_Todo\BACKEND\REST_VECINDAPP\REST_VECINDAPP.csproj]
C:\Users\Paloma\Desktop\VecindApp_Todo\BACKEND\REST_VECINDAPP\Modelos\SolicitudCertificado.cs(19,32): warning CS8618: El elemento propiedad "usuario" que no acepta valores NULL debe contener un valor distinto de NULL al salir del constructor. Considere la posibilidad de agregar el modificador "required'"o declarar el propiedad como un valor que acepta valores NULL. [C:\Users\Paloma\Desktop\VecindApp_Todo\BACKEND\REST_VECINDAPP\REST_VECINDAPP.csproj]
C:\Users\Paloma\Desktop\VecindApp_Todo\BACKEND\REST_VECINDAPP\Modelos\SolicitudCertificado.cs(20,40): warning CS8618: El elemento propiedad "tipo_certificado" que no acepta valores NULL debe contener un valor distinto de NULL al salir del constructor. Considere la posibilidad de agregar el modificador "required'"o declarar el propiedad como un valor que acepta valores NULL. [C:\Users\Paloma\Desktop\VecindApp_Todo\BACKEND\REST_VECINDAPP\REST_VECINDAPP.csproj]
C:\Users\Paloma\Desktop\VecindApp_Todo\BACKEND\REST_VECINDAPP\Modelos\SolicitudCertificado.cs(21,32): warning CS8618: El elemento propiedad "directiva" que no acepta valores NULL debe contener un valor distinto de NULL al salir del constructor. Considere la posibilidad de agregar el modificador "required'"o declarar el propiedad como un valor que acepta valores NULL. [C:\Users\Paloma\Desktop\VecindApp_Todo\BACKEND\REST_VECINDAPP\REST_VECINDAPP.csproj]
C:\Users\Paloma\Desktop\VecindApp_Todo\BACKEND\REST_VECINDAPP\CapaNegocios\cn_Certificados.cs(170,20): warning CS8603: Posible tipo de valor devuelto de referencia nulo. [C:\Users\Paloma\Desktop\VecindApp_Todo\BACKEND\REST_VECINDAPP\REST_VECINDAPP.csproj]
C:\Users\Paloma\Desktop\VecindApp_Todo\BACKEND\REST_VECINDAPP\CapaNegocios\cn_Directiva.cs(211,54): warning CS8601: Posible asignaci├│n de referencia nula. [C:\Users\Paloma\Desktop\VecindApp_Todo\BACKEND\REST_VECINDAPP\REST_VECINDAPP.csproj]
C:\Users\Paloma\Desktop\VecindApp_Todo\BACKEND\REST_VECINDAPP\CapaNegocios\cn_Directiva.cs(212,59): warning CS8601: Posible asignaci├│n de referencia nula. [C:\Users\Paloma\Desktop\VecindApp_Todo\BACKEND\REST_VECINDAPP\REST_VECINDAPP.csproj]
C:\Users\Paloma\Desktop\VecindApp_Todo\BACKEND\REST_VECINDAPP\CapaNegocios\cn_Directiva.cs(214,53): warning CS8601: Posible asignaci├│n de referencia nula. [C:\Users\Paloma\Desktop\VecindApp_Todo\BACKEND\REST_VECINDAPP\REST_VECINDAPP.csproj]
C:\Users\Paloma\Desktop\VecindApp_Todo\BACKEND\REST_VECINDAPP\CapaNegocios\cn_Directiva.cs(215,53): warning CS8601: Posible asignaci├│n de referencia nula. [C:\Users\Paloma\Desktop\VecindApp_Todo\BACKEND\REST_VECINDAPP\REST_VECINDAPP.csproj]
C:\Users\Paloma\Desktop\VecindApp_Todo\BACKEND\REST_VECINDAPP\Modelos\Evento.cs(27,23): warning CS8618: El elemento propiedad "Titulo" que no acepta valores NULL debe contener un valor distinto de NULL al salir del constructor. Considere la posibilidad de agregar el modificador "required'"o declarar el propiedad como un valor que acepta valores NULL. [C:\Users\Paloma\Desktop\VecindApp_Todo\BACKEND\REST_VECINDAPP\REST_VECINDAPP.csproj]
C:\Users\Paloma\Desktop\VecindApp_Todo\BACKEND\REST_VECINDAPP\Modelos\Evento.cs(28,23): warning CS8618: El elemento propiedad "Descripcion" que no acepta valores NULL debe contener un valor distinto de NULL al salir del constructor. Considere la posibilidad de agregar el modificador "required'"o declarar el propiedad como un valor que acepta valores NULL. [C:\Users\Paloma\Desktop\VecindApp_Todo\BACKEND\REST_VECINDAPP\REST_VECINDAPP.csproj]
C:\Users\Paloma\Desktop\VecindApp_Todo\BACKEND\REST_VECINDAPP\Modelos\Evento.cs(30,23): warning CS8618: El elemento propiedad "HoraEvento" que no acepta valores NULL debe contener un valor distinto de NULL al salir del constructor. Considere la posibilidad de agregar el modificador "required'"o declarar el propiedad como un valor que acepta valores NULL. [C:\Users\Paloma\Desktop\VecindApp_Todo\BACKEND\REST_VECINDAPP\REST_VECINDAPP.csproj]
C:\Users\Paloma\Desktop\VecindApp_Todo\BACKEND\REST_VECINDAPP\Modelos\Evento.cs(31,23): warning CS8618: El elemento propiedad "Lugar" que no acepta valores NULL debe contener un valor distinto de NULL al salir del constructor. Considere la posibilidad de agregar el modificador "required'"o declarar el propiedad como un valor que acepta valores NULL. [C:\Users\Paloma\Desktop\VecindApp_Todo\BACKEND\REST_VECINDAPP\REST_VECINDAPP.csproj]
C:\Users\Paloma\Desktop\VecindApp_Todo\BACKEND\REST_VECINDAPP\Modelos\Evento.cs(7,23): warning CS8618: El elemento propiedad "Titulo" que no acepta valores NULL debe contener un valor distinto de NULL al salir del constructor. Considere la posibilidad de agregar el modificador "required'"o declarar el propiedad como un valor que acepta valores NULL. [C:\Users\Paloma\Desktop\VecindApp_Todo\BACKEND\REST_VECINDAPP\REST_VECINDAPP.csproj]
C:\Users\Paloma\Desktop\VecindApp_Todo\BACKEND\REST_VECINDAPP\Modelos\Evento.cs(8,23): warning CS8618: El elemento propiedad "Descripcion" que no acepta valores NULL debe contener un valor distinto de NULL al salir del constructor. Considere la posibilidad de agregar el modificador "required'"o declarar el propiedad como un valor que acepta valores NULL. [C:\Users\Paloma\Desktop\VecindApp_Todo\BACKEND\REST_VECINDAPP\REST_VECINDAPP.csproj]
C:\Users\Paloma\Desktop\VecindApp_Todo\BACKEND\REST_VECINDAPP\Modelos\Evento.cs(16,23): warning CS8618: El elemento propiedad "Lugar" que no acepta valores NULL debe contener un valor distinto de NULL al salir del constructor. Considere la posibilidad de agregar el modificador "required'"o declarar el propiedad como un valor que acepta valores NULL. [C:\Users\Paloma\Desktop\VecindApp_Todo\BACKEND\REST_VECINDAPP\REST_VECINDAPP.csproj]
C:\Users\Paloma\Desktop\VecindApp_Todo\BACKEND\REST_VECINDAPP\Modelos\Evento.cs(19,23): warning CS8618: El elemento propiedad "CodigoQr" que no acepta valores NULL debe contener un valor distinto de NULL al salir del constructor. Considere la posibilidad de agregar el modificador "required'"o declarar el propiedad como un valor que acepta valores NULL. [C:\Users\Paloma\Desktop\VecindApp_Todo\BACKEND\REST_VECINDAPP\REST_VECINDAPP.csproj]
C:\Users\Paloma\Desktop\VecindApp_Todo\BACKEND\REST_VECINDAPP\Modelos\Evento.cs(22,23): warning CS8618: El elemento propiedad "Notas" que no acepta valores NULL debe contener un valor distinto de NULL al salir del constructor. Considere la posibilidad de agregar el modificador "required'"o declarar el propiedad como un valor que acepta valores NULL. [C:\Users\Paloma\Desktop\VecindApp_Todo\BACKEND\REST_VECINDAPP\REST_VECINDAPP.csproj]
C:\Users\Paloma\Desktop\VecindApp_Todo\BACKEND\REST_VECINDAPP\CapaNegocios\cn_Certificados.cs(181,20): warning CS8603: Posible tipo de valor devuelto de referencia nulo. [C:\Users\Paloma\Desktop\VecindApp_Todo\BACKEND\REST_VECINDAPP\REST_VECINDAPP.csproj]
C:\Users\Paloma\Desktop\VecindApp_Todo\BACKEND\REST_VECINDAPP\Modelos\DTOs\WebhookDTO.cs(12,23): warning CS8618: El elemento propiedad "Id" que no acepta valores NULL debe contener un valor distinto de NULL al salir del constructor. Considere la posibilidad de agregar el modificador "required'"o declarar el propiedad como un valor que acepta valores NULL. [C:\Users\Paloma\Desktop\VecindApp_Todo\BACKEND\REST_VECINDAPP\REST_VECINDAPP.csproj]
C:\Users\Paloma\Desktop\VecindApp_Todo\BACKEND\REST_VECINDAPP\Modelos\DTOs\WebhookDTO.cs(13,23): warning CS8618: El elemento propiedad "Status" que no acepta valores NULL debe contener un valor distinto de NULL al salir del constructor. Considere la posibilidad de agregar el modificador "required'"o declarar el propiedad como un valor que acepta valores NULL. [C:\Users\Paloma\Desktop\VecindApp_Todo\BACKEND\REST_VECINDAPP\REST_VECINDAPP.csproj]
C:\Users\Paloma\Desktop\VecindApp_Todo\BACKEND\REST_VECINDAPP\Modelos\DTOs\WebhookDTO.cs(5,23): warning CS8618: El elemento propiedad "Type" que no acepta valores NULL debe contener un valor distinto de NULL al salir del constructor. Considere la posibilidad de agregar el modificador "required'"o declarar el propiedad como un valor que acepta valores NULL. [C:\Users\Paloma\Desktop\VecindApp_Todo\BACKEND\REST_VECINDAPP\REST_VECINDAPP.csproj]
C:\Users\Paloma\Desktop\VecindApp_Todo\BACKEND\REST_VECINDAPP\Modelos\DTOs\WebhookDTO.cs(6,23): warning CS8618: El elemento propiedad "Action" que no acepta valores NULL debe contener un valor distinto de NULL al salir del constructor. Considere la posibilidad de agregar el modificador "required'"o declarar el propiedad como un valor que acepta valores NULL. [C:\Users\Paloma\Desktop\VecindApp_Todo\BACKEND\REST_VECINDAPP\REST_VECINDAPP.csproj]
C:\Users\Paloma\Desktop\VecindApp_Todo\BACKEND\REST_VECINDAPP\Modelos\DTOs\WebhookDTO.cs(7,28): warning CS8618: El elemento propiedad "Data" que no acepta valores NULL debe contener un valor distinto de NULL al salir del constructor. Considere la posibilidad de agregar el modificador "required'"o declarar el propiedad como un valor que acepta valores NULL. [C:\Users\Paloma\Desktop\VecindApp_Todo\BACKEND\REST_VECINDAPP\REST_VECINDAPP.csproj]
C:\Users\Paloma\Desktop\VecindApp_Todo\BACKEND\REST_VECINDAPP\Modelos\DTOs\SolicitudSocioDTO.cs(6,23): warning CS8618: El elemento propiedad "Nombre" que no acepta valores NULL debe contener un valor distinto de NULL al salir del constructor. Considere la posibilidad de agregar el modificador "required'"o declarar el propiedad como un valor que acepta valores NULL. [C:\Users\Paloma\Desktop\VecindApp_Todo\BACKEND\REST_VECINDAPP\REST_VECINDAPP.csproj]
C:\Users\Paloma\Desktop\VecindApp_Todo\BACKEND\REST_VECINDAPP\Modelos\DTOs\SolicitudSocioDTO.cs(7,23): warning CS8618: El elemento propiedad "ApellidoPaterno" que no acepta valores NULL debe contener un valor distinto de NULL al salir del constructor. Considere la posibilidad de agregar el modificador "required'"o declarar el propiedad como un valor que acepta valores NULL. [C:\Users\Paloma\Desktop\VecindApp_Todo\BACKEND\REST_VECINDAPP\REST_VECINDAPP.csproj]
C:\Users\Paloma\Desktop\VecindApp_Todo\BACKEND\REST_VECINDAPP\Modelos\DTOs\SolicitudSocioDTO.cs(8,23): warning CS8618: El elemento propiedad "ApellidoMaterno" que no acepta valores NULL debe contener un valor distinto de NULL al salir del constructor. Considere la posibilidad de agregar el modificador "required'"o declarar el propiedad como un valor que acepta valores NULL. [C:\Users\Paloma\Desktop\VecindApp_Todo\BACKEND\REST_VECINDAPP\REST_VECINDAPP.csproj]
C:\Users\Paloma\Desktop\VecindApp_Todo\BACKEND\REST_VECINDAPP\Modelos\DTOs\SolicitudSocioDTO.cs(10,23): warning CS8618: El elemento propiedad "EstadoSolicitud" que no acepta valores NULL debe contener un valor distinto de NULL al salir del constructor. Considere la posibilidad de agregar el modificador "required'"o declarar el propiedad como un valor que acepta valores NULL. [C:\Users\Paloma\Desktop\VecindApp_Todo\BACKEND\REST_VECINDAPP\REST_VECINDAPP.csproj]
C:\Users\Paloma\Desktop\VecindApp_Todo\BACKEND\REST_VECINDAPP\Modelos\DTOs\SolicitudSocioDTO.cs(11,23): warning CS8618: El elemento propiedad "MotivoRechazo" que no acepta valores NULL debe contener un valor distinto de NULL al salir del constructor. Considere la posibilidad de agregar el modificador "required'"o declarar el propiedad como un valor que acepta valores NULL. [C:\Users\Paloma\Desktop\VecindApp_Todo\BACKEND\REST_VECINDAPP\REST_VECINDAPP.csproj]
C:\Users\Paloma\Desktop\VecindApp_Todo\BACKEND\REST_VECINDAPP\Modelos\DTOs\SolicitudMembresia.cs(6,26): warning CS8618: El elemento propiedad "DocumentoIdentidad" que no acepta valores NULL debe contener un valor distinto de NULL al salir del constructor. Considere la posibilidad de agregar el modificador "required'"o declarar el propiedad como un valor que acepta valores NULL. [C:\Users\Paloma\Desktop\VecindApp_Todo\BACKEND\REST_VECINDAPP\REST_VECINDAPP.csproj]
C:\Users\Paloma\Desktop\VecindApp_Todo\BACKEND\REST_VECINDAPP\Modelos\DTOs\SolicitudMembresia.cs(7,26): warning CS8618: El elemento propiedad "DocumentoDomicilio" que no acepta valores NULL debe contener un valor distinto de NULL al salir del constructor. Considere la posibilidad de agregar el modificador "required'"o declarar el propiedad como un valor que acepta valores NULL. [C:\Users\Paloma\Desktop\VecindApp_Todo\BACKEND\REST_VECINDAPP\REST_VECINDAPP.csproj]
C:\Users\Paloma\Desktop\VecindApp_Todo\BACKEND\REST_VECINDAPP\Modelos\DTOs\SolicitudDirectivaDTO.cs(22,23): warning CS8618: El elemento propiedad "DirectivaRut" que no acepta valores NULL debe contener un valor distinto de NULL al salir del constructor. Considere la posibilidad de agregar el modificador "required'"o declarar el propiedad como un valor que acepta valores NULL. [C:\Users\Paloma\Desktop\VecindApp_Todo\BACKEND\REST_VECINDAPP\REST_VECINDAPP.csproj]
C:\Users\Paloma\Desktop\VecindApp_Todo\BACKEND\REST_VECINDAPP\Modelos\DTOs\SolicitudDirectivaDTO.cs(25,23): warning CS8618: El elemento propiedad "MotivoRechazo" que no acepta valores NULL debe contener un valor distinto de NULL al salir del constructor. Considere la posibilidad de agregar el modificador "required'"o declarar el propiedad como un valor que acepta valores NULL. [C:\Users\Paloma\Desktop\VecindApp_Todo\BACKEND\REST_VECINDAPP\REST_VECINDAPP.csproj]
C:\Users\Paloma\Desktop\VecindApp_Todo\BACKEND\REST_VECINDAPP\Modelos\DTOs\SolicitudDirectivaDTO.cs(11,23): warning CS8618: El elemento propiedad "DirectivaRut" que no acepta valores NULL debe contener un valor distinto de NULL al salir del constructor. Considere la posibilidad de agregar el modificador "required'"o declarar el propiedad como un valor que acepta valores NULL. [C:\Users\Paloma\Desktop\VecindApp_Todo\BACKEND\REST_VECINDAPP\REST_VECINDAPP.csproj]
C:\Users\Paloma\Desktop\VecindApp_Todo\BACKEND\REST_VECINDAPP\Modelos\DTOs\SolicitudDirectivaDTO.cs(13,23): warning CS8618: El elemento propiedad "Observaciones" que no acepta valores NULL debe contener un valor distinto de NULL al salir del constructor. Considere la posibilidad de agregar el modificador "required'"o declarar el propiedad como un valor que acepta valores NULL. [C:\Users\Paloma\Desktop\VecindApp_Todo\BACKEND\REST_VECINDAPP\REST_VECINDAPP.csproj]
C:\Users\Paloma\Desktop\VecindApp_Todo\BACKEND\REST_VECINDAPP\Modelos\DTOs\SocioActivoDTO.cs(8,23): warning CS8618: El elemento propiedad "DvRut" que no acepta valores NULL debe contener un valor distinto de NULL al salir del constructor. Considere la posibilidad de agregar el modificador "required'"o declarar el propiedad como un valor que acepta valores NULL. [C:\Users\Paloma\Desktop\VecindApp_Todo\BACKEND\REST_VECINDAPP\REST_VECINDAPP.csproj]
C:\Users\Paloma\Desktop\VecindApp_Todo\BACKEND\REST_VECINDAPP\Modelos\DTOs\SocioActivoDTO.cs(9,23): warning CS8618: El elemento propiedad "NombreCompleto" que no acepta valores NULL debe contener un valor distinto de NULL al salir del constructor. Considere la posibilidad de agregar el modificador "required'"o declarar el propiedad como un valor que acepta valores NULL. [C:\Users\Paloma\Desktop\VecindApp_Todo\BACKEND\REST_VECINDAPP\REST_VECINDAPP.csproj]
C:\Users\Paloma\Desktop\VecindApp_Todo\BACKEND\REST_VECINDAPP\Modelos\DTOs\SocioActivoDTO.cs(10,23): warning CS8618: El elemento propiedad "Correo" que no acepta valores NULL debe contener un valor distinto de NULL al salir del constructor. Considere la posibilidad de agregar el modificador "required'"o declarar el propiedad como un valor que acepta valores NULL. [C:\Users\Paloma\Desktop\VecindApp_Todo\BACKEND\REST_VECINDAPP\REST_VECINDAPP.csproj]
C:\Users\Paloma\Desktop\VecindApp_Todo\BACKEND\REST_VECINDAPP\Modelos\DTOs\SocioActivoDTO.cs(11,23): warning CS8618: El elemento propiedad "Telefono" que no acepta valores NULL debe contener un valor distinto de NULL al salir del constructor. Considere la posibilidad de agregar el modificador "required'"o declarar el propiedad como un valor que acepta valores NULL. [C:\Users\Paloma\Desktop\VecindApp_Todo\BACKEND\REST_VECINDAPP\REST_VECINDAPP.csproj]
C:\Users\Paloma\Desktop\VecindApp_Todo\BACKEND\REST_VECINDAPP\Modelos\DTOs\SocioActivoDTO.cs(12,23): warning CS8618: El elemento propiedad "Direccion" que no acepta valores NULL debe contener un valor distinto de NULL al salir del constructor. Considere la posibilidad de agregar el modificador "required'"o declarar el propiedad como un valor que acepta valores NULL. [C:\Users\Paloma\Desktop\VecindApp_Todo\BACKEND\REST_VECINDAPP\REST_VECINDAPP.csproj]
C:\Users\Paloma\Desktop\VecindApp_Todo\BACKEND\REST_VECINDAPP\Modelos\DTOs\RespuestaSolicitudDTO.cs(6,23): warning CS8618: El elemento propiedad "Mensaje" que no acepta valores NULL debe contener un valor distinto de NULL al salir del constructor. Considere la posibilidad de agregar el modificador "required'"o declarar el propiedad como un valor que acepta valores NULL. [C:\Users\Paloma\Desktop\VecindApp_Todo\BACKEND\REST_VECINDAPP\REST_VECINDAPP.csproj]
C:\Users\Paloma\Desktop\VecindApp_Todo\BACKEND\REST_VECINDAPP\Modelos\DTOs\RespuestaSolicitudDTO.cs(7,23): warning CS8618: El elemento propiedad "NuevoEstado" que no acepta valores NULL debe contener un valor distinto de NULL al salir del constructor. Considere la posibilidad de agregar el modificador "required'"o declarar el propiedad como un valor que acepta valores NULL. [C:\Users\Paloma\Desktop\VecindApp_Todo\BACKEND\REST_VECINDAPP\REST_VECINDAPP.csproj]
C:\Users\Paloma\Desktop\VecindApp_Todo\BACKEND\REST_VECINDAPP\Modelos\DTOs\RespuestaRegistroDTO.cs(6,43): warning CS8618: El elemento propiedad "Registros" que no acepta valores NULL debe contener un valor distinto de NULL al salir del constructor. Considere la posibilidad de agregar el modificador "required'"o declarar el propiedad como un valor que acepta valores NULL. [C:\Users\Paloma\Desktop\VecindApp_Todo\BACKEND\REST_VECINDAPP\REST_VECINDAPP.csproj]
C:\Users\Paloma\Desktop\VecindApp_Todo\BACKEND\REST_VECINDAPP\Modelos\DTOs\RespuestaCertificadoDTO.cs(11,23): warning CS8618: El elemento propiedad "Estado" que no acepta valores NULL debe contener un valor distinto de NULL al salir del constructor. Considere la posibilidad de agregar el modificador "required'"o declarar el propiedad como un valor que acepta valores NULL. [C:\Users\Paloma\Desktop\VecindApp_Todo\BACKEND\REST_VECINDAPP\REST_VECINDAPP.csproj]
C:\Users\Paloma\Desktop\VecindApp_Todo\BACKEND\REST_VECINDAPP\Modelos\DTOs\RespuestaCertificadoDTO.cs(12,23): warning CS8618: El elemento propiedad "Motivo" que no acepta valores NULL debe contener un valor distinto de NULL al salir del constructor. Considere la posibilidad de agregar el modificador "required'"o declarar el propiedad como un valor que acepta valores NULL. [C:\Users\Paloma\Desktop\VecindApp_Todo\BACKEND\REST_VECINDAPP\REST_VECINDAPP.csproj]
C:\Users\Paloma\Desktop\VecindApp_Todo\BACKEND\REST_VECINDAPP\Modelos\DTOs\RespuestaCertificadoDTO.cs(13,23): warning CS8618: El elemento propiedad "DocumentosAdjuntos" que no acepta valores NULL debe contener un valor distinto de NULL al salir del constructor. Considere la posibilidad de agregar el modificador "required'"o declarar el propiedad como un valor que acepta valores NULL. [C:\Users\Paloma\Desktop\VecindApp_Todo\BACKEND\REST_VECINDAPP\REST_VECINDAPP.csproj]
C:\Users\Paloma\Desktop\VecindApp_Todo\BACKEND\REST_VECINDAPP\Modelos\DTOs\RespuestaCertificadoDTO.cs(17,23): warning CS8618: El elemento propiedad "Observaciones" que no acepta valores NULL debe contener un valor distinto de NULL al salir del constructor. Considere la posibilidad de agregar el modificador "required'"o declarar el propiedad como un valor que acepta valores NULL. [C:\Users\Paloma\Desktop\VecindApp_Todo\BACKEND\REST_VECINDAPP\REST_VECINDAPP.csproj]
C:\Users\Paloma\Desktop\VecindApp_Todo\BACKEND\REST_VECINDAPP\Modelos\DTOs\RegistroActividadDTO.cs(7,23): warning CS8618: El elemento propiedad "NombreUsuario" que no acepta valores NULL debe contener un valor distinto de NULL al salir del constructor. Considere la posibilidad de agregar el modificador "required'"o declarar el propiedad como un valor que acepta valores NULL. [C:\Users\Paloma\Desktop\VecindApp_Todo\BACKEND\REST_VECINDAPP\REST_VECINDAPP.csproj]
C:\Users\Paloma\Desktop\VecindApp_Todo\BACKEND\REST_VECINDAPP\Modelos\DTOs\RegistroActividadDTO.cs(8,23): warning CS8618: El elemento propiedad "Accion" que no acepta valores NULL debe contener un valor distinto de NULL al salir del constructor. Considere la posibilidad de agregar el modificador "required'"o declarar el propiedad como un valor que acepta valores NULL. [C:\Users\Paloma\Desktop\VecindApp_Todo\BACKEND\REST_VECINDAPP\REST_VECINDAPP.csproj]
C:\Users\Paloma\Desktop\VecindApp_Todo\BACKEND\REST_VECINDAPP\Modelos\DTOs\RegistroActividadDTO.cs(9,23): warning CS8618: El elemento propiedad "Entidad" que no acepta valores NULL debe contener un valor distinto de NULL al salir del constructor. Considere la posibilidad de agregar el modificador "required'"o declarar el propiedad como un valor que acepta valores NULL. [C:\Users\Paloma\Desktop\VecindApp_Todo\BACKEND\REST_VECINDAPP\REST_VECINDAPP.csproj]
C:\Users\Paloma\Desktop\VecindApp_Todo\BACKEND\REST_VECINDAPP\Modelos\DTOs\RegistroActividadDTO.cs(11,23): warning CS8618: El elemento propiedad "Detalles" que no acepta valores NULL debe contener un valor distinto de NULL al salir del constructor. Considere la posibilidad de agregar el modificador "required'"o declarar el propiedad como un valor que acepta valores NULL. [C:\Users\Paloma\Desktop\VecindApp_Todo\BACKEND\REST_VECINDAPP\REST_VECINDAPP.csproj]
C:\Users\Paloma\Desktop\VecindApp_Todo\BACKEND\REST_VECINDAPP\Modelos\DTOs\RegistroActividadDTO.cs(12,23): warning CS8618: El elemento propiedad "IP" que no acepta valores NULL debe contener un valor distinto de NULL al salir del constructor. Considere la posibilidad de agregar el modificador "required'"o declarar el propiedad como un valor que acepta valores NULL. [C:\Users\Paloma\Desktop\VecindApp_Todo\BACKEND\REST_VECINDAPP\REST_VECINDAPP.csproj]
C:\Users\Paloma\Desktop\VecindApp_Todo\BACKEND\REST_VECINDAPP\Modelos\DTOs\RechazoDTO.cs(5,23): warning CS8618: El elemento propiedad "MotivoRechazo" que no acepta valores NULL debe contener un valor distinto de NULL al salir del constructor. Considere la posibilidad de agregar el modificador "required'"o declarar el propiedad como un valor que acepta valores NULL. [C:\Users\Paloma\Desktop\VecindApp_Todo\BACKEND\REST_VECINDAPP\REST_VECINDAPP.csproj]
C:\Users\Paloma\Desktop\VecindApp_Todo\BACKEND\REST_VECINDAPP\Modelos\DTOs\PagoTransbankRequest.cs(12,23): warning CS8618: El elemento propiedad "RutUsuario" que no acepta valores NULL debe contener un valor distinto de NULL al salir del constructor. Considere la posibilidad de agregar el modificador "required'"o declarar el propiedad como un valor que acepta valores NULL. [C:\Users\Paloma\Desktop\VecindApp_Todo\BACKEND\REST_VECINDAPP\REST_VECINDAPP.csproj]
C:\Users\Paloma\Desktop\VecindApp_Todo\BACKEND\REST_VECINDAPP\CapaNegocios\cn_Directiva.cs(263,49): warning CS8600: Se va a convertir un literal nulo o un posible valor nulo en un tipo que no acepta valores NULL [C:\Users\Paloma\Desktop\VecindApp_Todo\BACKEND\REST_VECINDAPP\REST_VECINDAPP.csproj]
C:\Users\Paloma\Desktop\VecindApp_Todo\BACKEND\REST_VECINDAPP\CapaNegocios\cn_Directiva.cs(264,58): warning CS8600: Se va a convertir un literal nulo o un posible valor nulo en un tipo que no acepta valores NULL [C:\Users\Paloma\Desktop\VecindApp_Todo\BACKEND\REST_VECINDAPP\REST_VECINDAPP.csproj]
C:\Users\Paloma\Desktop\VecindApp_Todo\BACKEND\REST_VECINDAPP\CapaNegocios\cn_Directiva.cs(265,58): warning CS8600: Se va a convertir un literal nulo o un posible valor nulo en un tipo que no acepta valores NULL [C:\Users\Paloma\Desktop\VecindApp_Todo\BACKEND\REST_VECINDAPP\REST_VECINDAPP.csproj]
C:\Users\Paloma\Desktop\VecindApp_Todo\BACKEND\REST_VECINDAPP\CapaNegocios\cn_Directiva.cs(271,45): warning CS8601: Posible asignaci├│n de referencia nula. [C:\Users\Paloma\Desktop\VecindApp_Todo\BACKEND\REST_VECINDAPP\REST_VECINDAPP.csproj]
C:\Users\Paloma\Desktop\VecindApp_Todo\BACKEND\REST_VECINDAPP\CapaNegocios\cn_Directiva.cs(273,46): warning CS8601: Posible asignaci├│n de referencia nula. [C:\Users\Paloma\Desktop\VecindApp_Todo\BACKEND\REST_VECINDAPP\REST_VECINDAPP.csproj]
C:\Users\Paloma\Desktop\VecindApp_Todo\BACKEND\REST_VECINDAPP\CapaNegocios\cn_Directiva.cs(274,48): warning CS8601: Posible asignaci├│n de referencia nula. [C:\Users\Paloma\Desktop\VecindApp_Todo\BACKEND\REST_VECINDAPP\REST_VECINDAPP.csproj]
C:\Users\Paloma\Desktop\VecindApp_Todo\BACKEND\REST_VECINDAPP\CapaNegocios\cn_Directiva.cs(275,49): warning CS8601: Posible asignaci├│n de referencia nula. [C:\Users\Paloma\Desktop\VecindApp_Todo\BACKEND\REST_VECINDAPP\REST_VECINDAPP.csproj]
C:\Users\Paloma\Desktop\VecindApp_Todo\BACKEND\REST_VECINDAPP\Modelos\DTOs\PagoDTO.cs(11,23): warning CS8618: El elemento propiedad "TipoCertificado" que no acepta valores NULL debe contener un valor distinto de NULL al salir del constructor. Considere la posibilidad de agregar el modificador "required'"o declarar el propiedad como un valor que acepta valores NULL. [C:\Users\Paloma\Desktop\VecindApp_Todo\BACKEND\REST_VECINDAPP\REST_VECINDAPP.csproj]
C:\Users\Paloma\Desktop\VecindApp_Todo\BACKEND\REST_VECINDAPP\Modelos\DTOs\PagoDTO.cs(17,23): warning CS8618: El elemento propiedad "UrlBase" que no acepta valores NULL debe contener un valor distinto de NULL al salir del constructor. Considere la posibilidad de agregar el modificador "required'"o declarar el propiedad como un valor que acepta valores NULL. [C:\Users\Paloma\Desktop\VecindApp_Todo\BACKEND\REST_VECINDAPP\REST_VECINDAPP.csproj]
C:\Users\Paloma\Desktop\VecindApp_Todo\BACKEND\REST_VECINDAPP\Modelos\DTOs\ConfigurarTarifaRequest.cs(16,23): warning CS8618: El elemento propiedad "MediosPago" que no acepta valores NULL debe contener un valor distinto de NULL al salir del constructor. Considere la posibilidad de agregar el modificador "required'"o declarar el propiedad como un valor que acepta valores NULL. [C:\Users\Paloma\Desktop\VecindApp_Todo\BACKEND\REST_VECINDAPP\REST_VECINDAPP.csproj]
C:\Users\Paloma\Desktop\VecindApp_Todo\BACKEND\REST_VECINDAPP\Modelos\DTOs\ConfiguracionDTO.cs(6,23): warning CS8618: El elemento propiedad "Clave" que no acepta valores NULL debe contener un valor distinto de NULL al salir del constructor. Considere la posibilidad de agregar el modificador "required'"o declarar el propiedad como un valor que acepta valores NULL. [C:\Users\Paloma\Desktop\VecindApp_Todo\BACKEND\REST_VECINDAPP\REST_VECINDAPP.csproj]
C:\Users\Paloma\Desktop\VecindApp_Todo\BACKEND\REST_VECINDAPP\Modelos\DTOs\ConfiguracionDTO.cs(7,23): warning CS8618: El elemento propiedad "Valor" que no acepta valores NULL debe contener un valor distinto de NULL al salir del constructor. Considere la posibilidad de agregar el modificador "required'"o declarar el propiedad como un valor que acepta valores NULL. [C:\Users\Paloma\Desktop\VecindApp_Todo\BACKEND\REST_VECINDAPP\REST_VECINDAPP.csproj]
C:\Users\Paloma\Desktop\VecindApp_Todo\BACKEND\REST_VECINDAPP\Modelos\DTOs\ConfiguracionDTO.cs(8,23): warning CS8618: El elemento propiedad "Descripcion" que no acepta valores NULL debe contener un valor distinto de NULL al salir del constructor. Considere la posibilidad de agregar el modificador "required'"o declarar el propiedad como un valor que acepta valores NULL. [C:\Users\Paloma\Desktop\VecindApp_Todo\BACKEND\REST_VECINDAPP\REST_VECINDAPP.csproj]
C:\Users\Paloma\Desktop\VecindApp_Todo\BACKEND\REST_VECINDAPP\Modelos\DTOs\CambioContrasenaDTO.cs(5,23): warning CS8618: El elemento propiedad "ContrasenaActual" que no acepta valores NULL debe contener un valor distinto de NULL al salir del constructor. Considere la posibilidad de agregar el modificador "required'"o declarar el propiedad como un valor que acepta valores NULL. [C:\Users\Paloma\Desktop\VecindApp_Todo\BACKEND\REST_VECINDAPP\REST_VECINDAPP.csproj]
C:\Users\Paloma\Desktop\VecindApp_Todo\BACKEND\REST_VECINDAPP\Modelos\DTOs\CambioContrasenaDTO.cs(6,23): warning CS8618: El elemento propiedad "NuevaContrasena" que no acepta valores NULL debe contener un valor distinto de NULL al salir del constructor. Considere la posibilidad de agregar el modificador "required'"o declarar el propiedad como un valor que acepta valores NULL. [C:\Users\Paloma\Desktop\VecindApp_Todo\BACKEND\REST_VECINDAPP\REST_VECINDAPP.csproj]
C:\Users\Paloma\Desktop\VecindApp_Todo\BACKEND\REST_VECINDAPP\CapaNegocios\cn_Eventos.cs(183,46): warning CS8601: Posible asignaci├│n de referencia nula. [C:\Users\Paloma\Desktop\VecindApp_Todo\BACKEND\REST_VECINDAPP\REST_VECINDAPP.csproj]
C:\Users\Paloma\Desktop\VecindApp_Todo\BACKEND\REST_VECINDAPP\CapaNegocios\cn_Eventos.cs(184,51): warning CS8601: Posible asignaci├│n de referencia nula. [C:\Users\Paloma\Desktop\VecindApp_Todo\BACKEND\REST_VECINDAPP\REST_VECINDAPP.csproj]
C:\Users\Paloma\Desktop\VecindApp_Todo\BACKEND\REST_VECINDAPP\CapaNegocios\cn_Eventos.cs(187,45): warning CS8601: Posible asignaci├│n de referencia nula. [C:\Users\Paloma\Desktop\VecindApp_Todo\BACKEND\REST_VECINDAPP\REST_VECINDAPP.csproj]
C:\Users\Paloma\Desktop\VecindApp_Todo\BACKEND\REST_VECINDAPP\CapaNegocios\cn_Eventos.cs(190,48): warning CS8601: Posible asignaci├│n de referencia nula. [C:\Users\Paloma\Desktop\VecindApp_Todo\BACKEND\REST_VECINDAPP\REST_VECINDAPP.csproj]
C:\Users\Paloma\Desktop\VecindApp_Todo\BACKEND\REST_VECINDAPP\CapaNegocios\cn_Eventos.cs(192,45): warning CS8601: Posible asignaci├│n de referencia nula. [C:\Users\Paloma\Desktop\VecindApp_Todo\BACKEND\REST_VECINDAPP\REST_VECINDAPP.csproj]
C:\Users\Paloma\Desktop\VecindApp_Todo\BACKEND\REST_VECINDAPP\Modelos\DTOs\ActualizacionUsuarioDTO.cs(5,23): warning CS8618: El elemento propiedad "Nombres" que no acepta valores NULL debe contener un valor distinto de NULL al salir del constructor. Considere la posibilidad de agregar el modificador "required'"o declarar el propiedad como un valor que acepta valores NULL. [C:\Users\Paloma\Desktop\VecindApp_Todo\BACKEND\REST_VECINDAPP\REST_VECINDAPP.csproj]
C:\Users\Paloma\Desktop\VecindApp_Todo\BACKEND\REST_VECINDAPP\Modelos\DTOs\ActualizacionUsuarioDTO.cs(6,23): warning CS8618: El elemento propiedad "Apellidos" que no acepta valores NULL debe contener un valor distinto de NULL al salir del constructor. Considere la posibilidad de agregar el modificador "required'"o declarar el propiedad como un valor que acepta valores NULL. [C:\Users\Paloma\Desktop\VecindApp_Todo\BACKEND\REST_VECINDAPP\REST_VECINDAPP.csproj]
C:\Users\Paloma\Desktop\VecindApp_Todo\BACKEND\REST_VECINDAPP\Modelos\DTOs\ActualizacionUsuarioDTO.cs(7,23): warning CS8618: El elemento propiedad "CorreoElectronico" que no acepta valores NULL debe contener un valor distinto de NULL al salir del constructor. Considere la posibilidad de agregar el modificador "required'"o declarar el propiedad como un valor que acepta valores NULL. [C:\Users\Paloma\Desktop\VecindApp_Todo\BACKEND\REST_VECINDAPP\REST_VECINDAPP.csproj]
C:\Users\Paloma\Desktop\VecindApp_Todo\BACKEND\REST_VECINDAPP\Modelos\DTOs\ActualizacionUsuarioDTO.cs(8,23): warning CS8618: El elemento propiedad "Telefono" que no acepta valores NULL debe contener un valor distinto de NULL al salir del constructor. Considere la posibilidad de agregar el modificador "required'"o declarar el propiedad como un valor que acepta valores NULL. [C:\Users\Paloma\Desktop\VecindApp_Todo\BACKEND\REST_VECINDAPP\REST_VECINDAPP.csproj]
C:\Users\Paloma\Desktop\VecindApp_Todo\BACKEND\REST_VECINDAPP\Modelos\DTOs\ActualizacionUsuarioDTO.cs(9,23): warning CS8618: El elemento propiedad "Direccion" que no acepta valores NULL debe contener un valor distinto de NULL al salir del constructor. Considere la posibilidad de agregar el modificador "required'"o declarar el propiedad como un valor que acepta valores NULL. [C:\Users\Paloma\Desktop\VecindApp_Todo\BACKEND\REST_VECINDAPP\REST_VECINDAPP.csproj]
C:\Users\Paloma\Desktop\VecindApp_Todo\BACKEND\REST_VECINDAPP\Modelos\DTOs\ActualizacionUsuarioDTO.cs(10,23): warning CS8618: El elemento propiedad "ApellidoMaterno" que no acepta valores NULL debe contener un valor distinto de NULL al salir del constructor. Considere la posibilidad de agregar el modificador "required'"o declarar el propiedad como un valor que acepta valores NULL. [C:\Users\Paloma\Desktop\VecindApp_Todo\BACKEND\REST_VECINDAPP\REST_VECINDAPP.csproj]
C:\Users\Paloma\Desktop\VecindApp_Todo\BACKEND\REST_VECINDAPP\Modelos\Certificados.cs(7,23): warning CS8618: El elemento propiedad "codigo_verificacion" que no acepta valores NULL debe contener un valor distinto de NULL al salir del constructor. Considere la posibilidad de agregar el modificador "required'"o declarar el propiedad como un valor que acepta valores NULL. [C:\Users\Paloma\Desktop\VecindApp_Todo\BACKEND\REST_VECINDAPP\REST_VECINDAPP.csproj]
C:\Users\Paloma\Desktop\VecindApp_Todo\BACKEND\REST_VECINDAPP\Modelos\Certificados.cs(10,23): warning CS8618: El elemento propiedad "archivo_pdf" que no acepta valores NULL debe contener un valor distinto de NULL al salir del constructor. Considere la posibilidad de agregar el modificador "required'"o declarar el propiedad como un valor que acepta valores NULL. [C:\Users\Paloma\Desktop\VecindApp_Todo\BACKEND\REST_VECINDAPP\REST_VECINDAPP.csproj]
C:\Users\Paloma\Desktop\VecindApp_Todo\BACKEND\REST_VECINDAPP\Modelos\Certificados.cs(11,23): warning CS8618: El elemento propiedad "estado" que no acepta valores NULL debe contener un valor distinto de NULL al salir del constructor. Considere la posibilidad de agregar el modificador "required'"o declarar el propiedad como un valor que acepta valores NULL. [C:\Users\Paloma\Desktop\VecindApp_Todo\BACKEND\REST_VECINDAPP\REST_VECINDAPP.csproj]
C:\Users\Paloma\Desktop\VecindApp_Todo\BACKEND\REST_VECINDAPP\Modelos\Certificados.cs(14,45): warning CS8618: El elemento propiedad "solicitud" que no acepta valores NULL debe contener un valor distinto de NULL al salir del constructor. Considere la posibilidad de agregar el modificador "required'"o declarar el propiedad como un valor que acepta valores NULL. [C:\Users\Paloma\Desktop\VecindApp_Todo\BACKEND\REST_VECINDAPP\REST_VECINDAPP.csproj]
C:\Users\Paloma\Desktop\VecindApp_Todo\BACKEND\REST_VECINDAPP\Modelos\AsistenciaEvento.cs(9,23): warning CS8618: El elemento propiedad "Nombre" que no acepta valores NULL debe contener un valor distinto de NULL al salir del constructor. Considere la posibilidad de agregar el modificador "required'"o declarar el propiedad como un valor que acepta valores NULL. [C:\Users\Paloma\Desktop\VecindApp_Todo\BACKEND\REST_VECINDAPP\REST_VECINDAPP.csproj]
C:\Users\Paloma\Desktop\VecindApp_Todo\BACKEND\REST_VECINDAPP\Modelos\AsistenciaEvento.cs(10,23): warning CS8618: El elemento propiedad "Apellido" que no acepta valores NULL debe contener un valor distinto de NULL al salir del constructor. Considere la posibilidad de agregar el modificador "required'"o declarar el propiedad como un valor que acepta valores NULL. [C:\Users\Paloma\Desktop\VecindApp_Todo\BACKEND\REST_VECINDAPP\REST_VECINDAPP.csproj]
C:\Users\Paloma\Desktop\VecindApp_Todo\BACKEND\REST_VECINDAPP\CapaNegocios\cn_Directiva.cs(315,43): warning CS8600: Se va a convertir un literal nulo o un posible valor nulo en un tipo que no acepta valores NULL [C:\Users\Paloma\Desktop\VecindApp_Todo\BACKEND\REST_VECINDAPP\REST_VECINDAPP.csproj]
C:\Users\Paloma\Desktop\VecindApp_Todo\BACKEND\REST_VECINDAPP\CapaNegocios\cn_Directiva.cs(332,20): warning CS8603: Posible tipo de valor devuelto de referencia nulo. [C:\Users\Paloma\Desktop\VecindApp_Todo\BACKEND\REST_VECINDAPP\REST_VECINDAPP.csproj]
C:\Users\Paloma\Desktop\VecindApp_Todo\BACKEND\REST_VECINDAPP\CapaNegocios\cn_Certificados.cs(232,20): warning CS8603: Posible tipo de valor devuelto de referencia nulo. [C:\Users\Paloma\Desktop\VecindApp_Todo\BACKEND\REST_VECINDAPP\REST_VECINDAPP.csproj]
C:\Users\Paloma\Desktop\VecindApp_Todo\BACKEND\REST_VECINDAPP\CapaNegocios\cn_Directiva.cs(352,49): warning CS8600: Se va a convertir un literal nulo o un posible valor nulo en un tipo que no acepta valores NULL [C:\Users\Paloma\Desktop\VecindApp_Todo\BACKEND\REST_VECINDAPP\REST_VECINDAPP.csproj]
C:\Users\Paloma\Desktop\VecindApp_Todo\BACKEND\REST_VECINDAPP\CapaNegocios\cn_Directiva.cs(353,58): warning CS8600: Se va a convertir un literal nulo o un posible valor nulo en un tipo que no acepta valores NULL [C:\Users\Paloma\Desktop\VecindApp_Todo\BACKEND\REST_VECINDAPP\REST_VECINDAPP.csproj]
C:\Users\Paloma\Desktop\VecindApp_Todo\BACKEND\REST_VECINDAPP\CapaNegocios\cn_Directiva.cs(354,58): warning CS8600: Se va a convertir un literal nulo o un posible valor nulo en un tipo que no acepta valores NULL [C:\Users\Paloma\Desktop\VecindApp_Todo\BACKEND\REST_VECINDAPP\REST_VECINDAPP.csproj]
C:\Users\Paloma\Desktop\VecindApp_Todo\BACKEND\REST_VECINDAPP\CapaNegocios\cn_Directiva.cs(361,45): warning CS8601: Posible asignaci├│n de referencia nula. [C:\Users\Paloma\Desktop\VecindApp_Todo\BACKEND\REST_VECINDAPP\REST_VECINDAPP.csproj]
C:\Users\Paloma\Desktop\VecindApp_Todo\BACKEND\REST_VECINDAPP\CapaNegocios\cn_Directiva.cs(363,46): warning CS8601: Posible asignaci├│n de referencia nula. [C:\Users\Paloma\Desktop\VecindApp_Todo\BACKEND\REST_VECINDAPP\REST_VECINDAPP.csproj]
C:\Users\Paloma\Desktop\VecindApp_Todo\BACKEND\REST_VECINDAPP\CapaNegocios\cn_Directiva.cs(364,48): warning CS8601: Posible asignaci├│n de referencia nula. [C:\Users\Paloma\Desktop\VecindApp_Todo\BACKEND\REST_VECINDAPP\REST_VECINDAPP.csproj]
C:\Users\Paloma\Desktop\VecindApp_Todo\BACKEND\REST_VECINDAPP\CapaNegocios\cn_Directiva.cs(365,49): warning CS8601: Posible asignaci├│n de referencia nula. [C:\Users\Paloma\Desktop\VecindApp_Todo\BACKEND\REST_VECINDAPP\REST_VECINDAPP.csproj]
C:\Users\Paloma\Desktop\VecindApp_Todo\BACKEND\REST_VECINDAPP\CapaNegocios\cn_Eventos.cs(313,46): warning CS8601: Posible asignaci├│n de referencia nula. [C:\Users\Paloma\Desktop\VecindApp_Todo\BACKEND\REST_VECINDAPP\REST_VECINDAPP.csproj]
C:\Users\Paloma\Desktop\VecindApp_Todo\BACKEND\REST_VECINDAPP\CapaNegocios\cn_Eventos.cs(316,45): warning CS8601: Posible asignaci├│n de referencia nula. [C:\Users\Paloma\Desktop\VecindApp_Todo\BACKEND\REST_VECINDAPP\REST_VECINDAPP.csproj]
C:\Users\Paloma\Desktop\VecindApp_Todo\BACKEND\REST_VECINDAPP\CapaNegocios\cn_Usuarios.cs(585,50): warning CS8600: Se va a convertir un literal nulo o un posible valor nulo en un tipo que no acepta valores NULL [C:\Users\Paloma\Desktop\VecindApp_Todo\BACKEND\REST_VECINDAPP\REST_VECINDAPP.csproj]
C:\Users\Paloma\Desktop\VecindApp_Todo\BACKEND\REST_VECINDAPP\CapaNegocios\cn_Usuarios.cs(586,40): warning CS8619: La nulabilidad de los tipos de referencia en el valor de tipo "(bool, string? mensaje)" no coincide con el tipo de destino "(bool Exito, string Mensaje)". [C:\Users\Paloma\Desktop\VecindApp_Todo\BACKEND\REST_VECINDAPP\REST_VECINDAPP.csproj]
C:\Users\Paloma\Desktop\VecindApp_Todo\BACKEND\REST_VECINDAPP\CapaNegocios\cn_MercadoPago.cs(69,24): warning CS8603: Posible tipo de valor devuelto de referencia nulo. [C:\Users\Paloma\Desktop\VecindApp_Todo\BACKEND\REST_VECINDAPP\REST_VECINDAPP.csproj]
C:\Users\Paloma\Desktop\VecindApp_Todo\BACKEND\REST_VECINDAPP\CapaNegocios\cn_Directiva.cs(405,49): warning CS8600: Se va a convertir un literal nulo o un posible valor nulo en un tipo que no acepta valores NULL [C:\Users\Paloma\Desktop\VecindApp_Todo\BACKEND\REST_VECINDAPP\REST_VECINDAPP.csproj]
C:\Users\Paloma\Desktop\VecindApp_Todo\BACKEND\REST_VECINDAPP\CapaNegocios\cn_Directiva.cs(406,58): warning CS8600: Se va a convertir un literal nulo o un posible valor nulo en un tipo que no acepta valores NULL [C:\Users\Paloma\Desktop\VecindApp_Todo\BACKEND\REST_VECINDAPP\REST_VECINDAPP.csproj]
C:\Users\Paloma\Desktop\VecindApp_Todo\BACKEND\REST_VECINDAPP\CapaNegocios\cn_Directiva.cs(407,58): warning CS8600: Se va a convertir un literal nulo o un posible valor nulo en un tipo que no acepta valores NULL [C:\Users\Paloma\Desktop\VecindApp_Todo\BACKEND\REST_VECINDAPP\REST_VECINDAPP.csproj]
C:\Users\Paloma\Desktop\VecindApp_Todo\BACKEND\REST_VECINDAPP\CapaNegocios\cn_Directiva.cs(415,45): warning CS8601: Posible asignaci├│n de referencia nula. [C:\Users\Paloma\Desktop\VecindApp_Todo\BACKEND\REST_VECINDAPP\REST_VECINDAPP.csproj]
C:\Users\Paloma\Desktop\VecindApp_Todo\BACKEND\REST_VECINDAPP\CapaNegocios\cn_Directiva.cs(417,46): warning CS8601: Posible asignaci├│n de referencia nula. [C:\Users\Paloma\Desktop\VecindApp_Todo\BACKEND\REST_VECINDAPP\REST_VECINDAPP.csproj]
C:\Users\Paloma\Desktop\VecindApp_Todo\BACKEND\REST_VECINDAPP\CapaNegocios\cn_Directiva.cs(418,48): warning CS8601: Posible asignaci├│n de referencia nula. [C:\Users\Paloma\Desktop\VecindApp_Todo\BACKEND\REST_VECINDAPP\REST_VECINDAPP.csproj]
C:\Users\Paloma\Desktop\VecindApp_Todo\BACKEND\REST_VECINDAPP\CapaNegocios\cn_Directiva.cs(419,49): warning CS8601: Posible asignaci├│n de referencia nula. [C:\Users\Paloma\Desktop\VecindApp_Todo\BACKEND\REST_VECINDAPP\REST_VECINDAPP.csproj]
C:\Users\Paloma\Desktop\VecindApp_Todo\BACKEND\REST_VECINDAPP\CapaNegocios\cn_MercadoPago.cs(122,23): warning CS8618: El elemento propiedad "Id" que no acepta valores NULL debe contener un valor distinto de NULL al salir del constructor. Considere la posibilidad de agregar el modificador "required'"o declarar el propiedad como un valor que acepta valores NULL. [C:\Users\Paloma\Desktop\VecindApp_Todo\BACKEND\REST_VECINDAPP\REST_VECINDAPP.csproj]
C:\Users\Paloma\Desktop\VecindApp_Todo\BACKEND\REST_VECINDAPP\CapaNegocios\cn_MercadoPago.cs(123,23): warning CS8618: El elemento propiedad "InitPoint" que no acepta valores NULL debe contener un valor distinto de NULL al salir del constructor. Considere la posibilidad de agregar el modificador "required'"o declarar el propiedad como un valor que acepta valores NULL. [C:\Users\Paloma\Desktop\VecindApp_Todo\BACKEND\REST_VECINDAPP\REST_VECINDAPP.csproj]
C:\Users\Paloma\Desktop\VecindApp_Todo\BACKEND\REST_VECINDAPP\CapaNegocios\cn_MercadoPago.cs(124,23): warning CS8618: El elemento propiedad "SandboxInitPoint" que no acepta valores NULL debe contener un valor distinto de NULL al salir del constructor. Considere la posibilidad de agregar el modificador "required'"o declarar el propiedad como un valor que acepta valores NULL. [C:\Users\Paloma\Desktop\VecindApp_Todo\BACKEND\REST_VECINDAPP\REST_VECINDAPP.csproj]
C:\Users\Paloma\Desktop\VecindApp_Todo\BACKEND\REST_VECINDAPP\CapaNegocios\cn_Directiva.cs(459,39): warning CS8600: Se va a convertir un literal nulo o un posible valor nulo en un tipo que no acepta valores NULL [C:\Users\Paloma\Desktop\VecindApp_Todo\BACKEND\REST_VECINDAPP\REST_VECINDAPP.csproj]
C:\Users\Paloma\Desktop\VecindApp_Todo\BACKEND\REST_VECINDAPP\CapaNegocios\cn_Directiva.cs(467,20): warning CS8603: Posible tipo de valor devuelto de referencia nulo. [C:\Users\Paloma\Desktop\VecindApp_Todo\BACKEND\REST_VECINDAPP\REST_VECINDAPP.csproj]
C:\Users\Paloma\Desktop\VecindApp_Todo\BACKEND\REST_VECINDAPP\CapaNegocios\cn_Eventos.cs(354,46): warning CS8601: Posible asignaci├│n de referencia nula. [C:\Users\Paloma\Desktop\VecindApp_Todo\BACKEND\REST_VECINDAPP\REST_VECINDAPP.csproj]
C:\Users\Paloma\Desktop\VecindApp_Todo\BACKEND\REST_VECINDAPP\CapaNegocios\cn_Eventos.cs(355,51): warning CS8601: Posible asignaci├│n de referencia nula. [C:\Users\Paloma\Desktop\VecindApp_Todo\BACKEND\REST_VECINDAPP\REST_VECINDAPP.csproj]
C:\Users\Paloma\Desktop\VecindApp_Todo\BACKEND\REST_VECINDAPP\CapaNegocios\cn_Eventos.cs(358,45): warning CS8601: Posible asignaci├│n de referencia nula. [C:\Users\Paloma\Desktop\VecindApp_Todo\BACKEND\REST_VECINDAPP\REST_VECINDAPP.csproj]
C:\Users\Paloma\Desktop\VecindApp_Todo\BACKEND\REST_VECINDAPP\CapaNegocios\cn_Eventos.cs(361,48): warning CS8601: Posible asignaci├│n de referencia nula. [C:\Users\Paloma\Desktop\VecindApp_Todo\BACKEND\REST_VECINDAPP\REST_VECINDAPP.csproj]
C:\Users\Paloma\Desktop\VecindApp_Todo\BACKEND\REST_VECINDAPP\CapaNegocios\cn_Eventos.cs(365,45): warning CS8601: Posible asignaci├│n de referencia nula. [C:\Users\Paloma\Desktop\VecindApp_Todo\BACKEND\REST_VECINDAPP\REST_VECINDAPP.csproj]
C:\Users\Paloma\Desktop\VecindApp_Todo\BACKEND\REST_VECINDAPP\CapaNegocios\cn_SolicitudesCertificado.cs(39,39): warning CS8600: Se va a convertir un literal nulo o un posible valor nulo en un tipo que no acepta valores NULL [C:\Users\Paloma\Desktop\VecindApp_Todo\BACKEND\REST_VECINDAPP\REST_VECINDAPP.csproj]
C:\Users\Paloma\Desktop\VecindApp_Todo\BACKEND\REST_VECINDAPP\CapaNegocios\cn_SolicitudesCertificado.cs(47,20): warning CS8603: Posible tipo de valor devuelto de referencia nulo. [C:\Users\Paloma\Desktop\VecindApp_Todo\BACKEND\REST_VECINDAPP\REST_VECINDAPP.csproj]
C:\Users\Paloma\Desktop\VecindApp_Todo\BACKEND\REST_VECINDAPP\CapaNegocios\cn_Directiva.cs(529,50): warning CS8600: Se va a convertir un literal nulo o un posible valor nulo en un tipo que no acepta valores NULL [C:\Users\Paloma\Desktop\VecindApp_Todo\BACKEND\REST_VECINDAPP\REST_VECINDAPP.csproj]
C:\Users\Paloma\Desktop\VecindApp_Todo\BACKEND\REST_VECINDAPP\CapaNegocios\cn_Directiva.cs(530,39): warning CS8600: Se va a convertir un literal nulo o un posible valor nulo en un tipo que no acepta valores NULL [C:\Users\Paloma\Desktop\VecindApp_Todo\BACKEND\REST_VECINDAPP\REST_VECINDAPP.csproj]
C:\Users\Paloma\Desktop\VecindApp_Todo\BACKEND\REST_VECINDAPP\CapaNegocios\cn_Eventos.cs(400,40): warning CS8619: La nulabilidad de los tipos de referencia en el valor de tipo "(bool, string?)" no coincide con el tipo de destino "(bool Exito, string Mensaje)". [C:\Users\Paloma\Desktop\VecindApp_Todo\BACKEND\REST_VECINDAPP\REST_VECINDAPP.csproj]
C:\Users\Paloma\Desktop\VecindApp_Todo\BACKEND\REST_VECINDAPP\CapaNegocios\cn_Directiva.cs(561,39): warning CS8600: Se va a convertir un literal nulo o un posible valor nulo en un tipo que no acepta valores NULL [C:\Users\Paloma\Desktop\VecindApp_Todo\BACKEND\REST_VECINDAPP\REST_VECINDAPP.csproj]
C:\Users\Paloma\Desktop\VecindApp_Todo\BACKEND\REST_VECINDAPP\CapaNegocios\cn_Directiva.cs(569,20): warning CS8603: Posible tipo de valor devuelto de referencia nulo. [C:\Users\Paloma\Desktop\VecindApp_Todo\BACKEND\REST_VECINDAPP\REST_VECINDAPP.csproj]
C:\Users\Paloma\Desktop\VecindApp_Todo\BACKEND\REST_VECINDAPP\CapaNegocios\cn_SolicitudesCertificado.cs(52,49): warning CS8600: Se va a convertir un literal nulo o un posible valor nulo en un tipo que no acepta valores NULL [C:\Users\Paloma\Desktop\VecindApp_Todo\BACKEND\REST_VECINDAPP\REST_VECINDAPP.csproj]
C:\Users\Paloma\Desktop\VecindApp_Todo\BACKEND\REST_VECINDAPP\CapaNegocios\cn_SolicitudesCertificado.cs(73,42): warning CS8601: Posible asignaci├│n de referencia nula. [C:\Users\Paloma\Desktop\VecindApp_Todo\BACKEND\REST_VECINDAPP\REST_VECINDAPP.csproj]
C:\Users\Paloma\Desktop\VecindApp_Todo\BACKEND\REST_VECINDAPP\CapaNegocios\cn_SolicitudesCertificado.cs(74,42): warning CS8601: Posible asignaci├│n de referencia nula. [C:\Users\Paloma\Desktop\VecindApp_Todo\BACKEND\REST_VECINDAPP\REST_VECINDAPP.csproj]
C:\Users\Paloma\Desktop\VecindApp_Todo\BACKEND\REST_VECINDAPP\CapaNegocios\cn_SolicitudesCertificado.cs(76,49): warning CS8601: Posible asignaci├│n de referencia nula. [C:\Users\Paloma\Desktop\VecindApp_Todo\BACKEND\REST_VECINDAPP\REST_VECINDAPP.csproj]
C:\Users\Paloma\Desktop\VecindApp_Todo\BACKEND\REST_VECINDAPP\CapaNegocios\cn_SolicitudesCertificado.cs(85,20): warning CS8603: Posible tipo de valor devuelto de referencia nulo. [C:\Users\Paloma\Desktop\VecindApp_Todo\BACKEND\REST_VECINDAPP\REST_VECINDAPP.csproj]
C:\Users\Paloma\Desktop\VecindApp_Todo\BACKEND\REST_VECINDAPP\CapaNegocios\cn_Eventos.cs(433,40): warning CS8619: La nulabilidad de los tipos de referencia en el valor de tipo "(bool, string?)" no coincide con el tipo de destino "(bool Exito, string Mensaje)". [C:\Users\Paloma\Desktop\VecindApp_Todo\BACKEND\REST_VECINDAPP\REST_VECINDAPP.csproj]
C:\Users\Paloma\Desktop\VecindApp_Todo\BACKEND\REST_VECINDAPP\CapaNegocios\cn_SolicitudesCertificado.cs(110,42): warning CS8601: Posible asignaci├│n de referencia nula. [C:\Users\Paloma\Desktop\VecindApp_Todo\BACKEND\REST_VECINDAPP\REST_VECINDAPP.csproj]
C:\Users\Paloma\Desktop\VecindApp_Todo\BACKEND\REST_VECINDAPP\CapaNegocios\cn_SolicitudesCertificado.cs(111,42): warning CS8601: Posible asignaci├│n de referencia nula. [C:\Users\Paloma\Desktop\VecindApp_Todo\BACKEND\REST_VECINDAPP\REST_VECINDAPP.csproj]
C:\Users\Paloma\Desktop\VecindApp_Todo\BACKEND\REST_VECINDAPP\CapaNegocios\cn_SolicitudesCertificado.cs(144,39): warning CS8600: Se va a convertir un literal nulo o un posible valor nulo en un tipo que no acepta valores NULL [C:\Users\Paloma\Desktop\VecindApp_Todo\BACKEND\REST_VECINDAPP\REST_VECINDAPP.csproj]
C:\Users\Paloma\Desktop\VecindApp_Todo\BACKEND\REST_VECINDAPP\CapaNegocios\cn_SolicitudesCertificado.cs(152,20): warning CS8603: Posible tipo de valor devuelto de referencia nulo. [C:\Users\Paloma\Desktop\VecindApp_Todo\BACKEND\REST_VECINDAPP\REST_VECINDAPP.csproj]
C:\Users\Paloma\Desktop\VecindApp_Todo\BACKEND\REST_VECINDAPP\CapaNegocios\cn_Socios.cs(38,39): warning CS8600: Se va a convertir un literal nulo o un posible valor nulo en un tipo que no acepta valores NULL [C:\Users\Paloma\Desktop\VecindApp_Todo\BACKEND\REST_VECINDAPP\REST_VECINDAPP.csproj]
C:\Users\Paloma\Desktop\VecindApp_Todo\BACKEND\REST_VECINDAPP\CapaNegocios\cn_Socios.cs(46,20): warning CS8603: Posible tipo de valor devuelto de referencia nulo. [C:\Users\Paloma\Desktop\VecindApp_Todo\BACKEND\REST_VECINDAPP\REST_VECINDAPP.csproj]
C:\Users\Paloma\Desktop\VecindApp_Todo\BACKEND\REST_VECINDAPP\CapaNegocios\cn_SolicitudesCertificado.cs(175,39): warning CS8600: Se va a convertir un literal nulo o un posible valor nulo en un tipo que no acepta valores NULL [C:\Users\Paloma\Desktop\VecindApp_Todo\BACKEND\REST_VECINDAPP\REST_VECINDAPP.csproj]
C:\Users\Paloma\Desktop\VecindApp_Todo\BACKEND\REST_VECINDAPP\CapaNegocios\cn_SolicitudesCertificado.cs(183,20): warning CS8603: Posible tipo de valor devuelto de referencia nulo. [C:\Users\Paloma\Desktop\VecindApp_Todo\BACKEND\REST_VECINDAPP\REST_VECINDAPP.csproj]
C:\Users\Paloma\Desktop\VecindApp_Todo\BACKEND\REST_VECINDAPP\CapaNegocios\cn_Socios.cs(51,43): warning CS8600: Se va a convertir un literal nulo o un posible valor nulo en un tipo que no acepta valores NULL [C:\Users\Paloma\Desktop\VecindApp_Todo\BACKEND\REST_VECINDAPP\REST_VECINDAPP.csproj]
C:\Users\Paloma\Desktop\VecindApp_Todo\BACKEND\REST_VECINDAPP\CapaNegocios\cn_Socios.cs(69,42): warning CS8601: Posible asignaci├│n de referencia nula. [C:\Users\Paloma\Desktop\VecindApp_Todo\BACKEND\REST_VECINDAPP\REST_VECINDAPP.csproj]
C:\Users\Paloma\Desktop\VecindApp_Todo\BACKEND\REST_VECINDAPP\CapaNegocios\cn_Socios.cs(70,51): warning CS8601: Posible asignaci├│n de referencia nula. [C:\Users\Paloma\Desktop\VecindApp_Todo\BACKEND\REST_VECINDAPP\REST_VECINDAPP.csproj]
C:\Users\Paloma\Desktop\VecindApp_Todo\BACKEND\REST_VECINDAPP\CapaNegocios\cn_Socios.cs(71,51): warning CS8601: Posible asignaci├│n de referencia nula. [C:\Users\Paloma\Desktop\VecindApp_Todo\BACKEND\REST_VECINDAPP\REST_VECINDAPP.csproj]
C:\Users\Paloma\Desktop\VecindApp_Todo\BACKEND\REST_VECINDAPP\CapaNegocios\cn_Socios.cs(73,51): warning CS8601: Posible asignaci├│n de referencia nula. [C:\Users\Paloma\Desktop\VecindApp_Todo\BACKEND\REST_VECINDAPP\REST_VECINDAPP.csproj]
C:\Users\Paloma\Desktop\VecindApp_Todo\BACKEND\REST_VECINDAPP\CapaNegocios\cn_Socios.cs(74,49): warning CS8601: Posible asignaci├│n de referencia nula. [C:\Users\Paloma\Desktop\VecindApp_Todo\BACKEND\REST_VECINDAPP\REST_VECINDAPP.csproj]
C:\Users\Paloma\Desktop\VecindApp_Todo\BACKEND\REST_VECINDAPP\CapaNegocios\cn_Socios.cs(83,20): warning CS8603: Posible tipo de valor devuelto de referencia nulo. [C:\Users\Paloma\Desktop\VecindApp_Todo\BACKEND\REST_VECINDAPP\REST_VECINDAPP.csproj]
C:\Users\Paloma\Desktop\VecindApp_Todo\BACKEND\REST_VECINDAPP\Controllers\UsuariosController.cs(192,31): warning CS8602: Desreferencia de una referencia posiblemente NULL. [C:\Users\Paloma\Desktop\VecindApp_Todo\BACKEND\REST_VECINDAPP\REST_VECINDAPP.csproj]
C:\Users\Paloma\Desktop\VecindApp_Todo\BACKEND\REST_VECINDAPP\Controllers\AutenticacionController.cs(97,66): warning CS8604: Posible argumento de referencia nulo para el par├ímetro "contrasena" en "(bool Exito, string Mensaje) cn_Usuarios.IniciarSesion(int rut, string contrasena)". [C:\Users\Paloma\Desktop\VecindApp_Todo\BACKEND\REST_VECINDAPP\REST_VECINDAPP.csproj]
C:\Users\Paloma\Desktop\VecindApp_Todo\BACKEND\REST_VECINDAPP\CapaNegocios\cn_SolicitudesCertificado.cs(209,42): warning CS8601: Posible asignaci├│n de referencia nula. [C:\Users\Paloma\Desktop\VecindApp_Todo\BACKEND\REST_VECINDAPP\REST_VECINDAPP.csproj]
C:\Users\Paloma\Desktop\VecindApp_Todo\BACKEND\REST_VECINDAPP\CapaNegocios\cn_SolicitudesCertificado.cs(210,42): warning CS8601: Posible asignaci├│n de referencia nula. [C:\Users\Paloma\Desktop\VecindApp_Todo\BACKEND\REST_VECINDAPP\REST_VECINDAPP.csproj]
C:\Users\Paloma\Desktop\VecindApp_Todo\BACKEND\REST_VECINDAPP\CapaNegocios\cn_SolicitudesCertificado.cs(212,49): warning CS8601: Posible asignaci├│n de referencia nula. [C:\Users\Paloma\Desktop\VecindApp_Todo\BACKEND\REST_VECINDAPP\REST_VECINDAPP.csproj]
C:\Users\Paloma\Desktop\VecindApp_Todo\BACKEND\REST_VECINDAPP\CapaNegocios\cn_Socios.cs(88,27): warning CS8600: Se va a convertir un literal nulo o un posible valor nulo en un tipo que no acepta valores NULL [C:\Users\Paloma\Desktop\VecindApp_Todo\BACKEND\REST_VECINDAPP\REST_VECINDAPP.csproj]
C:\Users\Paloma\Desktop\VecindApp_Todo\BACKEND\REST_VECINDAPP\CapaNegocios\cn_Socios.cs(122,20): warning CS8603: Posible tipo de valor devuelto de referencia nulo. [C:\Users\Paloma\Desktop\VecindApp_Todo\BACKEND\REST_VECINDAPP\REST_VECINDAPP.csproj]
C:\Users\Paloma\Desktop\VecindApp_Todo\BACKEND\REST_VECINDAPP\Controllers\AutenticacionController.cs(175,85): warning CS8604: Posible argumento de referencia nulo para el par├ímetro "correoElectronico" en "Task<(bool Exito, string Mensaje, int Rut)> cn_Usuarios.SolicitarRecuperacionClave(string correoElectronico)". [C:\Users\Paloma\Desktop\VecindApp_Todo\BACKEND\REST_VECINDAPP\REST_VECINDAPP.csproj]
C:\Users\Paloma\Desktop\VecindApp_Todo\BACKEND\REST_VECINDAPP\Controllers\CertificadosController.cs(94,40): warning CS8604: Posible argumento de referencia nulo para el par├ímetro "s" en "int int.Parse(string s)". [C:\Users\Paloma\Desktop\VecindApp_Todo\BACKEND\REST_VECINDAPP\REST_VECINDAPP.csproj]
C:\Users\Paloma\Desktop\VecindApp_Todo\BACKEND\REST_VECINDAPP\Controllers\AutenticacionController.cs(224,17): warning CS8604: Posible argumento de referencia nulo para el par├ímetro "token" en "(bool Exito, string Mensaje) cn_Usuarios.ConfirmarRecuperacionClave(int rut, string token, string nuevaContrasena)". [C:\Users\Paloma\Desktop\VecindApp_Todo\BACKEND\REST_VECINDAPP\REST_VECINDAPP.csproj]
C:\Users\Paloma\Desktop\VecindApp_Todo\BACKEND\REST_VECINDAPP\Controllers\AutenticacionController.cs(225,17): warning CS8604: Posible argumento de referencia nulo para el par├ímetro "nuevaContrasena" en "(bool Exito, string Mensaje) cn_Usuarios.ConfirmarRecuperacionClave(int rut, string token, string nuevaContrasena)". [C:\Users\Paloma\Desktop\VecindApp_Todo\BACKEND\REST_VECINDAPP\REST_VECINDAPP.csproj]
C:\Users\Paloma\Desktop\VecindApp_Todo\BACKEND\REST_VECINDAPP\Controllers\SociosController.cs(32,40): warning CS8600: Se va a convertir un literal nulo o un posible valor nulo en un tipo que no acepta valores NULL [C:\Users\Paloma\Desktop\VecindApp_Todo\BACKEND\REST_VECINDAPP\REST_VECINDAPP.csproj]
C:\Users\Paloma\Desktop\VecindApp_Todo\BACKEND\REST_VECINDAPP\Controllers\SociosController.cs(33,40): warning CS8600: Se va a convertir un literal nulo o un posible valor nulo en un tipo que no acepta valores NULL [C:\Users\Paloma\Desktop\VecindApp_Todo\BACKEND\REST_VECINDAPP\REST_VECINDAPP.csproj]
C:\Users\Paloma\Desktop\VecindApp_Todo\BACKEND\REST_VECINDAPP\Controllers\SociosController.cs(58,69): warning CS8604: Posible argumento de referencia nulo para el par├ímetro "rutaDocumentoIdentidad" en "string cn_Socios.SolicitarMembresia(int rut, string rutaDocumentoIdentidad, string rutaDocumentoDomicilio)". [C:\Users\Paloma\Desktop\VecindApp_Todo\BACKEND\REST_VECINDAPP\REST_VECINDAPP.csproj]
C:\Users\Paloma\Desktop\VecindApp_Todo\BACKEND\REST_VECINDAPP\Controllers\SociosController.cs(58,84): warning CS8604: Posible argumento de referencia nulo para el par├ímetro "rutaDocumentoDomicilio" en "string cn_Socios.SolicitarMembresia(int rut, string rutaDocumentoIdentidad, string rutaDocumentoDomicilio)". [C:\Users\Paloma\Desktop\VecindApp_Todo\BACKEND\REST_VECINDAPP\REST_VECINDAPP.csproj]
C:\Users\Paloma\Desktop\VecindApp_Todo\BACKEND\REST_VECINDAPP\Controllers\CertificadosController.cs(147,42): warning CS1998: El m├®todo asincr├│nico carece de operadores "await" y se ejecutar├í de forma sincr├│nica. Puede usar el operador 'await' para esperar llamadas API que no sean de bloqueo o 'await Task.Run(...)' para hacer tareas enlazadas a la CPU en un subproceso en segundo plano. [C:\Users\Paloma\Desktop\VecindApp_Todo\BACKEND\REST_VECINDAPP\REST_VECINDAPP.csproj]
C:\Users\Paloma\Desktop\VecindApp_Todo\BACKEND\REST_VECINDAPP\CapaNegocios\cn_Directiva.cs(699,39): warning CS8600: Se va a convertir un literal nulo o un posible valor nulo en un tipo que no acepta valores NULL [C:\Users\Paloma\Desktop\VecindApp_Todo\BACKEND\REST_VECINDAPP\REST_VECINDAPP.csproj]
C:\Users\Paloma\Desktop\VecindApp_Todo\BACKEND\REST_VECINDAPP\CapaNegocios\cn_Directiva.cs(707,20): warning CS8603: Posible tipo de valor devuelto de referencia nulo. [C:\Users\Paloma\Desktop\VecindApp_Todo\BACKEND\REST_VECINDAPP\REST_VECINDAPP.csproj]
C:\Users\Paloma\Desktop\VecindApp_Todo\BACKEND\REST_VECINDAPP\Controllers\CertificadosController.cs(187,97): warning CS8604: Posible argumento de referencia nulo para el par├ímetro "preferenciaId" en "Task<(bool Exito, string Mensaje)> cn_Certificados.ProcesarPagoCertificado(int solicitudId, string preferenciaId)". [C:\Users\Paloma\Desktop\VecindApp_Todo\BACKEND\REST_VECINDAPP\REST_VECINDAPP.csproj]
C:\Users\Paloma\Desktop\VecindApp_Todo\BACKEND\REST_VECINDAPP\Controllers\CertificadosController.cs(201,40): warning CS8604: Posible argumento de referencia nulo para el par├ímetro "s" en "int int.Parse(string s)". [C:\Users\Paloma\Desktop\VecindApp_Todo\BACKEND\REST_VECINDAPP\REST_VECINDAPP.csproj]
C:\Users\Paloma\Desktop\VecindApp_Todo\BACKEND\REST_VECINDAPP\Controllers\EventosController.cs(46,29): warning CS8601: Posible asignaci├│n de referencia nula. [C:\Users\Paloma\Desktop\VecindApp_Todo\BACKEND\REST_VECINDAPP\REST_VECINDAPP.csproj]
C:\Users\Paloma\Desktop\VecindApp_Todo\BACKEND\REST_VECINDAPP\Controllers\CertificadosController.cs(253,23): warning CS8618: El elemento propiedad "Type" que no acepta valores NULL debe contener un valor distinto de NULL al salir del constructor. Considere la posibilidad de agregar el modificador "required'"o declarar el propiedad como un valor que acepta valores NULL. [C:\Users\Paloma\Desktop\VecindApp_Todo\BACKEND\REST_VECINDAPP\REST_VECINDAPP.csproj]
C:\Users\Paloma\Desktop\VecindApp_Todo\BACKEND\REST_VECINDAPP\Controllers\CertificadosController.cs(254,23): warning CS8618: El elemento propiedad "Action" que no acepta valores NULL debe contener un valor distinto de NULL al salir del constructor. Considere la posibilidad de agregar el modificador "required'"o declarar el propiedad como un valor que acepta valores NULL. [C:\Users\Paloma\Desktop\VecindApp_Todo\BACKEND\REST_VECINDAPP\REST_VECINDAPP.csproj]
C:\Users\Paloma\Desktop\VecindApp_Todo\BACKEND\REST_VECINDAPP\Controllers\CertificadosController.cs(255,28): warning CS8618: El elemento propiedad "Data" que no acepta valores NULL debe contener un valor distinto de NULL al salir del constructor. Considere la posibilidad de agregar el modificador "required'"o declarar el propiedad como un valor que acepta valores NULL. [C:\Users\Paloma\Desktop\VecindApp_Todo\BACKEND\REST_VECINDAPP\REST_VECINDAPP.csproj]
C:\Users\Paloma\Desktop\VecindApp_Todo\BACKEND\REST_VECINDAPP\Controllers\AutenticacionController.cs(293,17): warning CS8604: Posible argumento de referencia nulo para el par├ímetro "nombreCompleto" en "(bool Exito, string Mensaje) cn_Usuarios.RecuperarClaveSimple(int rut, string nombreCompleto, string nuevaContrasena)". [C:\Users\Paloma\Desktop\VecindApp_Todo\BACKEND\REST_VECINDAPP\REST_VECINDAPP.csproj]
C:\Users\Paloma\Desktop\VecindApp_Todo\BACKEND\REST_VECINDAPP\Controllers\AutenticacionController.cs(294,17): warning CS8604: Posible argumento de referencia nulo para el par├ímetro "nuevaContrasena" en "(bool Exito, string Mensaje) cn_Usuarios.RecuperarClaveSimple(int rut, string nombreCompleto, string nuevaContrasena)". [C:\Users\Paloma\Desktop\VecindApp_Todo\BACKEND\REST_VECINDAPP\REST_VECINDAPP.csproj]
C:\Users\Paloma\Desktop\VecindApp_Todo\BACKEND\REST_VECINDAPP\Controllers\CertificadosController.cs(260,23): warning CS8618: El elemento propiedad "Id" que no acepta valores NULL debe contener un valor distinto de NULL al salir del constructor. Considere la posibilidad de agregar el modificador "required'"o declarar el propiedad como un valor que acepta valores NULL. [C:\Users\Paloma\Desktop\VecindApp_Todo\BACKEND\REST_VECINDAPP\REST_VECINDAPP.csproj]
C:\Users\Paloma\Desktop\VecindApp_Todo\BACKEND\REST_VECINDAPP\Controllers\CertificadosController.cs(261,23): warning CS8618: El elemento propiedad "Status" que no acepta valores NULL debe contener un valor distinto de NULL al salir del constructor. Considere la posibilidad de agregar el modificador "required'"o declarar el propiedad como un valor que acepta valores NULL. [C:\Users\Paloma\Desktop\VecindApp_Todo\BACKEND\REST_VECINDAPP\REST_VECINDAPP.csproj]
C:\Users\Paloma\Desktop\VecindApp_Todo\BACKEND\REST_VECINDAPP\Controllers\CertificadosController.cs(131,38): error CS0120: Se requiere una referencia de objeto para el campo, m├®todo o propiedad 'Transaction.Create(string, string, decimal, string)' no est├íticos [C:\Users\Paloma\Desktop\VecindApp_Todo\BACKEND\REST_VECINDAPP\REST_VECINDAPP.csproj]
    223 Advertencia(s)
    1 Errores

Tiempo transcurrido 00:00:02.02

Hay actualizaciones de carga de trabajo disponibles. Ejecute "dotnet workload list" para obtener m├ís informaci├│n.
